Archive member included to satisfy reference by file (symbol)

C:/Users/Carlitoz MF/Documents/Microcontroladores/CIAA-Github/tools/gcc-arm/bin/../lib/gcc/arm-none-eabi/15.2.1/thumb/v7e-m+fp/hard\libgcc.a(_aeabi_uldivmod.o)
                              out/03_External_Counter_MEF/libs/lpc_open/lpc_chip_43xx/src/i2s_18xx_43xx.o (__aeabi_uldivmod)
C:/Users/Carlitoz MF/Documents/Microcontroladores/CIAA-Github/tools/gcc-arm/bin/../lib/gcc/arm-none-eabi/15.2.1/thumb/v7e-m+fp/hard\libgcc.a(_udivmoddi4.o)
                              C:/Users/Carlitoz MF/Documents/Microcontroladores/CIAA-Github/tools/gcc-arm/bin/../lib/gcc/arm-none-eabi/15.2.1/thumb/v7e-m+fp/hard\libgcc.a(_aeabi_uldivmod.o) (__udivmoddi4)
C:/Users/Carlitoz MF/Documents/Microcontroladores/CIAA-Github/tools/gcc-arm/bin/../lib/gcc/arm-none-eabi/15.2.1/thumb/v7e-m+fp/hard\libgcc.a(_dvmd_tls.o)
                              C:/Users/Carlitoz MF/Documents/Microcontroladores/CIAA-Github/tools/gcc-arm/bin/../lib/gcc/arm-none-eabi/15.2.1/thumb/v7e-m+fp/hard\libgcc.a(_aeabi_uldivmod.o) (__aeabi_ldiv0)
C:/Users/Carlitoz MF/Documents/Microcontroladores/CIAA-Github/tools/gcc-arm/bin/../lib/gcc/arm-none-eabi/15.2.1/../../../../arm-none-eabi/lib/thumb/v7e-m+fp/hard\libc_nano.a(libc_a-memset.o)
                              out/03_External_Counter_MEF/libs/lpc_open/lpc_chip_43xx/src/clock_18xx_43xx.o (memset)
C:/Users/Carlitoz MF/Documents/Microcontroladores/CIAA-Github/tools/gcc-arm/bin/../lib/gcc/arm-none-eabi/15.2.1/../../../../arm-none-eabi/lib/thumb/v7e-m+fp/hard\libc_nano.a(libc_a-memcpy-stub.o)
                              out/03_External_Counter_MEF/libs/lpc_open/lpc_chip_43xx/src/ring_buffer.o (memcpy)

Discarded input sections

 .group         0x00000000        0xc out/03_External_Counter_MEF/libs/startup/src/startup.o
 .group         0x00000000        0xc out/03_External_Counter_MEF/libs/startup/src/startup.o
 .group         0x00000000        0xc out/03_External_Counter_MEF/libs/startup/src/startup.o
 .group         0x00000000        0xc out/03_External_Counter_MEF/libs/startup/src/startup.o
 .group         0x00000000        0xc out/03_External_Counter_MEF/libs/startup/src/startup.o
 .group         0x00000000        0xc out/03_External_Counter_MEF/libs/startup/src/startup.o
 .group         0x00000000        0xc out/03_External_Counter_MEF/libs/startup/src/startup.o
 .group         0x00000000        0xc out/03_External_Counter_MEF/projects/03_External_Counter_MEF/Core/Src/main.o
 .group         0x00000000        0xc out/03_External_Counter_MEF/projects/03_External_Counter_MEF/Core/Src/main.o
 .group         0x00000000        0xc out/03_External_Counter_MEF/projects/03_External_Counter_MEF/Core/Src/main.o
 .group         0x00000000        0xc out/03_External_Counter_MEF/projects/03_External_Counter_MEF/Core/Src/main.o
 .group         0x00000000        0xc out/03_External_Counter_MEF/projects/03_External_Counter_MEF/Core/Src/main.o
 .group         0x00000000        0xc out/03_External_Counter_MEF/projects/03_External_Counter_MEF/Core/Src/main.o
 .group         0x00000000        0xc out/03_External_Counter_MEF/projects/03_External_Counter_MEF/Core/Src/main.o
 .group         0x00000000        0xc out/03_External_Counter_MEF/projects/03_External_Counter_MEF/Core/Src/main.o
 .group         0x00000000        0xc out/03_External_Counter_MEF/projects/03_External_Counter_MEF/Core/Src/main.o
 .group         0x00000000        0xc out/03_External_Counter_MEF/projects/03_External_Counter_MEF/Core/Src/main.o
 .group         0x00000000        0xc out/03_External_Counter_MEF/projects/03_External_Counter_MEF/Core/Src/main.o
 .group         0x00000000        0xc out/03_External_Counter_MEF/projects/03_External_Counter_MEF/Core/Src/main.o
 .group         0x00000000        0xc out/03_External_Counter_MEF/projects/03_External_Counter_MEF/Core/Src/main.o
 .group         0x00000000        0xc out/03_External_Counter_MEF/projects/03_External_Counter_MEF/Core/Src/main.o
 .group         0x00000000        0xc out/03_External_Counter_MEF/projects/03_External_Counter_MEF/Core/Src/main.o
 .group         0x00000000        0xc out/03_External_Counter_MEF/projects/03_External_Counter_MEF/Core/Src/main.o
 .group         0x00000000        0xc out/03_External_Counter_MEF/projects/03_External_Counter_MEF/Core/Src/main.o
 .group         0x00000000        0xc out/03_External_Counter_MEF/projects/03_External_Counter_MEF/Core/Src/main.o
 .group         0x00000000        0xc out/03_External_Counter_MEF/projects/03_External_Counter_MEF/Core/Src/main.o
 .group         0x00000000        0xc out/03_External_Counter_MEF/projects/03_External_Counter_MEF/Core/Src/main.o
 .group         0x00000000        0xc out/03_External_Counter_MEF/projects/03_External_Counter_MEF/Core/Src/main.o
 .group         0x00000000        0xc out/03_External_Counter_MEF/projects/03_External_Counter_MEF/Core/Src/main.o
[...]
Memory Configuration

Name             Origin             Length             Attributes
MFlashA512       0x1a000000         0x00080000         xr
RamLoc32         0x10000000         0x00008000         xrw
RamLoc40         0x10080000         0x0000a000         xrw
*default*        0x00000000         0xffffffff

Linker script and memory map

LOAD out/03_External_Counter_MEF/libs/startup/src/startup.o
LOAD out/03_External_Counter_MEF/projects/03_External_Counter_MEF/Core/Src/main.o
LOAD out/03_External_Counter_MEF/libs/custom_drivers/ciaa_board/ciaa_board.o
LOAD out/03_External_Counter_MEF/libs/custom_drivers/gpio/gpio.o
LOAD out/03_External_Counter_MEF/libs/custom_drivers/led/led.o
LOAD out/03_External_Counter_MEF/libs/custom_drivers/sys_core/sys_core.o
LOAD out/03_External_Counter_MEF/libs/custom_drivers/systick/systick.o
LOAD out/03_External_Counter_MEF/libs/lpc_open/lpc_chip_43xx/src/adc_18xx_43xx.o
LOAD out/03_External_Counter_MEF/libs/lpc_open/lpc_chip_43xx/src/aes_18xx_43xx.o
LOAD out/03_External_Counter_MEF/libs/lpc_open/lpc_chip_43xx/src/atimer_18xx_43xx.o
LOAD out/03_External_Counter_MEF/libs/lpc_open/lpc_chip_43xx/src/ccan_18xx_43xx.o
LOAD out/03_External_Counter_MEF/libs/lpc_open/lpc_chip_43xx/src/chip_18xx_43xx.o
LOAD out/03_External_Counter_MEF/libs/lpc_open/lpc_chip_43xx/src/clock_18xx_43xx.o
LOAD out/03_External_Counter_MEF/libs/lpc_open/lpc_chip_43xx/src/dac_18xx_43xx.o
LOAD out/03_External_Counter_MEF/libs/lpc_open/lpc_chip_43xx/src/eeprom_18xx_43xx.o
LOAD out/03_External_Counter_MEF/libs/lpc_open/lpc_chip_43xx/src/emc_18xx_43xx.o
LOAD out/03_External_Counter_MEF/libs/lpc_open/lpc_chip_43xx/src/enet_18xx_43xx.o
LOAD out/03_External_Counter_MEF/libs/lpc_open/lpc_chip_43xx/src/evrt_18xx_43xx.o
LOAD out/03_External_Counter_MEF/libs/lpc_open/lpc_chip_43xx/src/gpdma_18xx_43xx.o
LOAD out/03_External_Counter_MEF/libs/lpc_open/lpc_chip_43xx/src/gpio_18xx_43xx.o
LOAD out/03_External_Counter_MEF/libs/lpc_open/lpc_chip_43xx/src/gpiogroup_18xx_43xx.o
LOAD out/03_External_Counter_MEF/libs/lpc_open/lpc_chip_43xx/src/i2c_18xx_43xx.o
LOAD out/03_External_Counter_MEF/libs/lpc_open/lpc_chip_43xx/src/i2cm_18xx_43xx.o
LOAD out/03_External_Counter_MEF/libs/lpc_open/lpc_chip_43xx/src/i2s_18xx_43xx.o
LOAD out/03_External_Counter_MEF/libs/lpc_open/lpc_chip_43xx/src/iap_18xx_43xx.o
LOAD out/03_External_Counter_MEF/libs/lpc_open/lpc_chip_43xx/src/lcd_18xx_43xx.o
LOAD out/03_External_Counter_MEF/libs/lpc_open/lpc_chip_43xx/src/otp_18xx_43xx.o
LOAD out/03_External_Counter_MEF/libs/lpc_open/lpc_chip_43xx/src/pinint_18xx_43xx.o
LOAD out/03_External_Counter_MEF/libs/lpc_open/lpc_chip_43xx/src/pmc_18xx_43xx.o
LOAD out/03_External_Counter_MEF/libs/lpc_open/lpc_chip_43xx/src/ring_buffer.o
LOAD out/03_External_Counter_MEF/libs/lpc_open/lpc_chip_43xx/src/ritimer_18xx_43xx.o
LOAD out/03_External_Counter_MEF/libs/lpc_open/lpc_chip_43xx/src/rtc_18xx_43xx.o
LOAD out/03_External_Counter_MEF/libs/lpc_open/lpc_chip_43xx/src/sct_18xx_43xx.o
LOAD out/03_External_Counter_MEF/libs/lpc_open/lpc_chip_43xx/src/sct_pwm_18xx_43xx.o
LOAD out/03_External_Counter_MEF/libs/lpc_open/lpc_chip_43xx/src/sdif_18xx_43xx.o
LOAD out/03_External_Counter_MEF/libs/lpc_open/lpc_chip_43xx/src/sdio_18xx_43xx.o
LOAD out/03_External_Counter_MEF/libs/lpc_open/lpc_chip_43xx/src/sdmmc_18xx_43xx.o
LOAD out/03_External_Counter_MEF/libs/lpc_open/lpc_chip_43xx/src/spi_18xx_43xx.o
LOAD out/03_External_Counter_MEF/libs/lpc_open/lpc_chip_43xx/src/ssp_18xx_43xx.o
LOAD out/03_External_Counter_MEF/libs/lpc_open/lpc_chip_43xx/src/stopwatch_18xx_43xx.o
LOAD out/03_External_Counter_MEF/libs/lpc_open/lpc_chip_43xx/src/sysinit_18xx_43xx.o
LOAD out/03_External_Counter_MEF/libs/lpc_open/lpc_chip_43xx/src/timer_18xx_43xx.o
LOAD out/03_External_Counter_MEF/libs/lpc_open/lpc_chip_43xx/src/uart_18xx_43xx.o
LOAD out/03_External_Counter_MEF/libs/lpc_open/lpc_chip_43xx/src/wwdt_18xx_43xx.o
START GROUP
LOAD C:/Users/Carlitoz MF/Documents/Microcontroladores/CIAA-Github/tools/gcc-arm/bin/../lib/gcc/arm-none-eabi/15.2.1/thumb/v7e-m+fp/hard\libgcc.a
LOAD C:/Users/Carlitoz MF/Documents/Microcontroladores/CIAA-Github/tools/gcc-arm/bin/../lib/gcc/arm-none-eabi/15.2.1/../../../../arm-none-eabi/lib/thumb/v7e-m+fp/hard\libc_nano.a
END GROUP
START GROUP
LOAD C:/Users/Carlitoz MF/Documents/Microcontroladores/CIAA-Github/tools/gcc-arm/bin/../lib/gcc/arm-none-eabi/15.2.1/thumb/v7e-m+fp/hard\libgcc.a
LOAD C:/Users/Carlitoz MF/Documents/Microcontroladores/CIAA-Github/tools/gcc-arm/bin/../lib/gcc/arm-none-eabi/15.2.1/../../../../arm-none-eabi/lib/thumb/v7e-m+fp/hard\libc_nano.a
END GROUP
                0x10008000                        __stack_end = 0x10008000

.text           0x1a000000     0xa8b4
 FILL mask 0xff
                0x1a000000                        __vectors_start__ = .
 *(.isr_vector)
 .isr_vector    0x1a000000       0x40 out/03_External_Counter_MEF/libs/startup/src/startup.o
                0x1a000000                g_pfnVectors
                0x000002fc                        . = 0x2fc
 *fill*         0x1a000040      0x2bc ff
 *(.crp)
 .crp           0x1a0002fc        0x4 out/03_External_Counter_MEF/libs/startup/src/startup.o
                0x1a0002fc                crp_symbol
 *(.text*)
 .text          0x1a000300       0x64 out/03_External_Counter_MEF/libs/startup/src/startup.o
                0x1a000300                Reset_Handler
                0x1a00035c                HardFault_Handler
                0x1a00035c                PendSV_Handler
                0x1a00035c                NMI_Handler
                0x1a00035c                UsageFault_Handler
                0x1a00035c                DebugMon_Handler
                0x1a00035c                Default_Handler
                0x1a00035c                MemManage_Handler
                0x1a00035c                SVC_Handler
                0x1a00035c                BusFault_Handler
 .text          0x1a000364      0x2f8 out/03_External_Counter_MEF/projects/03_External_Counter_MEF/Core/Src/main.o
                0x1a000364                main
                0x1a0003c0                App_DisplayOutput
                0x1a000424                App_ReadButtonDebounced
                0x1a00049a                App_DisplayClear
                0x1a0004d8                App_UpdateMEF
 .text          0x1a00065c      0x10c out/03_External_Counter_MEF/libs/custom_drivers/ciaa_board/ciaa_board.o
                0x1a00065c                CIAA_Board_Init
                0x1a0006c4                CIAA_LED_Set
                0x1a000700                CIAA_LED_Toggle
                0x1a000730                CIAA_TEC_Get
 .text          0x1a000768      0x278 out/03_External_Counter_MEF/libs/custom_drivers/gpio/gpio.o
                0x1a0008ac                GPIO_Init
                0x1a000960                GPIO_Write
                0x1a000994                GPIO_Read
                0x1a0009bc                GPIO_Toggle
 .text          0x1a0009e0       0x9e out/03_External_Counter_MEF/libs/custom_drivers/led/led.o
                0x1a0009e0                LED_Init_Array
                0x1a000a22                LED_Set
                0x1a000a54                LED_Toggle
 .text          0x1a000a7e       0x20 out/03_External_Counter_MEF/libs/custom_drivers/sys_core/sys_core.o
                0x1a000a7e                Sys_Init
 *fill*         0x1a000a9e        0x2 ff
 .text          0x1a000aa0      0x130 out/03_External_Counter_MEF/libs/custom_drivers/systick/systick.o
                0x1a000b38                SysTick_Handler
                0x1a000b54                SysTick_Init
                0x1a000b8c                SysTick_GetTicks
                0x1a000ba0                SysTick_Delay
 .text          0x1a000bd0      0x440 out/03_External_Counter_MEF/libs/lpc_open/lpc_chip_43xx/src/adc_18xx_43xx.o
                0x1a000c6e                setStartMode
                0x1a000c9a                readAdcVal
                0x1a000cda                Chip_ADC_Init
                0x1a000d60                Chip_ADC_DeInit
                0x1a000d8c                Chip_ADC_ReadValue
                0x1a000db0                Chip_ADC_ReadStatus
                0x1a000e2a                Chip_ADC_Int_SetChannelCmd
                0x1a000e72                Chip_ADC_SetStartMode
                0x1a000ec0                Chip_ADC_SetSampleRate
                0x1a000f22                Chip_ADC_SetResolution
                0x1a000f4c                Chip_ADC_EnableChannel
                0x1a000fa0                Chip_ADC_SetBurstCmd
                0x1a000fdc                Chip_ADC_ReadByte
 .text          0x1a001010      0x290 out/03_External_Counter_MEF/libs/lpc_open/lpc_chip_43xx/src/aes_18xx_43xx.o
                0x1a001010                Chip_AES_Init
                0x1a001124                Chip_AES_SetMode
                0x1a001148                Chip_AES_LoadKey
                0x1a001174                Chip_AES_LoadKeyRNG
                0x1a001188                Chip_AES_LoadKeySW
                0x1a0011a4                Chip_AES_LoadIV_SW
                0x1a0011c0                Chip_AES_LoadIV_IC
                0x1a0011d4                Chip_AES_Operate
                0x1a0011fc                Chip_AES_ProgramKey
                0x1a001234                Chip_AES_Config_DMA
                0x1a001254                Chip_AES_OperateDMA
                0x1a001280                Chip_AES_GetStatusDMA
 .text          0x1a0012a0       0x8a out/03_External_Counter_MEF/libs/lpc_open/lpc_chip_43xx/src/atimer_18xx_43xx.o
                0x1a0012ee                Chip_ATIMER_Init
                0x1a00130e                Chip_ATIMER_DeInit
 *fill*         0x1a00132a        0x2 ff
 .text          0x1a00132c      0x810 out/03_External_Counter_MEF/libs/lpc_open/lpc_chip_43xx/src/ccan_18xx_43xx.o
                0x1a0014d0                Chip_CCAN_Init
                0x1a00151a                Chip_CCAN_DeInit
                0x1a001538                Chip_CCAN_SetBitRate
                0x1a0015f4                Chip_CCAN_ClearStatus
                0x1a00161e                Chip_CCAN_SetMsgObject
                0x1a00181c                Chip_CCAN_GetMsgObject
                0x1a001942                Chip_CCAN_TransferMsgObject
                0x1a0019aa                Chip_CCAN_SetValidMsg
                0x1a001a2a                Chip_CCAN_Send
                0x1a001a9a                Chip_CCAN_AddReceiveID
                0x1a001ae2                Chip_CCAN_DeleteReceiveID
 .text          0x1a001b3c       0xf0 out/03_External_Counter_MEF/libs/lpc_open/lpc_chip_43xx/src/chip_18xx_43xx.o
                0x1a001b9c                Chip_USB0_Init
                0x1a001bca                Chip_USB1_Init
                0x1a001c14                SystemCoreClockUpdate
 .text          0x1a001c2c     0x1050 out/03_External_Counter_MEF/libs/lpc_open/lpc_chip_43xx/src/clock_18xx_43xx.o
                0x1a00201c                Chip_Clock_EnableCrystal
                0x1a00208c                Chip_Clock_CalcMainPLLValue
                0x1a002164                Chip_Clock_DisableCrystal
                0x1a002180                Chip_Clock_SetupMainPLLHz
                0x1a0022a6                Chip_Clock_SetupMainPLLMult
                0x1a0023a8                Chip_Clock_GetMainPLLHz
                0x1a002464                Chip_Clock_SetDivider
                0x1a0024e8                Chip_Clock_GetDividerSource
                0x1a002528                Chip_Clock_GetDividerDivisor
                0x1a00255c                Chip_Clock_GetClockInputHz
                0x1a0026c8                Chip_Clock_GetBaseClocktHz
                0x1a0026ec                Chip_Clock_SetBaseClock
                0x1a002788                Chip_Clock_GetBaseClockOpts
                0x1a0027fc                Chip_Clock_EnableBaseClock
                0x1a002838                Chip_Clock_DisableBaseClock
                0x1a002874                Chip_Clock_IsBaseClockEnabled
                0x1a0028b4                Chip_Clock_GetBaseClock
                0x1a002900                Chip_Clock_EnableOpts
                0x1a00297c                Chip_Clock_Enable
                0x1a0029dc                Chip_Clock_RTCEnable
                0x1a002a04                Chip_Clock_Disable
                0x1a002a64                Chip_Clock_StartPowerDown
                0x1a002a84                Chip_Clock_ClearPowerDown
                0x1a002aa4                Chip_Clock_GetRate
                0x1a002b2c                Chip_Clock_GetEMCRate
                0x1a002b74                Chip_Clock_SetupPLL
                0x1a002bf0                Chip_Clock_EnablePLL
                0x1a002c24                Chip_Clock_DisablePLL
                0x1a002c58                Chip_Clock_GetPLLStatus
 .text          0x1a002c7c       0x9c out/03_External_Counter_MEF/libs/lpc_open/lpc_chip_43xx/src/dac_18xx_43xx.o
                0x1a002c7c                Chip_DAC_Init
                0x1a002ca0                Chip_DAC_DeInit
                0x1a002cb6                Chip_DAC_UpdateValue
                0x1a002ce6                Chip_DAC_SetBias
 .text          0x1a002d18      0x168 out/03_External_Counter_MEF/libs/lpc_open/lpc_chip_43xx/src/eeprom_18xx_43xx.o
                0x1a002e02                Chip_EEPROM_Init
                0x1a002e24                Chip_EEPROM_EraseProgramPage
                0x1a002e4c                Chip_EEPROM_WaitForIntStatus
 .text          0x1a002e80      0x5a8 out/03_External_Counter_MEF/libs/lpc_open/lpc_chip_43xx/src/emc_18xx_43xx.o
                0x1a002f34                initDynMem
                0x1a003204                initStaticMem
                0x1a0032b2                Chip_EMC_Dynamic_Init
                0x1a0032d8                Chip_EMC_Dynamic_Enable
                0x1a003310                Chip_EMC_Static_Init
                0x1a003334                Chip_EMC_Mirror
                0x1a00336c                Chip_EMC_Enable
                0x1a0033a4                Chip_EMC_LowPowerMode
                0x1a0033dc                Chip_EMC_Init
 .text          0x1a003428      0x32c out/03_External_Counter_MEF/libs/lpc_open/lpc_chip_43xx/src/enet_18xx_43xx.o
                0x1a003578                Chip_ENET_Init
                0x1a003610                Chip_ENET_DeInit
                0x1a003646                Chip_ENET_SetupMII
                0x1a003670                Chip_ENET_StartMIIWrite
                0x1a0036b4                Chip_ENET_StartMIIRead
                0x1a0036e8                Chip_ENET_SetDuplex
                0x1a00371e                Chip_ENET_SetSpeed
 .text          0x1a003754      0x1b0 out/03_External_Counter_MEF/libs/lpc_open/lpc_chip_43xx/src/evrt_18xx_43xx.o
                0x1a003754                Chip_EVRT_Init
                0x1a0037a4                Chip_EVRT_ConfigIntSrcActiveType
                0x1a003890                Chip_EVRT_SetUpIntSrc
                0x1a0038d0                Chip_EVRT_IsSourceInterrupting
 .text          0x1a003904      0xb6c out/03_External_Counter_MEF/libs/lpc_open/lpc_chip_43xx/src/gpdma_18xx_43xx.o
                0x1a003c28                makeCtrlWord
                0x1a003d54                setupChannel
                0x1a003e10                Chip_GPDMA_Init
                0x1a003e7c                Chip_GPDMA_DeInit
                0x1a003e92                Chip_GPDMA_Stop
                0x1a003efc                Chip_GPDMA_Interrupt
                0x1a003f68                Chip_GPDMA_InitChannelCfg
                0x1a004050                Chip_GPDMA_IntGetStatus
                0x1a004110                Chip_GPDMA_ClearIntPending
                0x1a00414e                Chip_GPDMA_ChannelCmd
                0x1a004194                Chip_GPDMA_Transfer
                0x1a004288                Chip_GPDMA_PrepareDescriptor
                0x1a00434c                Chip_GPDMA_SGTransfer
                0x1a00441a                Chip_GPDMA_GetFreeChannel
 .text          0x1a004470       0x24 out/03_External_Counter_MEF/libs/lpc_open/lpc_chip_43xx/src/gpio_18xx_43xx.o
                0x1a004470                Chip_GPIO_Init
                0x1a004482                Chip_GPIO_DeInit
 .text          0x1a004494        0x0 out/03_External_Counter_MEF/libs/lpc_open/lpc_chip_43xx/src/gpiogroup_18xx_43xx.o
 .text          0x1a004494      0xbe0 out/03_External_Counter_MEF/libs/lpc_open/lpc_chip_43xx/src/i2c_18xx_43xx.o
                0x1a0046f6                handleMasterXferState
                0x1a00487c                getSlaveIndex
                0x1a0048d0                handleSlaveXferState
                0x1a004a4e                Chip_I2C_EventHandler
                0x1a004a98                Chip_I2C_EventHandlerPolling
                0x1a004af8                Chip_I2C_Init
                0x1a004b2c                Chip_I2C_DeInit
                0x1a004b60                Chip_I2C_SetClockRate
                0x1a004bc8                Chip_I2C_GetClockRate
                0x1a004c10                Chip_I2C_SetMasterEventHandler
                0x1a004c58                Chip_I2C_GetMasterEventHandler
                0x1a004c84                Chip_I2C_MasterTransfer
                0x1a004d20                Chip_I2C_MasterSend
                0x1a004d78                Chip_I2C_MasterCmdRead
                0x1a004dd6                Chip_I2C_MasterRead
                0x1a004e2a                Chip_I2C_IsMasterActive
                0x1a004e58                Chip_I2C_MasterStateHandler
                0x1a004eb8                Chip_I2C_SlaveSetup
                0x1a004f54                Chip_I2C_SlaveStateHandler
                0x1a005014                Chip_I2C_Disable
                0x1a005040                Chip_I2C_IsStateChanged
 .text          0x1a005074      0x4e8 out/03_External_Counter_MEF/libs/lpc_open/lpc_chip_43xx/src/i2cm_18xx_43xx.o
                0x1a005170                Chip_I2CM_Init
                0x1a005194                Chip_I2CM_DeInit
                0x1a0051b8                Chip_I2CM_SetBusSpeed
                0x1a0051fe                Chip_I2CM_XferHandler
                0x1a0053d0                Chip_I2CM_Xfer
                0x1a0053f4                Chip_I2CM_XferBlocking
                0x1a005434                Chip_I2CM_Write
                0x1a0054c8                Chip_I2CM_Read
 .text          0x1a00555c      0x626 out/03_External_Counter_MEF/libs/lpc_open/lpc_chip_43xx/src/i2s_18xx_43xx.o
                0x1a005850                Chip_I2S_Init
                0x1a005866                Chip_I2S_DeInit
                0x1a0058aa                Chip_I2S_TxConfig
                0x1a00595c                Chip_I2S_RxConfig
                0x1a005a0e                Chip_I2S_Int_TxCmd
                0x1a005a6a                Chip_I2S_Int_RxCmd
                0x1a005ac6                Chip_I2S_DMA_TxCmd
                0x1a005b24                Chip_I2S_DMA_RxCmd
 *fill*         0x1a005b82        0x2 ff
 .text          0x1a005b84      0x2d8 out/03_External_Counter_MEF/libs/lpc_open/lpc_chip_43xx/src/iap_18xx_43xx.o
                0x1a005ba4                Chip_IAP_Init
                0x1a005bcc                Chip_IAP_PreSectorForReadWrite
                0x1a005c06                Chip_IAP_CopyRamToFlash
                0x1a005c54                Chip_IAP_EraseSector
                0x1a005ca4                Chip_IAP_BlankCheckSector
                0x1a005cde                Chip_IAP_ReadPID
                0x1a005d00                Chip_IAP_ReadBootCode
                0x1a005d24                Chip_IAP_Compare
                0x1a005d5c                Chip_IAP_ReinvokeISP
                0x1a005d80                Chip_IAP_ReadUID
                0x1a005dd0                Chip_IAP_ErasePage
                0x1a005e18                Chip_IAP_SetBootFlashBank
 .text          0x1a005e5c      0x3a4 out/03_External_Counter_MEF/libs/lpc_open/lpc_chip_43xx/src/lcd_18xx_43xx.o
                0x1a005e5c                Chip_LCD_Init
                0x1a00604c                Chip_LCD_DeInit
                0x1a006062                Chip_LCD_Cursor_Config
                0x1a0060a0                Chip_LCD_Cursor_WriteImage
                0x1a006110                Chip_LCD_LoadPalette
 .text          0x1a006200      0x1d4 out/03_External_Counter_MEF/libs/lpc_open/lpc_chip_43xx/src/otp_18xx_43xx.o
                0x1a006200                Chip_OTP_Init
                0x1a0062d0                Chip_OTP_ProgBootSrc
                0x1a0062f4                Chip_OTP_ProgJTAGDis
                0x1a006308                Chip_OTP_ProgUSBID
                0x1a00632c                Chip_OTP_ProgGPWord
                0x1a006388                Chip_OTP_ProgKey
                0x1a0063c0                Chip_OTP_GenRand
 .text          0x1a0063d4        0x0 out/03_External_Counter_MEF/libs/lpc_open/lpc_chip_43xx/src/pinint_18xx_43xx.o
 .text          0x1a0063d4       0x38 out/03_External_Counter_MEF/libs/lpc_open/lpc_chip_43xx/src/pmc_18xx_43xx.o
                0x1a0063d4                Chip_PMC_Sleep
                0x1a0063e2                Chip_PMC_Set_PwrState
 .text          0x1a00640c      0x3c2 out/03_External_Counter_MEF/libs/lpc_open/lpc_chip_43xx/src/ring_buffer.o
                0x1a006498                RingBuffer_Init
                0x1a0064d2                RingBuffer_Insert
                0x1a00652e                RingBuffer_InsertMult
                0x1a006650                RingBuffer_Pop
                0x1a0066ac                RingBuffer_PopMult
 *fill*         0x1a0067ce        0x2 ff
 .text          0x1a0067d0       0xf4 out/03_External_Counter_MEF/libs/lpc_open/lpc_chip_43xx/src/ritimer_18xx_43xx.o
                0x1a00680a                Chip_RIT_Init
                0x1a006840                Chip_RIT_DeInit
                0x1a00685c                Chip_RIT_SetTimerInterval
                0x1a00689c                Chip_RIT_GetIntStatus
 .text          0x1a0068c4      0x3e0 out/03_External_Counter_MEF/libs/lpc_open/lpc_chip_43xx/src/rtc_18xx_43xx.o
                0x1a0068c4                Chip_RTC_Init
                0x1a006928                Chip_RTC_DeInit
                0x1a006940                Chip_RTC_ResetClockTickCounter
                0x1a006988                Chip_RTC_Enable
                0x1a0069be                Chip_RTC_CntIncrIntConfig
                0x1a006a08                Chip_RTC_AlarmIntConfig
                0x1a006a52                Chip_RTC_SetFullTime
                0x1a006aaa                Chip_RTC_GetFullTime
                0x1a006b02                Chip_RTC_SetFullAlarmTime
                0x1a006b3c                Chip_RTC_GetFullAlarmTime
                0x1a006b76                Chip_RTC_CalibCounterCmd
                0x1a006bb8                Chip_RTC_EV_GetFirstTimeStamp
                0x1a006c2e                Chip_RTC_EV_GetLastTimeStamp
 .text          0x1a006ca4       0xbc out/03_External_Counter_MEF/libs/lpc_open/lpc_chip_43xx/src/sct_18xx_43xx.o
                0x1a006ca4                Chip_SCT_Init
                0x1a006cc0                Chip_SCT_DeInit
                0x1a006cd6                Chip_SCT_SetClrControl
                0x1a006d14                Chip_SCT_SetConflictResolution
 .text          0x1a006d60      0x1ac out/03_External_Counter_MEF/libs/lpc_open/lpc_chip_43xx/src/sct_pwm_18xx_43xx.o
                0x1a006e06                Chip_SCTPWM_SetOutPin
                0x1a006e9c                Chip_SCTPWM_SetRate
 .text          0x1a006f0c      0x2b8 out/03_External_Counter_MEF/libs/lpc_open/lpc_chip_43xx/src/sdif_18xx_43xx.o
                0x1a006f0c                Chip_SDIF_Init
                0x1a006f84                Chip_SDIF_DeInit
                0x1a006f9a                Chip_SDIF_SendCmd
                0x1a007006                Chip_SDIF_GetResponse
                0x1a007040                Chip_SDIF_SetClock
                0x1a0070b0                Chip_SDIF_SetClearIntFifo
                0x1a0070e4                Chip_SDIF_DmaSetup
 .text          0x1a0071c4      0xa48 out/03_External_Counter_MEF/libs/lpc_open/lpc_chip_43xx/src/sdio_18xx_43xx.o
                0x1a0073c2                SDIO_Card_SetBlockSize
                0x1a007468                SDIO_Card_GetBlockSize
                0x1a0074a0                SDIO_Card_WriteData
                0x1a0075a4                SDIO_Card_ReadData
                0x1a0076a8                SDIO_Card_EnableInt
                0x1a007728                SDIO_Card_DisableInt
                0x1a0077b4                SDIO_Card_Init
                0x1a0078d0                SDIO_Write_Direct
                0x1a007940                SDIO_WriteRead_Direct
                0x1a0079ac                SDIO_Read_Direct
                0x1a007a18                SDIO_Setup_Callback
                0x1a007a44                SDIO_Send_Command
                0x1a007af0                SDIO_Handler
 .text          0x1a007c0c      0xc9c out/03_External_Counter_MEF/libs/lpc_open/lpc_chip_43xx/src/sdmmc_18xx_43xx.o
                0x1a00824c                Chip_SDMMC_GetState
                0x1a00829c                Chip_SDMMC_Acquire
                0x1a0086c0                Chip_SDMMC_GetDeviceSize
                0x1a0086e0                Chip_SDMMC_GetDeviceBlocks
                0x1a008700                Chip_SDMMC_ReadBlocks
                0x1a0087d0                Chip_SDMMC_WriteBlocks
 .text          0x1a0088a8      0x414 out/03_External_Counter_MEF/libs/lpc_open/lpc_chip_43xx/src/spi_18xx_43xx.o
                0x1a008a4c                Chip_SPI_RWFrames_Blocking
                0x1a008b08                Chip_SPI_Int_FlushData
                0x1a008b32                Chip_SPI_Int_RWFrames
                0x1a008bd8                Chip_SPI_Int_RWFrames8Bits
                0x1a008bf6                Chip_SPI_Int_RWFrames16Bits
                0x1a008c14                Chip_SPI_SetBitRate
                0x1a008c60                Chip_SPI_Init
                0x1a008ca4                Chip_SPI_DeInit
 .text          0x1a008cbc      0x8f8 out/03_External_Counter_MEF/libs/lpc_open/lpc_chip_43xx/src/ssp_18xx_43xx.o
                0x1a008f88                Chip_SSP_SetClockRate
                0x1a008fbc                Chip_SSP_RWFrames_Blocking
                0x1a0090c2                Chip_SSP_WriteFrames_Blocking
                0x1a0091f4                Chip_SSP_ReadFrames_Blocking
                0x1a009338                Chip_SSP_Int_FlushData
                0x1a009384                Chip_SSP_Int_RWFrames8Bits
                0x1a00940c                Chip_SSP_Int_RWFrames16Bits
                0x1a009494                Chip_SSP_SetMaster
                0x1a0094c0                Chip_SSP_SetBitRate
                0x1a009534                Chip_SSP_Init
                0x1a009580                Chip_SSP_DeInit
 .text          0x1a0095b4      0x16c out/03_External_Counter_MEF/libs/lpc_open/lpc_chip_43xx/src/stopwatch_18xx_43xx.o
                0x1a009602                StopWatch_Init
                0x1a009678                StopWatch_Start
                0x1a00968c                StopWatch_TicksPerSecond
                0x1a0096a0                StopWatch_TicksToMs
                0x1a0096c0                StopWatch_TicksToUs
                0x1a0096e0                StopWatch_MsToTicks
                0x1a009700                StopWatch_UsToTicks
 .text          0x1a009720      0x204 out/03_External_Counter_MEF/libs/lpc_open/lpc_chip_43xx/src/sysinit_18xx_43xx.o
                0x1a0097a0                Chip_SetupCoreClock
                0x1a0098e8                Chip_SetupXtalClocking
                0x1a009900                Chip_SetupIrcClocking
                0x1a009918                Chip_SystemInit
 .text          0x1a009924      0x138 out/03_External_Counter_MEF/libs/lpc_open/lpc_chip_43xx/src/timer_18xx_43xx.o
                0x1a009974                Chip_TIMER_Init
                0x1a009992                Chip_TIMER_DeInit
                0x1a0099b0                Chip_TIMER_Reset
                0x1a0099ea                Chip_TIMER_ExtMatchControlSet
 .text          0x1a009a5c      0x868 out/03_External_Counter_MEF/libs/lpc_open/lpc_chip_43xx/src/uart_18xx_43xx.o
                0x1a009ccc                Chip_UART_Init
                0x1a009d54                Chip_UART_DeInit
                0x1a009d84                Chip_UART_Send
                0x1a009dd4                Chip_UART_CheckBusy
                0x1a009df8                Chip_UART_SendBlocking
                0x1a009e42                Chip_UART_Read
                0x1a009e94                Chip_UART_ReadBlocking
                0x1a009ede                Chip_UART_SetBaud
                0x1a009f4c                Chip_UART_RXIntHandlerRB
                0x1a009f88                Chip_UART_TXIntHandlerRB
                0x1a009fdc                Chip_UART_SendRB
                0x1a00a03c                Chip_UART_ReadRB
                0x1a00a05e                Chip_UART_IRQRBHandler
                0x1a00a0a8                Chip_UART_SetBaudFDR
                0x1a00a228                Chip_UART_GetABEOStatus
                0x1a00a244                Chip_UART_ABCmd
 .text          0x1a00a2c4       0x80 out/03_External_Counter_MEF/libs/lpc_open/lpc_chip_43xx/src/wwdt_18xx_43xx.o
                0x1a00a2c4                Chip_WWDT_Init
                0x1a00a2f2                Chip_WWDT_DeInit
                0x1a00a304                Chip_WWDT_ClearStatusFlag
 .text          0x1a00a344       0x30 C:/Users/Carlitoz MF/Documents/Microcontroladores/CIAA-Github/tools/gcc-arm/bin/../lib/gcc/arm-none-eabi/15.2.1/thumb/v7e-m+fp/hard\libgcc.a(_aeabi_uldivmod.o)
                0x1a00a344                __aeabi_uldivmod
 .text          0x1a00a374        0x0 C:/Users/Carlitoz MF/Documents/Microcontroladores/CIAA-Github/tools/gcc-arm/bin/../lib/gcc/arm-none-eabi/15.2.1/thumb/v7e-m+fp/hard\libgcc.a(_udivmoddi4.o)
 .text.__udivmoddi4
                0x1a00a374      0x320 C:/Users/Carlitoz MF/Documents/Microcontroladores/CIAA-Github/tools/gcc-arm/bin/../lib/gcc/arm-none-eabi/15.2.1/thumb/v7e-m+fp/hard\libgcc.a(_udivmoddi4.o)
                0x1a00a374                __udivmoddi4
 .text          0x1a00a694        0x4 C:/Users/Carlitoz MF/Documents/Microcontroladores/CIAA-Github/tools/gcc-arm/bin/../lib/gcc/arm-none-eabi/15.2.1/thumb/v7e-m+fp/hard\libgcc.a(_dvmd_tls.o)
                0x1a00a694                __aeabi_idiv0
                0x1a00a694                __aeabi_ldiv0
 .text          0x1a00a698        0x0 C:/Users/Carlitoz MF/Documents/Microcontroladores/CIAA-Github/tools/gcc-arm/bin/../lib/gcc/arm-none-eabi/15.2.1/../../../../arm-none-eabi/lib/thumb/v7e-m+fp/hard\libc_nano.a(libc_a-memset.o)
 .text.memset   0x1a00a698       0x10 C:/Users/Carlitoz MF/Documents/Microcontroladores/CIAA-Github/tools/gcc-arm/bin/../lib/gcc/arm-none-eabi/15.2.1/../../../../arm-none-eabi/lib/thumb/v7e-m+fp/hard\libc_nano.a(libc_a-memset.o)
                0x1a00a698                memset
 .text          0x1a00a6a8        0x0 C:/Users/Carlitoz MF/Documents/Microcontroladores/CIAA-Github/tools/gcc-arm/bin/../lib/gcc/arm-none-eabi/15.2.1/../../../../arm-none-eabi/lib/thumb/v7e-m+fp/hard\libc_nano.a(libc_a-memcpy-stub.o)
 .text.memcpy   0x1a00a6a8       0x1c C:/Users/Carlitoz MF/Documents/Microcontroladores/CIAA-Github/tools/gcc-arm/bin/../lib/gcc/arm-none-eabi/15.2.1/../../../../arm-none-eabi/lib/thumb/v7e-m+fp/hard\libc_nano.a(libc_a-memcpy-stub.o)
                0x1a00a6a8                memcpy
 *(.rodata*)
 .rodata        0x1a00a6c4       0x8a out/03_External_Counter_MEF/projects/03_External_Counter_MEF/Core/Src/main.o
 *fill*         0x1a00a74e        0x2 ff
 .rodata        0x1a00a750       0x3c out/03_External_Counter_MEF/libs/custom_drivers/ciaa_board/ciaa_board.o
 .rodata        0x1a00a78c        0x8 out/03_External_Counter_MEF/libs/custom_drivers/sys_core/sys_core.o
                0x1a00a78c                OscRateIn
                0x1a00a790                ExtRateIn
 .rodata        0x1a00a794       0x14 out/03_External_Counter_MEF/libs/lpc_open/lpc_chip_43xx/src/chip_18xx_43xx.o
 .rodata        0x1a00a7a8       0x72 out/03_External_Counter_MEF/libs/lpc_open/lpc_chip_43xx/src/clock_18xx_43xx.o
 *fill*         0x1a00a81a        0x2 ff
 .rodata        0x1a00a81c       0x3e out/03_External_Counter_MEF/libs/lpc_open/lpc_chip_43xx/src/gpdma_18xx_43xx.o
 *fill*         0x1a00a85a        0x2 ff
 .rodata        0x1a00a85c       0x48 out/03_External_Counter_MEF/libs/lpc_open/lpc_chip_43xx/src/sysinit_18xx_43xx.o
 .rodata        0x1a00a8a4       0x10 out/03_External_Counter_MEF/libs/lpc_open/lpc_chip_43xx/src/uart_18xx_43xx.o
                0x1a00a8b4                        . = ALIGN (0x4)
                0x1a00a8b4                        _etext = .

.glue_7         0x1a00a8b4        0x0
 .glue_7        0x1a00a8b4        0x0 linker stubs

.glue_7t        0x1a00a8b4        0x0
 .glue_7t       0x1a00a8b4        0x0 linker stubs

.vfp11_veneer   0x1a00a8b4        0x0
 .vfp11_veneer  0x1a00a8b4        0x0 linker stubs

.v4_bx          0x1a00a8b4        0x0
 .v4_bx         0x1a00a8b4        0x0 linker stubs

.iplt           0x1a00a8b4        0x0
 .iplt          0x1a00a8b4        0x0 out/03_External_Counter_MEF/libs/startup/src/startup.o

.rel.dyn        0x1a00a8b4        0x0
 .rel.iplt      0x1a00a8b4        0x0 out/03_External_Counter_MEF/libs/startup/src/startup.o

.data           0x10000000       0xcc load address 0x1a00a8b4
                0x10000000                        _data = .
 *(vtable)
 *(.ramfunc*)
 *(.data*)
 .data          0x10000000        0x0 out/03_External_Counter_MEF/libs/startup/src/startup.o
 .data          0x10000000       0x11 out/03_External_Counter_MEF/projects/03_External_Counter_MEF/Core/Src/main.o
 .data          0x10000011        0x0 out/03_External_Counter_MEF/libs/custom_drivers/ciaa_board/ciaa_board.o
 .data          0x10000011        0x0 out/03_External_Counter_MEF/libs/custom_drivers/gpio/gpio.o
 .data          0x10000011        0x0 out/03_External_Counter_MEF/libs/custom_drivers/led/led.o
 .data          0x10000011        0x0 out/03_External_Counter_MEF/libs/custom_drivers/sys_core/sys_core.o
 .data          0x10000011        0x0 out/03_External_Counter_MEF/libs/custom_drivers/systick/systick.o
 .data          0x10000011        0x0 out/03_External_Counter_MEF/libs/lpc_open/lpc_chip_43xx/src/adc_18xx_43xx.o
 .data          0x10000011        0x0 out/03_External_Counter_MEF/libs/lpc_open/lpc_chip_43xx/src/aes_18xx_43xx.o
 .data          0x10000011        0x0 out/03_External_Counter_MEF/libs/lpc_open/lpc_chip_43xx/src/atimer_18xx_43xx.o
 .data          0x10000011        0x0 out/03_External_Counter_MEF/libs/lpc_open/lpc_chip_43xx/src/ccan_18xx_43xx.o
 .data          0x10000011        0x0 out/03_External_Counter_MEF/libs/lpc_open/lpc_chip_43xx/src/chip_18xx_43xx.o
 .data          0x10000011        0x0 out/03_External_Counter_MEF/libs/lpc_open/lpc_chip_43xx/src/clock_18xx_43xx.o
 .data          0x10000011        0x0 out/03_External_Counter_MEF/libs/lpc_open/lpc_chip_43xx/src/dac_18xx_43xx.o
 .data          0x10000011        0x0 out/03_External_Counter_MEF/libs/lpc_open/lpc_chip_43xx/src/eeprom_18xx_43xx.o
 .data          0x10000011        0x0 out/03_External_Counter_MEF/libs/lpc_open/lpc_chip_43xx/src/emc_18xx_43xx.o
 .data          0x10000011        0x0 out/03_External_Counter_MEF/libs/lpc_open/lpc_chip_43xx/src/enet_18xx_43xx.o
 .data          0x10000011        0x0 out/03_External_Counter_MEF/libs/lpc_open/lpc_chip_43xx/src/evrt_18xx_43xx.o
 *fill*         0x10000011        0x3 
 .data          0x10000014       0x78 out/03_External_Counter_MEF/libs/lpc_open/lpc_chip_43xx/src/gpdma_18xx_43xx.o
 .data          0x1000008c        0x0 out/03_External_Counter_MEF/libs/lpc_open/lpc_chip_43xx/src/gpio_18xx_43xx.o
 .data          0x1000008c        0x0 out/03_External_Counter_MEF/libs/lpc_open/lpc_chip_43xx/src/gpiogroup_18xx_43xx.o
 .data          0x1000008c       0x38 out/03_External_Counter_MEF/libs/lpc_open/lpc_chip_43xx/src/i2c_18xx_43xx.o
 .data          0x100000c4        0x0 out/03_External_Counter_MEF/libs/lpc_open/lpc_chip_43xx/src/i2cm_18xx_43xx.o
 .data          0x100000c4        0x0 out/03_External_Counter_MEF/libs/lpc_open/lpc_chip_43xx/src/i2s_18xx_43xx.o
 .data          0x100000c4        0x0 out/03_External_Counter_MEF/libs/lpc_open/lpc_chip_43xx/src/iap_18xx_43xx.o
 .data          0x100000c4        0x1 out/03_External_Counter_MEF/libs/lpc_open/lpc_chip_43xx/src/lcd_18xx_43xx.o
 .data          0x100000c5        0x0 out/03_External_Counter_MEF/libs/lpc_open/lpc_chip_43xx/src/otp_18xx_43xx.o
 .data          0x100000c5        0x0 out/03_External_Counter_MEF/libs/lpc_open/lpc_chip_43xx/src/pinint_18xx_43xx.o
 .data          0x100000c5        0x0 out/03_External_Counter_MEF/libs/lpc_open/lpc_chip_43xx/src/pmc_18xx_43xx.o
 .data          0x100000c5        0x0 out/03_External_Counter_MEF/libs/lpc_open/lpc_chip_43xx/src/ring_buffer.o
 .data          0x100000c5        0x0 out/03_External_Counter_MEF/libs/lpc_open/lpc_chip_43xx/src/ritimer_18xx_43xx.o
 .data          0x100000c5        0x0 out/03_External_Counter_MEF/libs/lpc_open/lpc_chip_43xx/src/rtc_18xx_43xx.o
 .data          0x100000c5        0x0 out/03_External_Counter_MEF/libs/lpc_open/lpc_chip_43xx/src/sct_18xx_43xx.o
 .data          0x100000c5        0x0 out/03_External_Counter_MEF/libs/lpc_open/lpc_chip_43xx/src/sct_pwm_18xx_43xx.o
 .data          0x100000c5        0x0 out/03_External_Counter_MEF/libs/lpc_open/lpc_chip_43xx/src/sdif_18xx_43xx.o
 *fill*         0x100000c5        0x3 
 .data          0x100000c8        0x4 out/03_External_Counter_MEF/libs/lpc_open/lpc_chip_43xx/src/sdio_18xx_43xx.o
 .data          0x100000cc        0x0 out/03_External_Counter_MEF/libs/lpc_open/lpc_chip_43xx/src/sdmmc_18xx_43xx.o
 .data          0x100000cc        0x0 out/03_External_Counter_MEF/libs/lpc_open/lpc_chip_43xx/src/spi_18xx_43xx.o
 .data          0x100000cc        0x0 out/03_External_Counter_MEF/libs/lpc_open/lpc_chip_43xx/src/ssp_18xx_43xx.o
 .data          0x100000cc        0x0 out/03_External_Counter_MEF/libs/lpc_open/lpc_chip_43xx/src/stopwatch_18xx_43xx.o
 .data          0x100000cc        0x0 out/03_External_Counter_MEF/libs/lpc_open/lpc_chip_43xx/src/sysinit_18xx_43xx.o
 .data          0x100000cc        0x0 out/03_External_Counter_MEF/libs/lpc_open/lpc_chip_43xx/src/timer_18xx_43xx.o
 .data          0x100000cc        0x0 out/03_External_Counter_MEF/libs/lpc_open/lpc_chip_43xx/src/uart_18xx_43xx.o
 .data          0x100000cc        0x0 out/03_External_Counter_MEF/libs/lpc_open/lpc_chip_43xx/src/wwdt_18xx_43xx.o
 .data          0x100000cc        0x0 C:/Users/Carlitoz MF/Documents/Microcontroladores/CIAA-Github/tools/gcc-arm/bin/../lib/gcc/arm-none-eabi/15.2.1/thumb/v7e-m+fp/hard\libgcc.a(_aeabi_uldivmod.o)
 .data          0x100000cc        0x0 C:/Users/Carlitoz MF/Documents/Microcontroladores/CIAA-Github/tools/gcc-arm/bin/../lib/gcc/arm-none-eabi/15.2.1/thumb/v7e-m+fp/hard\libgcc.a(_udivmoddi4.o)
 .data          0x100000cc        0x0 C:/Users/Carlitoz MF/Documents/Microcontroladores/CIAA-Github/tools/gcc-arm/bin/../lib/gcc/arm-none-eabi/15.2.1/thumb/v7e-m+fp/hard\libgcc.a(_dvmd_tls.o)
 .data          0x100000cc        0x0 C:/Users/Carlitoz MF/Documents/Microcontroladores/CIAA-Github/tools/gcc-arm/bin/../lib/gcc/arm-none-eabi/15.2.1/../../../../arm-none-eabi/lib/thumb/v7e-m+fp/hard\libc_nano.a(libc_a-memset.o)
 .data          0x100000cc        0x0 C:/Users/Carlitoz MF/Documents/Microcontroladores/CIAA-Github/tools/gcc-arm/bin/../lib/gcc/arm-none-eabi/15.2.1/../../../../arm-none-eabi/lib/thumb/v7e-m+fp/hard\libc_nano.a(libc_a-memcpy-stub.o)
                0x100000cc                        . = ALIGN (0x4)
                0x100000cc                        _edata = .

.igot.plt       0x100000cc        0x0 load address 0x1a00a980
 .igot.plt      0x100000cc        0x0 out/03_External_Counter_MEF/libs/startup/src/startup.o

.bss            0x100000cc      0x22c load address 0x1a00a980
                0x100000cc                        _bss = .
 *(.bss*)
 .bss           0x100000cc        0x0 out/03_External_Counter_MEF/libs/startup/src/startup.o
 .bss           0x100000cc        0xc out/03_External_Counter_MEF/projects/03_External_Counter_MEF/Core/Src/main.o
 .bss           0x100000d8        0x0 out/03_External_Counter_MEF/libs/custom_drivers/ciaa_board/ciaa_board.o
 .bss           0x100000d8        0x0 out/03_External_Counter_MEF/libs/custom_drivers/gpio/gpio.o
 .bss           0x100000d8        0x0 out/03_External_Counter_MEF/libs/custom_drivers/led/led.o
 .bss           0x100000d8        0x0 out/03_External_Counter_MEF/libs/custom_drivers/sys_core/sys_core.o
 .bss           0x100000d8        0x4 out/03_External_Counter_MEF/libs/custom_drivers/systick/systick.o
 .bss           0x100000dc        0x0 out/03_External_Counter_MEF/libs/lpc_open/lpc_chip_43xx/src/adc_18xx_43xx.o
 .bss           0x100000dc       0x38 out/03_External_Counter_MEF/libs/lpc_open/lpc_chip_43xx/src/aes_18xx_43xx.o
 .bss           0x10000114        0x0 out/03_External_Counter_MEF/libs/lpc_open/lpc_chip_43xx/src/atimer_18xx_43xx.o
 .bss           0x10000114        0x0 out/03_External_Counter_MEF/libs/lpc_open/lpc_chip_43xx/src/ccan_18xx_43xx.o
 .bss           0x10000114        0x4 out/03_External_Counter_MEF/libs/lpc_open/lpc_chip_43xx/src/chip_18xx_43xx.o
                0x10000114                SystemCoreClock
 .bss           0x10000118        0x8 out/03_External_Counter_MEF/libs/lpc_open/lpc_chip_43xx/src/clock_18xx_43xx.o
 .bss           0x10000120        0x0 out/03_External_Counter_MEF/libs/lpc_open/lpc_chip_43xx/src/dac_18xx_43xx.o
 .bss           0x10000120        0x0 out/03_External_Counter_MEF/libs/lpc_open/lpc_chip_43xx/src/eeprom_18xx_43xx.o
 .bss           0x10000120        0x0 out/03_External_Counter_MEF/libs/lpc_open/lpc_chip_43xx/src/emc_18xx_43xx.o
 .bss           0x10000120        0x4 out/03_External_Counter_MEF/libs/lpc_open/lpc_chip_43xx/src/enet_18xx_43xx.o
 .bss           0x10000124        0x0 out/03_External_Counter_MEF/libs/lpc_open/lpc_chip_43xx/src/evrt_18xx_43xx.o
 .bss           0x10000124        0x8 out/03_External_Counter_MEF/libs/lpc_open/lpc_chip_43xx/src/gpdma_18xx_43xx.o
 .bss           0x1000012c        0x0 out/03_External_Counter_MEF/libs/lpc_open/lpc_chip_43xx/src/gpio_18xx_43xx.o
 .bss           0x1000012c        0x0 out/03_External_Counter_MEF/libs/lpc_open/lpc_chip_43xx/src/gpiogroup_18xx_43xx.o
 .bss           0x1000012c       0x50 out/03_External_Counter_MEF/libs/lpc_open/lpc_chip_43xx/src/i2c_18xx_43xx.o
 .bss           0x1000017c        0x0 out/03_External_Counter_MEF/libs/lpc_open/lpc_chip_43xx/src/i2cm_18xx_43xx.o
 .bss           0x1000017c        0x0 out/03_External_Counter_MEF/libs/lpc_open/lpc_chip_43xx/src/i2s_18xx_43xx.o
 .bss           0x1000017c        0x0 out/03_External_Counter_MEF/libs/lpc_open/lpc_chip_43xx/src/iap_18xx_43xx.o
 .bss           0x1000017c        0x0 out/03_External_Counter_MEF/libs/lpc_open/lpc_chip_43xx/src/lcd_18xx_43xx.o
 .bss           0x1000017c       0x28 out/03_External_Counter_MEF/libs/lpc_open/lpc_chip_43xx/src/otp_18xx_43xx.o
 .bss           0x100001a4        0x0 out/03_External_Counter_MEF/libs/lpc_open/lpc_chip_43xx/src/pinint_18xx_43xx.o
 .bss           0x100001a4        0x0 out/03_External_Counter_MEF/libs/lpc_open/lpc_chip_43xx/src/pmc_18xx_43xx.o
 .bss           0x100001a4        0x0 out/03_External_Counter_MEF/libs/lpc_open/lpc_chip_43xx/src/ring_buffer.o
 .bss           0x100001a4        0x0 out/03_External_Counter_MEF/libs/lpc_open/lpc_chip_43xx/src/ritimer_18xx_43xx.o
 .bss           0x100001a4        0x0 out/03_External_Counter_MEF/libs/lpc_open/lpc_chip_43xx/src/rtc_18xx_43xx.o
 .bss           0x100001a4        0x0 out/03_External_Counter_MEF/libs/lpc_open/lpc_chip_43xx/src/sct_18xx_43xx.o
 .bss           0x100001a4        0x0 out/03_External_Counter_MEF/libs/lpc_open/lpc_chip_43xx/src/sct_pwm_18xx_43xx.o
 .bss           0x100001a4        0x0 out/03_External_Counter_MEF/libs/lpc_open/lpc_chip_43xx/src/sdif_18xx_43xx.o
 .bss           0x100001a4      0x140 out/03_External_Counter_MEF/libs/lpc_open/lpc_chip_43xx/src/sdio_18xx_43xx.o
 .bss           0x100002e4        0x4 out/03_External_Counter_MEF/libs/lpc_open/lpc_chip_43xx/src/sdmmc_18xx_43xx.o
 .bss           0x100002e8        0x0 out/03_External_Counter_MEF/libs/lpc_open/lpc_chip_43xx/src/spi_18xx_43xx.o
 .bss           0x100002e8        0x0 out/03_External_Counter_MEF/libs/lpc_open/lpc_chip_43xx/src/ssp_18xx_43xx.o
 .bss           0x100002e8        0xc out/03_External_Counter_MEF/libs/lpc_open/lpc_chip_43xx/src/stopwatch_18xx_43xx.o
 .bss           0x100002f4        0x0 out/03_External_Counter_MEF/libs/lpc_open/lpc_chip_43xx/src/sysinit_18xx_43xx.o
 .bss           0x100002f4        0x0 out/03_External_Counter_MEF/libs/lpc_open/lpc_chip_43xx/src/timer_18xx_43xx.o
 .bss           0x100002f4        0x1 out/03_External_Counter_MEF/libs/lpc_open/lpc_chip_43xx/src/uart_18xx_43xx.o
 .bss           0x100002f5        0x0 out/03_External_Counter_MEF/libs/lpc_open/lpc_chip_43xx/src/wwdt_18xx_43xx.o
 .bss           0x100002f5        0x0 C:/Users/Carlitoz MF/Documents/Microcontroladores/CIAA-Github/tools/gcc-arm/bin/../lib/gcc/arm-none-eabi/15.2.1/thumb/v7e-m+fp/hard\libgcc.a(_aeabi_uldivmod.o)
 .bss           0x100002f5        0x0 C:/Users/Carlitoz MF/Documents/Microcontroladores/CIAA-Github/tools/gcc-arm/bin/../lib/gcc/arm-none-eabi/15.2.1/thumb/v7e-m+fp/hard\libgcc.a(_udivmoddi4.o)
 .bss           0x100002f5        0x0 C:/Users/Carlitoz MF/Documents/Microcontroladores/CIAA-Github/tools/gcc-arm/bin/../lib/gcc/arm-none-eabi/15.2.1/thumb/v7e-m+fp/hard\libgcc.a(_dvmd_tls.o)
 .bss           0x100002f5        0x0 C:/Users/Carlitoz MF/Documents/Microcontroladores/CIAA-Github/tools/gcc-arm/bin/../lib/gcc/arm-none-eabi/15.2.1/../../../../arm-none-eabi/lib/thumb/v7e-m+fp/hard\libc_nano.a(libc_a-memset.o)
 .bss           0x100002f5        0x0 C:/Users/Carlitoz MF/Documents/Microcontroladores/CIAA-Github/tools/gcc-arm/bin/../lib/gcc/arm-none-eabi/15.2.1/../../../../arm-none-eabi/lib/thumb/v7e-m+fp/hard\libc_nano.a(libc_a-memcpy-stub.o)
 *(COMMON)
                0x100002f8                        . = ALIGN (0x4)
 *fill*         0x100002f5        0x3 
                0x100002f8                        _ebss = .

/DISCARD/
 *(.ARM.exidx*)
 *(.ARM.extab*)
OUTPUT(out/03_External_Counter_MEF/03_External_Counter_MEF.elf elf32-littlearm)
LOAD linker stubs

.debug_info     0x00000000    0x16e98
 .debug_info    0x00000000      0x168 out/03_External_Counter_MEF/libs/startup/src/startup.o
 .debug_info    0x00000168      0x9bb out/03_External_Counter_MEF/projects/03_External_Counter_MEF/Core/Src/main.o
 .debug_info    0x00000b23      0x7ec out/03_External_Counter_MEF/libs/custom_drivers/ciaa_board/ciaa_board.o
 .debug_info    0x0000130f      0x635 out/03_External_Counter_MEF/libs/custom_drivers/gpio/gpio.o
 .debug_info    0x00001944      0x24f out/03_External_Counter_MEF/libs/custom_drivers/led/led.o
 .debug_info    0x00001b93      0x5be out/03_External_Counter_MEF/libs/custom_drivers/sys_core/sys_core.o
 .debug_info    0x00002151      0xb05 out/03_External_Counter_MEF/libs/custom_drivers/systick/systick.o
 .debug_info    0x00002c56      0x992 out/03_External_Counter_MEF/libs/lpc_open/lpc_chip_43xx/src/adc_18xx_43xx.o
 .debug_info    0x000035e8      0x911 out/03_External_Counter_MEF/libs/lpc_open/lpc_chip_43xx/src/aes_18xx_43xx.o
 .debug_info    0x00003ef9      0x212 out/03_External_Counter_MEF/libs/lpc_open/lpc_chip_43xx/src/atimer_18xx_43xx.o
 .debug_info    0x0000410b      0xc01 out/03_External_Counter_MEF/libs/lpc_open/lpc_chip_43xx/src/ccan_18xx_43xx.o
 .debug_info    0x00004d0c      0xb2e out/03_External_Counter_MEF/libs/lpc_open/lpc_chip_43xx/src/chip_18xx_43xx.o
 .debug_info    0x0000583a     0x1585 out/03_External_Counter_MEF/libs/lpc_open/lpc_chip_43xx/src/clock_18xx_43xx.o
 .debug_info    0x00006dbf      0x3c1 out/03_External_Counter_MEF/libs/lpc_open/lpc_chip_43xx/src/dac_18xx_43xx.o
 .debug_info    0x00007180      0x568 out/03_External_Counter_MEF/libs/lpc_open/lpc_chip_43xx/src/eeprom_18xx_43xx.o
 .debug_info    0x000076e8      0x90f out/03_External_Counter_MEF/libs/lpc_open/lpc_chip_43xx/src/emc_18xx_43xx.o
 .debug_info    0x00007ff7      0xc07 out/03_External_Counter_MEF/libs/lpc_open/lpc_chip_43xx/src/enet_18xx_43xx.o
 .debug_info    0x00008bfe      0x317 out/03_External_Counter_MEF/libs/lpc_open/lpc_chip_43xx/src/evrt_18xx_43xx.o
 .debug_info    0x00008f15     0x1678 out/03_External_Counter_MEF/libs/lpc_open/lpc_chip_43xx/src/gpdma_18xx_43xx.o
 .debug_info    0x0000a58d      0x1d0 out/03_External_Counter_MEF/libs/lpc_open/lpc_chip_43xx/src/gpio_18xx_43xx.o
 .debug_info    0x0000a75d       0x77 out/03_External_Counter_MEF/libs/lpc_open/lpc_chip_43xx/src/gpiogroup_18xx_43xx.o
 .debug_info    0x0000a7d4     0x1089 out/03_External_Counter_MEF/libs/lpc_open/lpc_chip_43xx/src/i2c_18xx_43xx.o
 .debug_info    0x0000b85d      0x7d4 out/03_External_Counter_MEF/libs/lpc_open/lpc_chip_43xx/src/i2cm_18xx_43xx.o
 .debug_info    0x0000c031      0x7c2 out/03_External_Counter_MEF/libs/lpc_open/lpc_chip_43xx/src/i2s_18xx_43xx.o
 .debug_info    0x0000c7f3      0x79f out/03_External_Counter_MEF/libs/lpc_open/lpc_chip_43xx/src/iap_18xx_43xx.o
 .debug_info    0x0000cf92      0xb22 out/03_External_Counter_MEF/libs/lpc_open/lpc_chip_43xx/src/lcd_18xx_43xx.o
 .debug_info    0x0000dab4      0x7e7 out/03_External_Counter_MEF/libs/lpc_open/lpc_chip_43xx/src/otp_18xx_43xx.o
 .debug_info    0x0000e29b       0x77 out/03_External_Counter_MEF/libs/lpc_open/lpc_chip_43xx/src/pinint_18xx_43xx.o
 .debug_info    0x0000e312      0x304 out/03_External_Counter_MEF/libs/lpc_open/lpc_chip_43xx/src/pmc_18xx_43xx.o
 .debug_info    0x0000e616      0x38e out/03_External_Counter_MEF/libs/lpc_open/lpc_chip_43xx/src/ring_buffer.o
 .debug_info    0x0000e9a4      0x474 out/03_External_Counter_MEF/libs/lpc_open/lpc_chip_43xx/src/ritimer_18xx_43xx.o
 .debug_info    0x0000ee18      0x6b0 out/03_External_Counter_MEF/libs/lpc_open/lpc_chip_43xx/src/rtc_18xx_43xx.o
 .debug_info    0x0000f4c8      0x969 out/03_External_Counter_MEF/libs/lpc_open/lpc_chip_43xx/src/sct_18xx_43xx.o
 .debug_info    0x0000fe31      0xa25 out/03_External_Counter_MEF/libs/lpc_open/lpc_chip_43xx/src/sct_pwm_18xx_43xx.o
 .debug_info    0x00010856      0x707 out/03_External_Counter_MEF/libs/lpc_open/lpc_chip_43xx/src/sdif_18xx_43xx.o
 .debug_info    0x00010f5d     0x1113 out/03_External_Counter_MEF/libs/lpc_open/lpc_chip_43xx/src/sdio_18xx_43xx.o
 .debug_info    0x00012070      0xfc9 out/03_External_Counter_MEF/libs/lpc_open/lpc_chip_43xx/src/sdmmc_18xx_43xx.o
 .debug_info    0x00013039      0x910 out/03_External_Counter_MEF/libs/lpc_open/lpc_chip_43xx/src/spi_18xx_43xx.o
 .debug_info    0x00013949      0xc49 out/03_External_Counter_MEF/libs/lpc_open/lpc_chip_43xx/src/ssp_18xx_43xx.o
 .debug_info    0x00014592      0x7e1 out/03_External_Counter_MEF/libs/lpc_open/lpc_chip_43xx/src/stopwatch_18xx_43xx.o
 .debug_info    0x00014d73      0x948 out/03_External_Counter_MEF/libs/lpc_open/lpc_chip_43xx/src/sysinit_18xx_43xx.o
 .debug_info    0x000156bb      0x4d4 out/03_External_Counter_MEF/libs/lpc_open/lpc_chip_43xx/src/timer_18xx_43xx.o
 .debug_info    0x00015b8f     0x118c out/03_External_Counter_MEF/libs/lpc_open/lpc_chip_43xx/src/uart_18xx_43xx.o
 .debug_info    0x00016d1b      0x17d out/03_External_Counter_MEF/libs/lpc_open/lpc_chip_43xx/src/wwdt_18xx_43xx.o

.debug_abbrev   0x00000000     0x4e53
 .debug_abbrev  0x00000000       0xfd out/03_External_Counter_MEF/libs/startup/src/startup.o
 .debug_abbrev  0x000000fd      0x1c0 out/03_External_Counter_MEF/projects/03_External_Counter_MEF/Core/Src/main.o
 .debug_abbrev  0x000002bd      0x1a3 out/03_External_Counter_MEF/libs/custom_drivers/ciaa_board/ciaa_board.o
 .debug_abbrev  0x00000460      0x1e2 out/03_External_Counter_MEF/libs/custom_drivers/gpio/gpio.o
 .debug_abbrev  0x00000642      0x10d out/03_External_Counter_MEF/libs/custom_drivers/led/led.o
 .debug_abbrev  0x0000074f       0xfd out/03_External_Counter_MEF/libs/custom_drivers/sys_core/sys_core.o
 .debug_abbrev  0x0000084c      0x22d out/03_External_Counter_MEF/libs/custom_drivers/systick/systick.o
 .debug_abbrev  0x00000a79      0x215 out/03_External_Counter_MEF/libs/lpc_open/lpc_chip_43xx/src/adc_18xx_43xx.o
 .debug_abbrev  0x00000c8e      0x143 out/03_External_Counter_MEF/libs/lpc_open/lpc_chip_43xx/src/aes_18xx_43xx.o
 .debug_abbrev  0x00000dd1       0xf9 out/03_External_Counter_MEF/libs/lpc_open/lpc_chip_43xx/src/atimer_18xx_43xx.o
 .debug_abbrev  0x00000eca      0x331 out/03_External_Counter_MEF/libs/lpc_open/lpc_chip_43xx/src/ccan_18xx_43xx.o
 .debug_abbrev  0x000011fb      0x1e9 out/03_External_Counter_MEF/libs/lpc_open/lpc_chip_43xx/src/chip_18xx_43xx.o
 .debug_abbrev  0x000013e4      0x30f out/03_External_Counter_MEF/libs/lpc_open/lpc_chip_43xx/src/clock_18xx_43xx.o
 .debug_abbrev  0x000016f3      0x139 out/03_External_Counter_MEF/libs/lpc_open/lpc_chip_43xx/src/dac_18xx_43xx.o
 .debug_abbrev  0x0000182c      0x1e4 out/03_External_Counter_MEF/libs/lpc_open/lpc_chip_43xx/src/eeprom_18xx_43xx.o
 .debug_abbrev  0x00001a10      0x1fc out/03_External_Counter_MEF/libs/lpc_open/lpc_chip_43xx/src/emc_18xx_43xx.o
 .debug_abbrev  0x00001c0c      0x205 out/03_External_Counter_MEF/libs/lpc_open/lpc_chip_43xx/src/enet_18xx_43xx.o
 .debug_abbrev  0x00001e11      0x148 out/03_External_Counter_MEF/libs/lpc_open/lpc_chip_43xx/src/evrt_18xx_43xx.o
 .debug_abbrev  0x00001f59      0x28a out/03_External_Counter_MEF/libs/lpc_open/lpc_chip_43xx/src/gpdma_18xx_43xx.o
 .debug_abbrev  0x000021e3       0xe9 out/03_External_Counter_MEF/libs/lpc_open/lpc_chip_43xx/src/gpio_18xx_43xx.o
 .debug_abbrev  0x000022cc       0x28 out/03_External_Counter_MEF/libs/lpc_open/lpc_chip_43xx/src/gpiogroup_18xx_43xx.o
 .debug_abbrev  0x000022f4      0x2d5 out/03_External_Counter_MEF/libs/lpc_open/lpc_chip_43xx/src/i2c_18xx_43xx.o
 .debug_abbrev  0x000025c9      0x20d out/03_External_Counter_MEF/libs/lpc_open/lpc_chip_43xx/src/i2cm_18xx_43xx.o
 .debug_abbrev  0x000027d6      0x1c8 out/03_External_Counter_MEF/libs/lpc_open/lpc_chip_43xx/src/i2s_18xx_43xx.o
 .debug_abbrev  0x0000299e      0x150 out/03_External_Counter_MEF/libs/lpc_open/lpc_chip_43xx/src/iap_18xx_43xx.o
 .debug_abbrev  0x00002aee      0x1b5 out/03_External_Counter_MEF/libs/lpc_open/lpc_chip_43xx/src/lcd_18xx_43xx.o
 .debug_abbrev  0x00002ca3      0x12b out/03_External_Counter_MEF/libs/lpc_open/lpc_chip_43xx/src/otp_18xx_43xx.o
 .debug_abbrev  0x00002dce       0x28 out/03_External_Counter_MEF/libs/lpc_open/lpc_chip_43xx/src/pinint_18xx_43xx.o
 .debug_abbrev  0x00002df6      0x122 out/03_External_Counter_MEF/libs/lpc_open/lpc_chip_43xx/src/pmc_18xx_43xx.o
 .debug_abbrev  0x00002f18      0x165 out/03_External_Counter_MEF/libs/lpc_open/lpc_chip_43xx/src/ring_buffer.o
 .debug_abbrev  0x0000307d      0x184 out/03_External_Counter_MEF/libs/lpc_open/lpc_chip_43xx/src/ritimer_18xx_43xx.o
 .debug_abbrev  0x00003201      0x1bc out/03_External_Counter_MEF/libs/lpc_open/lpc_chip_43xx/src/rtc_18xx_43xx.o
 .debug_abbrev  0x000033bd      0x21d out/03_External_Counter_MEF/libs/lpc_open/lpc_chip_43xx/src/sct_18xx_43xx.o
 .debug_abbrev  0x000035da      0x26e out/03_External_Counter_MEF/libs/lpc_open/lpc_chip_43xx/src/sct_pwm_18xx_43xx.o
 .debug_abbrev  0x00003848      0x1b6 out/03_External_Counter_MEF/libs/lpc_open/lpc_chip_43xx/src/sdif_18xx_43xx.o
 .debug_abbrev  0x000039fe      0x2e4 out/03_External_Counter_MEF/libs/lpc_open/lpc_chip_43xx/src/sdio_18xx_43xx.o
 .debug_abbrev  0x00003ce2      0x305 out/03_External_Counter_MEF/libs/lpc_open/lpc_chip_43xx/src/sdmmc_18xx_43xx.o
 .debug_abbrev  0x00003fe7      0x229 out/03_External_Counter_MEF/libs/lpc_open/lpc_chip_43xx/src/spi_18xx_43xx.o
 .debug_abbrev  0x00004210      0x2a7 out/03_External_Counter_MEF/libs/lpc_open/lpc_chip_43xx/src/ssp_18xx_43xx.o
 .debug_abbrev  0x000044b7      0x1fd out/03_External_Counter_MEF/libs/lpc_open/lpc_chip_43xx/src/stopwatch_18xx_43xx.o
 .debug_abbrev  0x000046b4      0x1e0 out/03_External_Counter_MEF/libs/lpc_open/lpc_chip_43xx/src/sysinit_18xx_43xx.o
 .debug_abbrev  0x00004894      0x18b out/03_External_Counter_MEF/libs/lpc_open/lpc_chip_43xx/src/timer_18xx_43xx.o
 .debug_abbrev  0x00004a1f      0x365 out/03_External_Counter_MEF/libs/lpc_open/lpc_chip_43xx/src/uart_18xx_43xx.o
 .debug_abbrev  0x00004d84       0xcf out/03_External_Counter_MEF/libs/lpc_open/lpc_chip_43xx/src/wwdt_18xx_43xx.o

.debug_aranges  0x00000000      0x570
 .debug_aranges
                0x00000000       0x20 out/03_External_Counter_MEF/libs/startup/src/startup.o
 .debug_aranges
                0x00000020       0x20 out/03_External_Counter_MEF/projects/03_External_Counter_MEF/Core/Src/main.o
 .debug_aranges
                0x00000040       0x20 out/03_External_Counter_MEF/libs/custom_drivers/ciaa_board/ciaa_board.o
 .debug_aranges
                0x00000060       0x20 out/03_External_Counter_MEF/libs/custom_drivers/gpio/gpio.o
 .debug_aranges
                0x00000080       0x20 out/03_External_Counter_MEF/libs/custom_drivers/led/led.o
 .debug_aranges
                0x000000a0       0x20 out/03_External_Counter_MEF/libs/custom_drivers/sys_core/sys_core.o
 .debug_aranges
                0x000000c0       0x20 out/03_External_Counter_MEF/libs/custom_drivers/systick/systick.o
 .debug_aranges
                0x000000e0       0x20 out/03_External_Counter_MEF/libs/lpc_open/lpc_chip_43xx/src/adc_18xx_43xx.o
 .debug_aranges
                0x00000100       0x20 out/03_External_Counter_MEF/libs/lpc_open/lpc_chip_43xx/src/aes_18xx_43xx.o
 .debug_aranges
                0x00000120       0x20 out/03_External_Counter_MEF/libs/lpc_open/lpc_chip_43xx/src/atimer_18xx_43xx.o
 .debug_aranges
                0x00000140       0x20 out/03_External_Counter_MEF/libs/lpc_open/lpc_chip_43xx/src/ccan_18xx_43xx.o
 .debug_aranges
                0x00000160       0x20 out/03_External_Counter_MEF/libs/lpc_open/lpc_chip_43xx/src/chip_18xx_43xx.o
 .debug_aranges
                0x00000180       0x20 out/03_External_Counter_MEF/libs/lpc_open/lpc_chip_43xx/src/clock_18xx_43xx.o
 .debug_aranges
                0x000001a0       0x20 out/03_External_Counter_MEF/libs/lpc_open/lpc_chip_43xx/src/dac_18xx_43xx.o
 .debug_aranges
                0x000001c0       0x20 out/03_External_Counter_MEF/libs/lpc_open/lpc_chip_43xx/src/eeprom_18xx_43xx.o
 .debug_aranges
                0x000001e0       0x20 out/03_External_Counter_MEF/libs/lpc_open/lpc_chip_43xx/src/emc_18xx_43xx.o
 .debug_aranges
                0x00000200       0x20 out/03_External_Counter_MEF/libs/lpc_open/lpc_chip_43xx/src/enet_18xx_43xx.o
 .debug_aranges
                0x00000220       0x20 out/03_External_Counter_MEF/libs/lpc_open/lpc_chip_43xx/src/evrt_18xx_43xx.o
 .debug_aranges
                0x00000240       0x20 out/03_External_Counter_MEF/libs/lpc_open/lpc_chip_43xx/src/gpdma_18xx_43xx.o
 .debug_aranges
                0x00000260       0x20 out/03_External_Counter_MEF/libs/lpc_open/lpc_chip_43xx/src/gpio_18xx_43xx.o
 .debug_aranges
                0x00000280       0x18 out/03_External_Counter_MEF/libs/lpc_open/lpc_chip_43xx/src/gpiogroup_18xx_43xx.o
 .debug_aranges
                0x00000298       0x20 out/03_External_Counter_MEF/libs/lpc_open/lpc_chip_43xx/src/i2c_18xx_43xx.o
 .debug_aranges
                0x000002b8       0x20 out/03_External_Counter_MEF/libs/lpc_open/lpc_chip_43xx/src/i2cm_18xx_43xx.o
 .debug_aranges
                0x000002d8       0x20 out/03_External_Counter_MEF/libs/lpc_open/lpc_chip_43xx/src/i2s_18xx_43xx.o
 .debug_aranges
                0x000002f8       0x20 out/03_External_Counter_MEF/libs/lpc_open/lpc_chip_43xx/src/iap_18xx_43xx.o
 .debug_aranges
                0x00000318       0x20 out/03_External_Counter_MEF/libs/lpc_open/lpc_chip_43xx/src/lcd_18xx_43xx.o
 .debug_aranges
                0x00000338       0x20 out/03_External_Counter_MEF/libs/lpc_open/lpc_chip_43xx/src/otp_18xx_43xx.o
 .debug_aranges
                0x00000358       0x18 out/03_External_Counter_MEF/libs/lpc_open/lpc_chip_43xx/src/pinint_18xx_43xx.o
 .debug_aranges
                0x00000370       0x20 out/03_External_Counter_MEF/libs/lpc_open/lpc_chip_43xx/src/pmc_18xx_43xx.o
 .debug_aranges
                0x00000390       0x20 out/03_External_Counter_MEF/libs/lpc_open/lpc_chip_43xx/src/ring_buffer.o
 .debug_aranges
                0x000003b0       0x20 out/03_External_Counter_MEF/libs/lpc_open/lpc_chip_43xx/src/ritimer_18xx_43xx.o
 .debug_aranges
                0x000003d0       0x20 out/03_External_Counter_MEF/libs/lpc_open/lpc_chip_43xx/src/rtc_18xx_43xx.o
 .debug_aranges
                0x000003f0       0x20 out/03_External_Counter_MEF/libs/lpc_open/lpc_chip_43xx/src/sct_18xx_43xx.o
 .debug_aranges
                0x00000410       0x20 out/03_External_Counter_MEF/libs/lpc_open/lpc_chip_43xx/src/sct_pwm_18xx_43xx.o
 .debug_aranges
                0x00000430       0x20 out/03_External_Counter_MEF/libs/lpc_open/lpc_chip_43xx/src/sdif_18xx_43xx.o
 .debug_aranges
                0x00000450       0x20 out/03_External_Counter_MEF/libs/lpc_open/lpc_chip_43xx/src/sdio_18xx_43xx.o
 .debug_aranges
                0x00000470       0x20 out/03_External_Counter_MEF/libs/lpc_open/lpc_chip_43xx/src/sdmmc_18xx_43xx.o
 .debug_aranges
                0x00000490       0x20 out/03_External_Counter_MEF/libs/lpc_open/lpc_chip_43xx/src/spi_18xx_43xx.o
 .debug_aranges
                0x000004b0       0x20 out/03_External_Counter_MEF/libs/lpc_open/lpc_chip_43xx/src/ssp_18xx_43xx.o
 .debug_aranges
                0x000004d0       0x20 out/03_External_Counter_MEF/libs/lpc_open/lpc_chip_43xx/src/stopwatch_18xx_43xx.o
 .debug_aranges
                0x000004f0       0x20 out/03_External_Counter_MEF/libs/lpc_open/lpc_chip_43xx/src/sysinit_18xx_43xx.o
 .debug_aranges
                0x00000510       0x20 out/03_External_Counter_MEF/libs/lpc_open/lpc_chip_43xx/src/timer_18xx_43xx.o
 .debug_aranges
                0x00000530       0x20 out/03_External_Counter_MEF/libs/lpc_open/lpc_chip_43xx/src/uart_18xx_43xx.o
 .debug_aranges
                0x00000550       0x20 out/03_External_Counter_MEF/libs/lpc_open/lpc_chip_43xx/src/wwdt_18xx_43xx.o

.debug_macro    0x00000000     0xda91
 .debug_macro   0x00000000       0x63 out/03_External_Counter_MEF/libs/startup/src/startup.o
 .debug_macro   0x00000063      0xaea out/03_External_Counter_MEF/libs/startup/src/startup.o
 .debug_macro   0x00000b4d       0x22 out/03_External_Counter_MEF/libs/startup/src/startup.o
 .debug_macro   0x00000b6f       0x56 out/03_External_Counter_MEF/libs/startup/src/startup.o
 .debug_macro   0x00000bc5       0x51 out/03_External_Counter_MEF/libs/startup/src/startup.o
 .debug_macro   0x00000c16      0x103 out/03_External_Counter_MEF/libs/startup/src/startup.o
 .debug_macro   0x00000d19       0x6a out/03_External_Counter_MEF/libs/startup/src/startup.o
 .debug_macro   0x00000d83      0x1df out/03_External_Counter_MEF/libs/startup/src/startup.o
 .debug_macro   0x00000f62      0x35b out/03_External_Counter_MEF/projects/03_External_Counter_MEF/Core/Src/main.o
 .debug_macro   0x000012bd       0x10 out/03_External_Counter_MEF/projects/03_External_Counter_MEF/Core/Src/main.o
 .debug_macro   0x000012cd       0x22 out/03_External_Counter_MEF/projects/03_External_Counter_MEF/Core/Src/main.o
 .debug_macro   0x000012ef       0x73 out/03_External_Counter_MEF/projects/03_External_Counter_MEF/Core/Src/main.o
 .debug_macro   0x00001362       0x28 out/03_External_Counter_MEF/projects/03_External_Counter_MEF/Core/Src/main.o
 .debug_macro   0x0000138a       0x1c out/03_External_Counter_MEF/projects/03_External_Counter_MEF/Core/Src/main.o
 .debug_macro   0x000013a6       0x22 out/03_External_Counter_MEF/projects/03_External_Counter_MEF/Core/Src/main.o
 .debug_macro   0x000013c8       0xd9 out/03_External_Counter_MEF/projects/03_External_Counter_MEF/Core/Src/main.o
 .debug_macro   0x000014a1     0x102d out/03_External_Counter_MEF/projects/03_External_Counter_MEF/Core/Src/main.o
 .debug_macro   0x000024ce      0x11f out/03_External_Counter_MEF/projects/03_External_Counter_MEF/Core/Src/main.o
 .debug_macro   0x000025ed      0x2c3 out/03_External_Counter_MEF/projects/03_External_Counter_MEF/Core/Src/main.o
 .debug_macro   0x000028b0      0x112 out/03_External_Counter_MEF/projects/03_External_Counter_MEF/Core/Src/main.o
 .debug_macro   0x000029c2       0x11 out/03_External_Counter_MEF/projects/03_External_Counter_MEF/Core/Src/main.o
 .debug_macro   0x000029d3       0x2a out/03_External_Counter_MEF/projects/03_External_Counter_MEF/Core/Src/main.o
 .debug_macro   0x000029fd       0x16 out/03_External_Counter_MEF/projects/03_External_Counter_MEF/Core/Src/main.o
 .debug_macro   0x00002a13      0x2e6 out/03_External_Counter_MEF/projects/03_External_Counter_MEF/Core/Src/main.o
 .debug_macro   0x00002cf9       0x82 out/03_External_Counter_MEF/projects/03_External_Counter_MEF/Core/Src/main.o
 .debug_macro   0x00002d7b      0x13d out/03_External_Counter_MEF/projects/03_External_Counter_MEF/Core/Src/main.o
 .debug_macro   0x00002eb8      0x198 out/03_External_Counter_MEF/projects/03_External_Counter_MEF/Core/Src/main.o
 .debug_macro   0x00003050       0x34 out/03_External_Counter_MEF/projects/03_External_Counter_MEF/Core/Src/main.o
 .debug_macro   0x00003084       0x58 out/03_External_Counter_MEF/projects/03_External_Counter_MEF/Core/Src/main.o
 .debug_macro   0x000030dc      0x236 out/03_External_Counter_MEF/projects/03_External_Counter_MEF/Core/Src/main.o
 .debug_macro   0x00003312      0x572 out/03_External_Counter_MEF/projects/03_External_Counter_MEF/Core/Src/main.o
 .debug_macro   0x00003884       0x16 out/03_External_Counter_MEF/projects/03_External_Counter_MEF/Core/Src/main.o
 .debug_macro   0x0000389a      0x18a out/03_External_Counter_MEF/projects/03_External_Counter_MEF/Core/Src/main.o
 .debug_macro   0x00003a24       0x88 out/03_External_Counter_MEF/projects/03_External_Counter_MEF/Core/Src/main.o
 .debug_macro   0x00003aac      0x1b9 out/03_External_Counter_MEF/projects/03_External_Counter_MEF/Core/Src/main.o
 .debug_macro   0x00003c65      0x1da out/03_External_Counter_MEF/projects/03_External_Counter_MEF/Core/Src/main.o
 .debug_macro   0x00003e3f       0x40 out/03_External_Counter_MEF/projects/03_External_Counter_MEF/Core/Src/main.o
 .debug_macro   0x00003e7f       0x1c out/03_External_Counter_MEF/projects/03_External_Counter_MEF/Core/Src/main.o
 .debug_macro   0x00003e9b       0x2e out/03_External_Counter_MEF/projects/03_External_Counter_MEF/Core/Src/main.o
 .debug_macro   0x00003ec9       0x2e out/03_External_Counter_MEF/projects/03_External_Counter_MEF/Core/Src/main.o
 .debug_macro   0x00003ef7       0x22 out/03_External_Counter_MEF/projects/03_External_Counter_MEF/Core/Src/main.o
 .debug_macro   0x00003f19      0x201 out/03_External_Counter_MEF/projects/03_External_Counter_MEF/Core/Src/main.o
 .debug_macro   0x0000411a       0xe0 out/03_External_Counter_MEF/projects/03_External_Counter_MEF/Core/Src/main.o
 .debug_macro   0x000041fa      0x34c out/03_External_Counter_MEF/projects/03_External_Counter_MEF/Core/Src/main.o
 .debug_macro   0x00004546       0xdc out/03_External_Counter_MEF/projects/03_External_Counter_MEF/Core/Src/main.o
 .debug_macro   0x00004622       0xc4 out/03_External_Counter_MEF/projects/03_External_Counter_MEF/Core/Src/main.o
 .debug_macro   0x000046e6       0x8f out/03_External_Counter_MEF/projects/03_External_Counter_MEF/Core/Src/main.o
 .debug_macro   0x00004775       0x94 out/03_External_Counter_MEF/projects/03_External_Counter_MEF/Core/Src/main.o
 .debug_macro   0x00004809       0xb8 out/03_External_Counter_MEF/projects/03_External_Counter_MEF/Core/Src/main.o
 .debug_macro   0x000048c1       0x4c out/03_External_Counter_MEF/projects/03_External_Counter_MEF/Core/Src/main.o
 .debug_macro   0x0000490d       0x16 out/03_External_Counter_MEF/projects/03_External_Counter_MEF/Core/Src/main.o
 .debug_macro   0x00004923      0x328 out/03_External_Counter_MEF/projects/03_External_Counter_MEF/Core/Src/main.o
 .debug_macro   0x00004c4b       0x3a out/03_External_Counter_MEF/projects/03_External_Counter_MEF/Core/Src/main.o
 .debug_macro   0x00004c85       0xd0 out/03_External_Counter_MEF/projects/03_External_Counter_MEF/Core/Src/main.o
 .debug_macro   0x00004d55       0x18 out/03_External_Counter_MEF/projects/03_External_Counter_MEF/Core/Src/main.o
 .debug_macro   0x00004d6d       0x22 out/03_External_Counter_MEF/projects/03_External_Counter_MEF/Core/Src/main.o
 .debug_macro   0x00004d8f       0x40 out/03_External_Counter_MEF/projects/03_External_Counter_MEF/Core/Src/main.o
 .debug_macro   0x00004dcf       0x16 out/03_External_Counter_MEF/projects/03_External_Counter_MEF/Core/Src/main.o
 .debug_macro   0x00004de5       0x16 out/03_External_Counter_MEF/projects/03_External_Counter_MEF/Core/Src/main.o
 .debug_macro   0x00004dfb      0x329 out/03_External_Counter_MEF/libs/custom_drivers/ciaa_board/ciaa_board.o
 .debug_macro   0x00005124      0x31f out/03_External_Counter_MEF/libs/custom_drivers/gpio/gpio.o
 .debug_macro   0x00005443      0x329 out/03_External_Counter_MEF/libs/custom_drivers/led/led.o
 .debug_macro   0x0000576c      0x342 out/03_External_Counter_MEF/libs/custom_drivers/sys_core/sys_core.o
 .debug_macro   0x00005aae      0x31f out/03_External_Counter_MEF/libs/custom_drivers/systick/systick.o
 .debug_macro   0x00005dcd      0x315 out/03_External_Counter_MEF/libs/lpc_open/lpc_chip_43xx/src/adc_18xx_43xx.o
 .debug_macro   0x000060e2      0x321 out/03_External_Counter_MEF/libs/lpc_open/lpc_chip_43xx/src/aes_18xx_43xx.o
 .debug_macro   0x00006403      0x315 out/03_External_Counter_MEF/libs/lpc_open/lpc_chip_43xx/src/atimer_18xx_43xx.o
 .debug_macro   0x00006718      0x315 out/03_External_Counter_MEF/libs/lpc_open/lpc_chip_43xx/src/ccan_18xx_43xx.o
 .debug_macro   0x00006a2d      0x315 out/03_External_Counter_MEF/libs/lpc_open/lpc_chip_43xx/src/chip_18xx_43xx.o
 .debug_macro   0x00006d42      0x31b out/03_External_Counter_MEF/libs/lpc_open/lpc_chip_43xx/src/clock_18xx_43xx.o
 .debug_macro   0x0000705d      0x315 out/03_External_Counter_MEF/libs/lpc_open/lpc_chip_43xx/src/dac_18xx_43xx.o
 .debug_macro   0x00007372      0x315 out/03_External_Counter_MEF/libs/lpc_open/lpc_chip_43xx/src/eeprom_18xx_43xx.o
 .debug_macro   0x00007687      0x31b out/03_External_Counter_MEF/libs/lpc_open/lpc_chip_43xx/src/emc_18xx_43xx.o
 .debug_macro   0x000079a2      0x315 out/03_External_Counter_MEF/libs/lpc_open/lpc_chip_43xx/src/enet_18xx_43xx.o
 .debug_macro   0x00007cb7      0x315 out/03_External_Counter_MEF/libs/lpc_open/lpc_chip_43xx/src/evrt_18xx_43xx.o
 .debug_macro   0x00007fcc      0x315 out/03_External_Counter_MEF/libs/lpc_open/lpc_chip_43xx/src/gpdma_18xx_43xx.o
 .debug_macro   0x000082e1      0x315 out/03_External_Counter_MEF/libs/lpc_open/lpc_chip_43xx/src/gpio_18xx_43xx.o
 .debug_macro   0x000085f6      0x315 out/03_External_Counter_MEF/libs/lpc_open/lpc_chip_43xx/src/gpiogroup_18xx_43xx.o
 .debug_macro   0x0000890b      0x327 out/03_External_Counter_MEF/libs/lpc_open/lpc_chip_43xx/src/i2c_18xx_43xx.o
 .debug_macro   0x00008c32      0x31b out/03_External_Counter_MEF/libs/lpc_open/lpc_chip_43xx/src/i2cm_18xx_43xx.o
 .debug_macro   0x00008f4d      0x315 out/03_External_Counter_MEF/libs/lpc_open/lpc_chip_43xx/src/i2s_18xx_43xx.o
 .debug_macro   0x00009262      0x315 out/03_External_Counter_MEF/libs/lpc_open/lpc_chip_43xx/src/iap_18xx_43xx.o
 .debug_macro   0x00009577      0x315 out/03_External_Counter_MEF/libs/lpc_open/lpc_chip_43xx/src/lcd_18xx_43xx.o
 .debug_macro   0x0000988c      0x321 out/03_External_Counter_MEF/libs/lpc_open/lpc_chip_43xx/src/otp_18xx_43xx.o
 .debug_macro   0x00009bad      0x315 out/03_External_Counter_MEF/libs/lpc_open/lpc_chip_43xx/src/pinint_18xx_43xx.o
 .debug_macro   0x00009ec2      0x315 out/03_External_Counter_MEF/libs/lpc_open/lpc_chip_43xx/src/pmc_18xx_43xx.o
 .debug_macro   0x0000a1d7      0x13b out/03_External_Counter_MEF/libs/lpc_open/lpc_chip_43xx/src/ring_buffer.o
 .debug_macro   0x0000a312       0x75 out/03_External_Counter_MEF/libs/lpc_open/lpc_chip_43xx/src/ring_buffer.o
 .debug_macro   0x0000a387       0x2a out/03_External_Counter_MEF/libs/lpc_open/lpc_chip_43xx/src/ring_buffer.o
 .debug_macro   0x0000a3b1       0x5c out/03_External_Counter_MEF/libs/lpc_open/lpc_chip_43xx/src/ring_buffer.o
 .debug_macro   0x0000a40d       0x3c out/03_External_Counter_MEF/libs/lpc_open/lpc_chip_43xx/src/ring_buffer.o
 .debug_macro   0x0000a449       0x34 out/03_External_Counter_MEF/libs/lpc_open/lpc_chip_43xx/src/ring_buffer.o
 .debug_macro   0x0000a47d      0x189 out/03_External_Counter_MEF/libs/lpc_open/lpc_chip_43xx/src/ring_buffer.o
 .debug_macro   0x0000a606       0x57 out/03_External_Counter_MEF/libs/lpc_open/lpc_chip_43xx/src/ring_buffer.o
 .debug_macro   0x0000a65d      0x372 out/03_External_Counter_MEF/libs/lpc_open/lpc_chip_43xx/src/ring_buffer.o
 .debug_macro   0x0000a9cf       0x16 out/03_External_Counter_MEF/libs/lpc_open/lpc_chip_43xx/src/ring_buffer.o
 .debug_macro   0x0000a9e5       0x4a out/03_External_Counter_MEF/libs/lpc_open/lpc_chip_43xx/src/ring_buffer.o
 .debug_macro   0x0000aa2f       0x34 out/03_External_Counter_MEF/libs/lpc_open/lpc_chip_43xx/src/ring_buffer.o
 .debug_macro   0x0000aa63       0x10 out/03_External_Counter_MEF/libs/lpc_open/lpc_chip_43xx/src/ring_buffer.o
 .debug_macro   0x0000aa73       0x58 out/03_External_Counter_MEF/libs/lpc_open/lpc_chip_43xx/src/ring_buffer.o
 .debug_macro   0x0000aacb      0x1e5 out/03_External_Counter_MEF/libs/lpc_open/lpc_chip_43xx/src/ring_buffer.o
 .debug_macro   0x0000acb0       0x10 out/03_External_Counter_MEF/libs/lpc_open/lpc_chip_43xx/src/ring_buffer.o
 .debug_macro   0x0000acc0       0x3c out/03_External_Counter_MEF/libs/lpc_open/lpc_chip_43xx/src/ring_buffer.o
 .debug_macro   0x0000acfc       0x6c out/03_External_Counter_MEF/libs/lpc_open/lpc_chip_43xx/src/ring_buffer.o
 .debug_macro   0x0000ad68       0x10 out/03_External_Counter_MEF/libs/lpc_open/lpc_chip_43xx/src/ring_buffer.o
 .debug_macro   0x0000ad78      0x315 out/03_External_Counter_MEF/libs/lpc_open/lpc_chip_43xx/src/ritimer_18xx_43xx.o
 .debug_macro   0x0000b08d      0x315 out/03_External_Counter_MEF/libs/lpc_open/lpc_chip_43xx/src/rtc_18xx_43xx.o
 .debug_macro   0x0000b3a2      0x315 out/03_External_Counter_MEF/libs/lpc_open/lpc_chip_43xx/src/sct_18xx_43xx.o
 .debug_macro   0x0000b6b7      0x315 out/03_External_Counter_MEF/libs/lpc_open/lpc_chip_43xx/src/sct_pwm_18xx_43xx.o
 .debug_macro   0x0000b9cc      0x3c0 out/03_External_Counter_MEF/libs/lpc_open/lpc_chip_43xx/src/sdif_18xx_43xx.o
 .debug_macro   0x0000bd8c       0x7b out/03_External_Counter_MEF/libs/lpc_open/lpc_chip_43xx/src/sdif_18xx_43xx.o
 .debug_macro   0x0000be07      0x327 out/03_External_Counter_MEF/libs/lpc_open/lpc_chip_43xx/src/sdio_18xx_43xx.o
 .debug_macro   0x0000c12e      0x3c6 out/03_External_Counter_MEF/libs/lpc_open/lpc_chip_43xx/src/sdmmc_18xx_43xx.o
 .debug_macro   0x0000c4f4      0x315 out/03_External_Counter_MEF/libs/lpc_open/lpc_chip_43xx/src/spi_18xx_43xx.o
 .debug_macro   0x0000c809      0x315 out/03_External_Counter_MEF/libs/lpc_open/lpc_chip_43xx/src/ssp_18xx_43xx.o
 .debug_macro   0x0000cb1e      0x31f out/03_External_Counter_MEF/libs/lpc_open/lpc_chip_43xx/src/stopwatch_18xx_43xx.o
 .debug_macro   0x0000ce3d      0x315 out/03_External_Counter_MEF/libs/lpc_open/lpc_chip_43xx/src/sysinit_18xx_43xx.o
 .debug_macro   0x0000d152      0x315 out/03_External_Counter_MEF/libs/lpc_open/lpc_chip_43xx/src/timer_18xx_43xx.o
 .debug_macro   0x0000d467      0x315 out/03_External_Counter_MEF/libs/lpc_open/lpc_chip_43xx/src/uart_18xx_43xx.o
 .debug_macro   0x0000d77c      0x315 out/03_External_Counter_MEF/libs/lpc_open/lpc_chip_43xx/src/wwdt_18xx_43xx.o

.debug_line     0x00000000    0x186a9
 .debug_line    0x00000000      0x285 out/03_External_Counter_MEF/libs/startup/src/startup.o
 .debug_line    0x00000285      0x9a8 out/03_External_Counter_MEF/projects/03_External_Counter_MEF/Core/Src/main.o
 .debug_line    0x00000c2d      0x7dd out/03_External_Counter_MEF/libs/custom_drivers/ciaa_board/ciaa_board.o
 .debug_line    0x0000140a      0x835 out/03_External_Counter_MEF/libs/custom_drivers/gpio/gpio.o
 .debug_line    0x00001c3f      0x79c out/03_External_Counter_MEF/libs/custom_drivers/led/led.o
 .debug_line    0x000023db      0x7f9 out/03_External_Counter_MEF/libs/custom_drivers/sys_core/sys_core.o
 .debug_line    0x00002bd4      0x803 out/03_External_Counter_MEF/libs/custom_drivers/systick/systick.o
 .debug_line    0x000033d7      0x90c out/03_External_Counter_MEF/libs/lpc_open/lpc_chip_43xx/src/adc_18xx_43xx.o
 .debug_line    0x00003ce3      0x835 out/03_External_Counter_MEF/libs/lpc_open/lpc_chip_43xx/src/aes_18xx_43xx.o
 .debug_line    0x00004518      0x77e out/03_External_Counter_MEF/libs/lpc_open/lpc_chip_43xx/src/atimer_18xx_43xx.o
 .debug_line    0x00004c96      0xb00 out/03_External_Counter_MEF/libs/lpc_open/lpc_chip_43xx/src/ccan_18xx_43xx.o
 .debug_line    0x00005796      0x7c2 out/03_External_Counter_MEF/libs/lpc_open/lpc_chip_43xx/src/chip_18xx_43xx.o
 .debug_line    0x00005f58      0xf12 out/03_External_Counter_MEF/libs/lpc_open/lpc_chip_43xx/src/clock_18xx_43xx.o
 .debug_line    0x00006e6a      0x781 out/03_External_Counter_MEF/libs/lpc_open/lpc_chip_43xx/src/dac_18xx_43xx.o
 .debug_line    0x000075eb      0x7cb out/03_External_Counter_MEF/libs/lpc_open/lpc_chip_43xx/src/eeprom_18xx_43xx.o
 .debug_line    0x00007db6      0xa09 out/03_External_Counter_MEF/libs/lpc_open/lpc_chip_43xx/src/emc_18xx_43xx.o
 .debug_line    0x000087bf      0x8a0 out/03_External_Counter_MEF/libs/lpc_open/lpc_chip_43xx/src/enet_18xx_43xx.o
 .debug_line    0x0000905f      0x85c out/03_External_Counter_MEF/libs/lpc_open/lpc_chip_43xx/src/evrt_18xx_43xx.o
 .debug_line    0x000098bb      0xc60 out/03_External_Counter_MEF/libs/lpc_open/lpc_chip_43xx/src/gpdma_18xx_43xx.o
 .debug_line    0x0000a51b      0x751 out/03_External_Counter_MEF/libs/lpc_open/lpc_chip_43xx/src/gpio_18xx_43xx.o
 .debug_line    0x0000ac6c      0x742 out/03_External_Counter_MEF/libs/lpc_open/lpc_chip_43xx/src/gpiogroup_18xx_43xx.o
 .debug_line    0x0000b3ae      0xc3a out/03_External_Counter_MEF/libs/lpc_open/lpc_chip_43xx/src/i2c_18xx_43xx.o
 .debug_line    0x0000bfe8      0x9cd out/03_External_Counter_MEF/libs/lpc_open/lpc_chip_43xx/src/i2cm_18xx_43xx.o
 .debug_line    0x0000c9b5      0x983 out/03_External_Counter_MEF/libs/lpc_open/lpc_chip_43xx/src/i2s_18xx_43xx.o
 .debug_line    0x0000d338      0x84c out/03_External_Counter_MEF/libs/lpc_open/lpc_chip_43xx/src/iap_18xx_43xx.o
 .debug_line    0x0000db84      0x977 out/03_External_Counter_MEF/libs/lpc_open/lpc_chip_43xx/src/lcd_18xx_43xx.o
 .debug_line    0x0000e4fb      0x7f8 out/03_External_Counter_MEF/libs/lpc_open/lpc_chip_43xx/src/otp_18xx_43xx.o
 .debug_line    0x0000ecf3      0x73f out/03_External_Counter_MEF/libs/lpc_open/lpc_chip_43xx/src/pinint_18xx_43xx.o
 .debug_line    0x0000f432      0x766 out/03_External_Counter_MEF/libs/lpc_open/lpc_chip_43xx/src/pmc_18xx_43xx.o
 .debug_line    0x0000fb98      0x511 out/03_External_Counter_MEF/libs/lpc_open/lpc_chip_43xx/src/ring_buffer.o
 .debug_line    0x000100a9      0x7b3 out/03_External_Counter_MEF/libs/lpc_open/lpc_chip_43xx/src/ritimer_18xx_43xx.o
 .debug_line    0x0001085c      0x96b out/03_External_Counter_MEF/libs/lpc_open/lpc_chip_43xx/src/rtc_18xx_43xx.o
 .debug_line    0x000111c7      0x792 out/03_External_Counter_MEF/libs/lpc_open/lpc_chip_43xx/src/sct_18xx_43xx.o
 .debug_line    0x00011959      0x805 out/03_External_Counter_MEF/libs/lpc_open/lpc_chip_43xx/src/sct_pwm_18xx_43xx.o
 .debug_line    0x0001215e      0x952 out/03_External_Counter_MEF/libs/lpc_open/lpc_chip_43xx/src/sdif_18xx_43xx.o
 .debug_line    0x00012ab0      0xcca out/03_External_Counter_MEF/libs/lpc_open/lpc_chip_43xx/src/sdio_18xx_43xx.o
 .debug_line    0x0001377a      0xe53 out/03_External_Counter_MEF/libs/lpc_open/lpc_chip_43xx/src/sdmmc_18xx_43xx.o
 .debug_line    0x000145cd      0x924 out/03_External_Counter_MEF/libs/lpc_open/lpc_chip_43xx/src/spi_18xx_43xx.o
 .debug_line    0x00014ef1      0xcc2 out/03_External_Counter_MEF/libs/lpc_open/lpc_chip_43xx/src/ssp_18xx_43xx.o
 .debug_line    0x00015bb3      0x7de out/03_External_Counter_MEF/libs/lpc_open/lpc_chip_43xx/src/stopwatch_18xx_43xx.o
 .debug_line    0x00016391      0x882 out/03_External_Counter_MEF/libs/lpc_open/lpc_chip_43xx/src/sysinit_18xx_43xx.o
 .debug_line    0x00016c13      0x7df out/03_External_Counter_MEF/libs/lpc_open/lpc_chip_43xx/src/timer_18xx_43xx.o
 .debug_line    0x000173f2      0xb42 out/03_External_Counter_MEF/libs/lpc_open/lpc_chip_43xx/src/uart_18xx_43xx.o
 .debug_line    0x00017f34      0x775 out/03_External_Counter_MEF/libs/lpc_open/lpc_chip_43xx/src/wwdt_18xx_43xx.o

.debug_str      0x00000000    0x207dd
 .debug_str     0x00000000    0x207dd out/03_External_Counter_MEF/libs/startup/src/startup.o
                               0x3dca (size before relaxing)
 .debug_str     0x000207dd        0x0 out/03_External_Counter_MEF/projects/03_External_Counter_MEF/Core/Src/main.o
                              0x17707 (size before relaxing)
 .debug_str     0x000207dd        0x0 out/03_External_Counter_MEF/libs/custom_drivers/ciaa_board/ciaa_board.o
                              0x17522 (size before relaxing)
 .debug_str     0x000207dd        0x0 out/03_External_Counter_MEF/libs/custom_drivers/gpio/gpio.o
                              0x16b3e (size before relaxing)
 .debug_str     0x000207dd        0x0 out/03_External_Counter_MEF/libs/custom_drivers/led/led.o
                              0x16a21 (size before relaxing)
 .debug_str     0x000207dd        0x0 out/03_External_Counter_MEF/libs/custom_drivers/sys_core/sys_core.o
                              0x17420 (size before relaxing)
 .debug_str     0x000207dd        0x0 out/03_External_Counter_MEF/libs/custom_drivers/systick/systick.o
                              0x177de (size before relaxing)
 .debug_str     0x000207dd        0x0 out/03_External_Counter_MEF/libs/lpc_open/lpc_chip_43xx/src/adc_18xx_43xx.o
                              0x1719b (size before relaxing)
 .debug_str     0x000207dd        0x0 out/03_External_Counter_MEF/libs/lpc_open/lpc_chip_43xx/src/aes_18xx_43xx.o
                              0x17610 (size before relaxing)
 .debug_str     0x000207dd        0x0 out/03_External_Counter_MEF/libs/lpc_open/lpc_chip_43xx/src/atimer_18xx_43xx.o
                              0x169e7 (size before relaxing)
 .debug_str     0x000207dd        0x0 out/03_External_Counter_MEF/libs/lpc_open/lpc_chip_43xx/src/ccan_18xx_43xx.o
                              0x170bd (size before relaxing)
 .debug_str     0x000207dd        0x0 out/03_External_Counter_MEF/libs/lpc_open/lpc_chip_43xx/src/chip_18xx_43xx.o
                              0x1775d (size before relaxing)
 .debug_str     0x000207dd        0x0 out/03_External_Counter_MEF/libs/lpc_open/lpc_chip_43xx/src/clock_18xx_43xx.o
                              0x17bbf (size before relaxing)
 .debug_str     0x000207dd        0x0 out/03_External_Counter_MEF/libs/lpc_open/lpc_chip_43xx/src/dac_18xx_43xx.o
                              0x16dc2 (size before relaxing)
 .debug_str     0x000207dd        0x0 out/03_External_Counter_MEF/libs/lpc_open/lpc_chip_43xx/src/eeprom_18xx_43xx.o
                              0x16e87 (size before relaxing)
 .debug_str     0x000207dd        0x0 out/03_External_Counter_MEF/libs/lpc_open/lpc_chip_43xx/src/emc_18xx_43xx.o
                              0x16f0b (size before relaxing)
 .debug_str     0x000207dd        0x0 out/03_External_Counter_MEF/libs/lpc_open/lpc_chip_43xx/src/enet_18xx_43xx.o
                              0x177a6 (size before relaxing)
 .debug_str     0x000207dd        0x0 out/03_External_Counter_MEF/libs/lpc_open/lpc_chip_43xx/src/evrt_18xx_43xx.o
                              0x16c3b (size before relaxing)
 .debug_str     0x000207dd        0x0 out/03_External_Counter_MEF/libs/lpc_open/lpc_chip_43xx/src/gpdma_18xx_43xx.o
                              0x17c0d (size before relaxing)
 .debug_str     0x000207dd        0x0 out/03_External_Counter_MEF/libs/lpc_open/lpc_chip_43xx/src/gpio_18xx_43xx.o
                              0x16952 (size before relaxing)
 .debug_str     0x000207dd        0x0 out/03_External_Counter_MEF/libs/lpc_open/lpc_chip_43xx/src/gpiogroup_18xx_43xx.o
                              0x168f6 (size before relaxing)
 .debug_str     0x000207dd        0x0 out/03_External_Counter_MEF/libs/lpc_open/lpc_chip_43xx/src/i2c_18xx_43xx.o
                              0x17932 (size before relaxing)
 .debug_str     0x000207dd        0x0 out/03_External_Counter_MEF/libs/lpc_open/lpc_chip_43xx/src/i2cm_18xx_43xx.o
                              0x16f9f (size before relaxing)
 .debug_str     0x000207dd        0x0 out/03_External_Counter_MEF/libs/lpc_open/lpc_chip_43xx/src/i2s_18xx_43xx.o
                              0x16f5f (size before relaxing)
 .debug_str     0x000207dd        0x0 out/03_External_Counter_MEF/libs/lpc_open/lpc_chip_43xx/src/iap_18xx_43xx.o
                              0x16cf2 (size before relaxing)
 .debug_str     0x000207dd        0x0 out/03_External_Counter_MEF/libs/lpc_open/lpc_chip_43xx/src/lcd_18xx_43xx.o
                              0x17622 (size before relaxing)
 .debug_str     0x000207dd        0x0 out/03_External_Counter_MEF/libs/lpc_open/lpc_chip_43xx/src/otp_18xx_43xx.o
                              0x175b4 (size before relaxing)
 .debug_str     0x000207dd        0x0 out/03_External_Counter_MEF/libs/lpc_open/lpc_chip_43xx/src/pinint_18xx_43xx.o
                              0x168f3 (size before relaxing)
 .debug_str     0x000207dd        0x0 out/03_External_Counter_MEF/libs/lpc_open/lpc_chip_43xx/src/pmc_18xx_43xx.o
                              0x16a11 (size before relaxing)
 .debug_str     0x000207dd        0x0 out/03_External_Counter_MEF/libs/lpc_open/lpc_chip_43xx/src/ring_buffer.o
                               0x7009 (size before relaxing)
 .debug_str     0x000207dd        0x0 out/03_External_Counter_MEF/libs/lpc_open/lpc_chip_43xx/src/ritimer_18xx_43xx.o
                              0x16e0c (size before relaxing)
 .debug_str     0x000207dd        0x0 out/03_External_Counter_MEF/libs/lpc_open/lpc_chip_43xx/src/rtc_18xx_43xx.o
                              0x16cf3 (size before relaxing)
 .debug_str     0x000207dd        0x0 out/03_External_Counter_MEF/libs/lpc_open/lpc_chip_43xx/src/sct_18xx_43xx.o
                              0x16f84 (size before relaxing)
 .debug_str     0x000207dd        0x0 out/03_External_Counter_MEF/libs/lpc_open/lpc_chip_43xx/src/sct_pwm_18xx_43xx.o
                              0x16ffa (size before relaxing)
 .debug_str     0x000207dd        0x0 out/03_External_Counter_MEF/libs/lpc_open/lpc_chip_43xx/src/sdif_18xx_43xx.o
                              0x19e07 (size before relaxing)
 .debug_str     0x000207dd        0x0 out/03_External_Counter_MEF/libs/lpc_open/lpc_chip_43xx/src/sdio_18xx_43xx.o
                              0x1786d (size before relaxing)
 .debug_str     0x000207dd        0x0 out/03_External_Counter_MEF/libs/lpc_open/lpc_chip_43xx/src/sdmmc_18xx_43xx.o
                              0x1a844 (size before relaxing)
 .debug_str     0x000207dd        0x0 out/03_External_Counter_MEF/libs/lpc_open/lpc_chip_43xx/src/spi_18xx_43xx.o
                              0x17101 (size before relaxing)
 .debug_str     0x000207dd        0x0 out/03_External_Counter_MEF/libs/lpc_open/lpc_chip_43xx/src/ssp_18xx_43xx.o
                              0x17391 (size before relaxing)
 .debug_str     0x000207dd        0x0 out/03_External_Counter_MEF/libs/lpc_open/lpc_chip_43xx/src/stopwatch_18xx_43xx.o
                              0x1748a (size before relaxing)
 .debug_str     0x000207dd        0x0 out/03_External_Counter_MEF/libs/lpc_open/lpc_chip_43xx/src/sysinit_18xx_43xx.o
                              0x17651 (size before relaxing)
 .debug_str     0x000207dd        0x0 out/03_External_Counter_MEF/libs/lpc_open/lpc_chip_43xx/src/timer_18xx_43xx.o
                              0x16e5c (size before relaxing)
 .debug_str     0x000207dd        0x0 out/03_External_Counter_MEF/libs/lpc_open/lpc_chip_43xx/src/uart_18xx_43xx.o
                              0x17800 (size before relaxing)
 .debug_str     0x000207dd        0x0 out/03_External_Counter_MEF/libs/lpc_open/lpc_chip_43xx/src/wwdt_18xx_43xx.o
                              0x16975 (size before relaxing)

.comment        0x00000000       0x45
 .comment       0x00000000       0x45 out/03_External_Counter_MEF/libs/startup/src/startup.o
                                 0x46 (size before relaxing)
 .comment       0x00000045        0x0 out/03_External_Counter_MEF/projects/03_External_Counter_MEF/Core/Src/main.o
                                 0x46 (size before relaxing)
 .comment       0x00000045        0x0 out/03_External_Counter_MEF/libs/custom_drivers/ciaa_board/ciaa_board.o
                                 0x46 (size before relaxing)
 .comment       0x00000045        0x0 out/03_External_Counter_MEF/libs/custom_drivers/gpio/gpio.o
                                 0x46 (size before relaxing)
 .comment       0x00000045        0x0 out/03_External_Counter_MEF/libs/custom_drivers/led/led.o
                                 0x46 (size before relaxing)
 .comment       0x00000045        0x0 out/03_External_Counter_MEF/libs/custom_drivers/sys_core/sys_core.o
                                 0x46 (size before relaxing)
 .comment       0x00000045        0x0 out/03_External_Counter_MEF/libs/custom_drivers/systick/systick.o
                                 0x46 (size before relaxing)
 .comment       0x00000045        0x0 out/03_External_Counter_MEF/libs/lpc_open/lpc_chip_43xx/src/adc_18xx_43xx.o
                                 0x46 (size before relaxing)
 .comment       0x00000045        0x0 out/03_External_Counter_MEF/libs/lpc_open/lpc_chip_43xx/src/aes_18xx_43xx.o
                                 0x46 (size before relaxing)
 .comment       0x00000045        0x0 out/03_External_Counter_MEF/libs/lpc_open/lpc_chip_43xx/src/atimer_18xx_43xx.o
                                 0x46 (size before relaxing)
 .comment       0x00000045        0x0 out/03_External_Counter_MEF/libs/lpc_open/lpc_chip_43xx/src/ccan_18xx_43xx.o
                                 0x46 (size before relaxing)
 .comment       0x00000045        0x0 out/03_External_Counter_MEF/libs/lpc_open/lpc_chip_43xx/src/chip_18xx_43xx.o
                                 0x46 (size before relaxing)
 .comment       0x00000045        0x0 out/03_External_Counter_MEF/libs/lpc_open/lpc_chip_43xx/src/clock_18xx_43xx.o
                                 0x46 (size before relaxing)
 .comment       0x00000045        0x0 out/03_External_Counter_MEF/libs/lpc_open/lpc_chip_43xx/src/dac_18xx_43xx.o
                                 0x46 (size before relaxing)
 .comment       0x00000045        0x0 out/03_External_Counter_MEF/libs/lpc_open/lpc_chip_43xx/src/eeprom_18xx_43xx.o
                                 0x46 (size before relaxing)
 .comment       0x00000045        0x0 out/03_External_Counter_MEF/libs/lpc_open/lpc_chip_43xx/src/emc_18xx_43xx.o
                                 0x46 (size before relaxing)
 .comment       0x00000045        0x0 out/03_External_Counter_MEF/libs/lpc_open/lpc_chip_43xx/src/enet_18xx_43xx.o
                                 0x46 (size before relaxing)
 .comment       0x00000045        0x0 out/03_External_Counter_MEF/libs/lpc_open/lpc_chip_43xx/src/evrt_18xx_43xx.o
                                 0x46 (size before relaxing)
 .comment       0x00000045        0x0 out/03_External_Counter_MEF/libs/lpc_open/lpc_chip_43xx/src/gpdma_18xx_43xx.o
                                 0x46 (size before relaxing)
 .comment       0x00000045        0x0 out/03_External_Counter_MEF/libs/lpc_open/lpc_chip_43xx/src/gpio_18xx_43xx.o
                                 0x46 (size before relaxing)
 .comment       0x00000045        0x0 out/03_External_Counter_MEF/libs/lpc_open/lpc_chip_43xx/src/gpiogroup_18xx_43xx.o
                                 0x46 (size before relaxing)
 .comment       0x00000045        0x0 out/03_External_Counter_MEF/libs/lpc_open/lpc_chip_43xx/src/i2c_18xx_43xx.o
                                 0x46 (size before relaxing)
 .comment       0x00000045        0x0 out/03_External_Counter_MEF/libs/lpc_open/lpc_chip_43xx/src/i2cm_18xx_43xx.o
                                 0x46 (size before relaxing)
 .comment       0x00000045        0x0 out/03_External_Counter_MEF/libs/lpc_open/lpc_chip_43xx/src/i2s_18xx_43xx.o
                                 0x46 (size before relaxing)
 .comment       0x00000045        0x0 out/03_External_Counter_MEF/libs/lpc_open/lpc_chip_43xx/src/iap_18xx_43xx.o
                                 0x46 (size before relaxing)
 .comment       0x00000045        0x0 out/03_External_Counter_MEF/libs/lpc_open/lpc_chip_43xx/src/lcd_18xx_43xx.o
                                 0x46 (size before relaxing)
 .comment       0x00000045        0x0 out/03_External_Counter_MEF/libs/lpc_open/lpc_chip_43xx/src/otp_18xx_43xx.o
                                 0x46 (size before relaxing)
 .comment       0x00000045        0x0 out/03_External_Counter_MEF/libs/lpc_open/lpc_chip_43xx/src/pinint_18xx_43xx.o
                                 0x46 (size before relaxing)
 .comment       0x00000045        0x0 out/03_External_Counter_MEF/libs/lpc_open/lpc_chip_43xx/src/pmc_18xx_43xx.o
                                 0x46 (size before relaxing)
 .comment       0x00000045        0x0 out/03_External_Counter_MEF/libs/lpc_open/lpc_chip_43xx/src/ring_buffer.o
                                 0x46 (size before relaxing)
 .comment       0x00000045        0x0 out/03_External_Counter_MEF/libs/lpc_open/lpc_chip_43xx/src/ritimer_18xx_43xx.o
                                 0x46 (size before relaxing)
 .comment       0x00000045        0x0 out/03_External_Counter_MEF/libs/lpc_open/lpc_chip_43xx/src/rtc_18xx_43xx.o
                                 0x46 (size before relaxing)
 .comment       0x00000045        0x0 out/03_External_Counter_MEF/libs/lpc_open/lpc_chip_43xx/src/sct_18xx_43xx.o
                                 0x46 (size before relaxing)
 .comment       0x00000045        0x0 out/03_External_Counter_MEF/libs/lpc_open/lpc_chip_43xx/src/sct_pwm_18xx_43xx.o
                                 0x46 (size before relaxing)