Archive member included to satisfy reference by file (symbol)

C:/Users/Carlitoz MF/Documents/Microcontroladores/CIAA-Github/tools/gcc-arm/bin/../lib/gcc/arm-none-eabi/15.2.1/thumb/v7e-m+fp/hard\libgcc.a(_aeabi_uldivmod.o)
                              out/01_GPIO/libs/lpc_open/lpc_chip_43xx/src/i2s_18xx_43xx.o (__aeabi_uldivmod)
C:/Users/Carlitoz MF/Documents/Microcontroladores/CIAA-Github/tools/gcc-arm/bin/../lib/gcc/arm-none-eabi/15.2.1/thumb/v7e-m+fp/hard\libgcc.a(_udivmoddi4.o)
                              C:/Users/Carlitoz MF/Documents/Microcontroladores/CIAA-Github/tools/gcc-arm/bin/../lib/gcc/arm-none-eabi/15.2.1/thumb/v7e-m+fp/hard\libgcc.a(_aeabi_uldivmod.o) (__udivmoddi4)
C:/Users/Carlitoz MF/Documents/Microcontroladores/CIAA-Github/tools/gcc-arm/bin/../lib/gcc/arm-none-eabi/15.2.1/thumb/v7e-m+fp/hard\libgcc.a(_dvmd_tls.o)
                              C:/Users/Carlitoz MF/Documents/Microcontroladores/CIAA-Github/tools/gcc-arm/bin/../lib/gcc/arm-none-eabi/15.2.1/thumb/v7e-m+fp/hard\libgcc.a(_aeabi_uldivmod.o) (__aeabi_ldiv0)
C:/Users/Carlitoz MF/Documents/Microcontroladores/CIAA-Github/tools/gcc-arm/bin/../lib/gcc/arm-none-eabi/15.2.1/../../../../arm-none-eabi/lib/thumb/v7e-m+fp/hard\libc_nano.a(libc_a-memset.o)
                              out/01_GPIO/libs/lpc_open/lpc_chip_43xx/src/clock_18xx_43xx.o (memset)
C:/Users/Carlitoz MF/Documents/Microcontroladores/CIAA-Github/tools/gcc-arm/bin/../lib/gcc/arm-none-eabi/15.2.1/../../../../arm-none-eabi/lib/thumb/v7e-m+fp/hard\libc_nano.a(libc_a-memcpy-stub.o)
                              out/01_GPIO/libs/lpc_open/lpc_chip_43xx/src/ring_buffer.o (memcpy)

Discarded input sections

 .group         0x00000000        0xc out/01_GPIO/libs/startup/src/startup.o
 .group         0x00000000        0xc out/01_GPIO/libs/startup/src/startup.o
 .group         0x00000000        0xc out/01_GPIO/projects/01_GPIO/Core/Src/main.o
 .group         0x00000000        0xc out/01_GPIO/projects/01_GPIO/Core/Src/main.o
 .group         0x00000000        0xc out/01_GPIO/projects/01_GPIO/Core/Src/main.o
 .group         0x00000000        0xc out/01_GPIO/projects/01_GPIO/Core/Src/main.o
 .group         0x00000000        0xc out/01_GPIO/projects/01_GPIO/Core/Src/main.o
 .group         0x00000000        0xc out/01_GPIO/projects/01_GPIO/Core/Src/main.o
 .group         0x00000000        0xc out/01_GPIO/projects/01_GPIO/Core/Src/main.o
 .group         0x00000000        0xc out/01_GPIO/projects/01_GPIO/Core/Src/main.o
 .group         0x00000000        0xc out/01_GPIO/projects/01_GPIO/Core/Src/main.o
 .group         0x00000000        0xc out/01_GPIO/projects/01_GPIO/Core/Src/main.o
 .group         0x00000000        0xc out/01_GPIO/projects/01_GPIO/Core/Src/main.o
 .group         0x00000000        0xc out/01_GPIO/projects/01_GPIO/Core/Src/main.o
 .group         0x00000000        0xc out/01_GPIO/projects/01_GPIO/Core/Src/main.o
 .group         0x00000000        0xc out/01_GPIO/projects/01_GPIO/Core/Src/main.o
 .group         0x00000000        0xc out/01_GPIO/projects/01_GPIO/Core/Src/main.o
 .group         0x00000000        0xc out/01_GPIO/projects/01_GPIO/Core/Src/main.o
 .group         0x00000000        0xc out/01_GPIO/projects/01_GPIO/Core/Src/main.o
 .group         0x00000000        0xc out/01_GPIO/projects/01_GPIO/Core/Src/main.o
 .group         0x00000000        0xc out/01_GPIO/projects/01_GPIO/Core/Src/main.o
 .group         0x00000000        0xc out/01_GPIO/projects/01_GPIO/Core/Src/main.o
 .group         0x00000000        0xc out/01_GPIO/projects/01_GPIO/Core/Src/main.o
 .group         0x00000000        0xc out/01_GPIO/projects/01_GPIO/Core/Src/main.o
 .group         0x00000000        0xc out/01_GPIO/projects/01_GPIO/Core/Src/main.o
 .group         0x00000000        0xc out/01_GPIO/projects/01_GPIO/Core/Src/main.o
 .group         0x00000000        0xc out/01_GPIO/projects/01_GPIO/Core/Src/main.o
 .group         0x00000000        0xc out/01_GPIO/projects/01_GPIO/Core/Src/main.o
 .group         0x00000000        0xc out/01_GPIO/projects/01_GPIO/Core/Src/main.o
 .group         0x00000000        0xc out/01_GPIO/projects/01_GPIO/Core/Src/main.o
 .group         0x00000000        0xc out/01_GPIO/projects/01_GPIO/Core/Src/main.o
 .group         0x00000000        0xc out/01_GPIO/projects/01_GPIO/Core/Src/main.o
 .group         0x00000000        0xc out/01_GPIO/projects/01_GPIO/Core/Src/main.o
 .group         0x00000000        0xc out/01_GPIO/projects/01_GPIO/Core/Src/main.o
 .group         0x00000000        0xc out/01_GPIO/projects/01_GPIO/Core/Src/main.o
 .group         0x00000000        0xc out/01_GPIO/projects/01_GPIO/Core/Src/main.o
 .group         0x00000000        0xc out/01_GPIO/projects/01_GPIO/Core/Src/main.o
 .group         0x00000000        0xc out/01_GPIO/projects/01_GPIO/Core/Src/main.o
 .group         0x00000000        0xc out/01_GPIO/projects/01_GPIO/Core/Src/main.o
 .group         0x00000000        0xc out/01_GPIO/projects/01_GPIO/Core/Src/main.o
[...]
Memory Configuration

Name             Origin             Length             Attributes
MFlashA512       0x1a000000         0x00080000         xr
RamLoc32         0x10000000         0x00008000         xrw
RamLoc40         0x10080000         0x0000a000         xrw
*default*        0x00000000         0xffffffff

Linker script and memory map

LOAD out/01_GPIO/libs/startup/src/startup.o
LOAD out/01_GPIO/projects/01_GPIO/Core/Src/main.o
LOAD out/01_GPIO/libs/lpc_open/lpc_chip_43xx/src/adc_18xx_43xx.o
LOAD out/01_GPIO/libs/lpc_open/lpc_chip_43xx/src/aes_18xx_43xx.o
LOAD out/01_GPIO/libs/lpc_open/lpc_chip_43xx/src/atimer_18xx_43xx.o
LOAD out/01_GPIO/libs/lpc_open/lpc_chip_43xx/src/ccan_18xx_43xx.o
LOAD out/01_GPIO/libs/lpc_open/lpc_chip_43xx/src/chip_18xx_43xx.o
LOAD out/01_GPIO/libs/lpc_open/lpc_chip_43xx/src/clock_18xx_43xx.o
LOAD out/01_GPIO/libs/lpc_open/lpc_chip_43xx/src/dac_18xx_43xx.o
LOAD out/01_GPIO/libs/lpc_open/lpc_chip_43xx/src/eeprom_18xx_43xx.o
LOAD out/01_GPIO/libs/lpc_open/lpc_chip_43xx/src/emc_18xx_43xx.o
LOAD out/01_GPIO/libs/lpc_open/lpc_chip_43xx/src/enet_18xx_43xx.o
LOAD out/01_GPIO/libs/lpc_open/lpc_chip_43xx/src/evrt_18xx_43xx.o
LOAD out/01_GPIO/libs/lpc_open/lpc_chip_43xx/src/gpdma_18xx_43xx.o
LOAD out/01_GPIO/libs/lpc_open/lpc_chip_43xx/src/gpio_18xx_43xx.o
LOAD out/01_GPIO/libs/lpc_open/lpc_chip_43xx/src/gpiogroup_18xx_43xx.o
LOAD out/01_GPIO/libs/lpc_open/lpc_chip_43xx/src/i2c_18xx_43xx.o
LOAD out/01_GPIO/libs/lpc_open/lpc_chip_43xx/src/i2cm_18xx_43xx.o
LOAD out/01_GPIO/libs/lpc_open/lpc_chip_43xx/src/i2s_18xx_43xx.o
LOAD out/01_GPIO/libs/lpc_open/lpc_chip_43xx/src/iap_18xx_43xx.o
LOAD out/01_GPIO/libs/lpc_open/lpc_chip_43xx/src/lcd_18xx_43xx.o
LOAD out/01_GPIO/libs/lpc_open/lpc_chip_43xx/src/otp_18xx_43xx.o
LOAD out/01_GPIO/libs/lpc_open/lpc_chip_43xx/src/pinint_18xx_43xx.o
LOAD out/01_GPIO/libs/lpc_open/lpc_chip_43xx/src/pmc_18xx_43xx.o
LOAD out/01_GPIO/libs/lpc_open/lpc_chip_43xx/src/ring_buffer.o
LOAD out/01_GPIO/libs/lpc_open/lpc_chip_43xx/src/ritimer_18xx_43xx.o
LOAD out/01_GPIO/libs/lpc_open/lpc_chip_43xx/src/rtc_18xx_43xx.o
LOAD out/01_GPIO/libs/lpc_open/lpc_chip_43xx/src/sct_18xx_43xx.o
LOAD out/01_GPIO/libs/lpc_open/lpc_chip_43xx/src/sct_pwm_18xx_43xx.o
LOAD out/01_GPIO/libs/lpc_open/lpc_chip_43xx/src/sdif_18xx_43xx.o
LOAD out/01_GPIO/libs/lpc_open/lpc_chip_43xx/src/sdio_18xx_43xx.o
LOAD out/01_GPIO/libs/lpc_open/lpc_chip_43xx/src/sdmmc_18xx_43xx.o
LOAD out/01_GPIO/libs/lpc_open/lpc_chip_43xx/src/spi_18xx_43xx.o
LOAD out/01_GPIO/libs/lpc_open/lpc_chip_43xx/src/ssp_18xx_43xx.o
LOAD out/01_GPIO/libs/lpc_open/lpc_chip_43xx/src/stopwatch_18xx_43xx.o
LOAD out/01_GPIO/libs/lpc_open/lpc_chip_43xx/src/sysinit_18xx_43xx.o
LOAD out/01_GPIO/libs/lpc_open/lpc_chip_43xx/src/timer_18xx_43xx.o
LOAD out/01_GPIO/libs/lpc_open/lpc_chip_43xx/src/uart_18xx_43xx.o
LOAD out/01_GPIO/libs/lpc_open/lpc_chip_43xx/src/wwdt_18xx_43xx.o
START GROUP
LOAD C:/Users/Carlitoz MF/Documents/Microcontroladores/CIAA-Github/tools/gcc-arm/bin/../lib/gcc/arm-none-eabi/15.2.1/thumb/v7e-m+fp/hard\libgcc.a
LOAD C:/Users/Carlitoz MF/Documents/Microcontroladores/CIAA-Github/tools/gcc-arm/bin/../lib/gcc/arm-none-eabi/15.2.1/../../../../arm-none-eabi/lib/thumb/v7e-m+fp/hard\libc_nano.a
END GROUP
START GROUP
LOAD C:/Users/Carlitoz MF/Documents/Microcontroladores/CIAA-Github/tools/gcc-arm/bin/../lib/gcc/arm-none-eabi/15.2.1/thumb/v7e-m+fp/hard\libgcc.a
LOAD C:/Users/Carlitoz MF/Documents/Microcontroladores/CIAA-Github/tools/gcc-arm/bin/../lib/gcc/arm-none-eabi/15.2.1/../../../../arm-none-eabi/lib/thumb/v7e-m+fp/hard\libc_nano.a
END GROUP
                0x10008000                        __stack_end = 0x10008000

.text           0x1a000000     0x5924
 FILL mask 0xff
                0x1a000000                        __vectors_start__ = .
 *(.isr_vector)
 .isr_vector    0x1a000000       0x40 out/01_GPIO/libs/startup/src/startup.o
                0x1a000000                g_pfnVectors
                0x000002fc                        . = 0x2fc
 *fill*         0x1a000040      0x2bc ff
 *(.crp)
 .crp           0x1a0002fc        0x4 out/01_GPIO/libs/startup/src/startup.o
                0x1a0002fc                crp_symbol
 *(.text*)
 .text          0x1a000300       0x44 out/01_GPIO/libs/startup/src/startup.o
                0x1a000300                DebugMon_Handler
                0x1a000300                HardFault_Handler
                0x1a000300                PendSV_Handler
                0x1a000300                NMI_Handler
                0x1a000300                UsageFault_Handler
                0x1a000300                BusFault_Handler
                0x1a000300                Default_Handler
                0x1a000300                MemManage_Handler
                0x1a000300                SVC_Handler
                0x1a000302                Reset_Handler
 .text          0x1a000344      0x16c out/01_GPIO/projects/01_GPIO/Core/Src/main.o
                0x1a00035c                board_init
                0x1a000480                main
                0x1a0004ac                SysTick_Handler
 .text          0x1a0004b0      0x1d4 out/01_GPIO/libs/lpc_open/lpc_chip_43xx/src/adc_18xx_43xx.o
                0x1a0004f6                setStartMode
                0x1a000504                readAdcVal
                0x1a00051c                Chip_ADC_Init
                0x1a00055c                Chip_ADC_DeInit
                0x1a000572                Chip_ADC_ReadValue
                0x1a00057a                Chip_ADC_ReadStatus
                0x1a0005ac                Chip_ADC_Int_SetChannelCmd
                0x1a0005c8                Chip_ADC_SetStartMode
                0x1a0005e8                Chip_ADC_SetSampleRate
                0x1a00061a                Chip_ADC_SetResolution
                0x1a000626                Chip_ADC_EnableChannel
                0x1a00064a                Chip_ADC_SetBurstCmd
                0x1a00066c                Chip_ADC_ReadByte
 .text          0x1a000684      0x110 out/01_GPIO/libs/lpc_open/lpc_chip_43xx/src/aes_18xx_43xx.o
                0x1a000684                Chip_AES_Init
                0x1a0006d0                Chip_AES_SetMode
                0x1a0006e0                Chip_AES_LoadKey
                0x1a0006f8                Chip_AES_LoadKeyRNG
                0x1a000708                Chip_AES_LoadKeySW
                0x1a000718                Chip_AES_LoadIV_SW
                0x1a000728                Chip_AES_LoadIV_IC
                0x1a000738                Chip_AES_Operate
                0x1a000748                Chip_AES_ProgramKey
                0x1a000764                Chip_AES_Config_DMA
                0x1a000774                Chip_AES_OperateDMA
                0x1a000784                Chip_AES_GetStatusDMA
 .text          0x1a000794       0x16 out/01_GPIO/libs/lpc_open/lpc_chip_43xx/src/atimer_18xx_43xx.o
                0x1a000794                Chip_ATIMER_Init
                0x1a00079e                Chip_ATIMER_DeInit
 *fill*         0x1a0007aa        0x2 ff
 .text          0x1a0007ac      0x3b8 out/01_GPIO/libs/lpc_open/lpc_chip_43xx/src/ccan_18xx_43xx.o
                0x1a000850                Chip_CCAN_DeInit
                0x1a00085c                Chip_CCAN_SetBitRate
                0x1a0008d2                Chip_CCAN_ClearStatus
                0x1a0008e0                Chip_CCAN_TransferMsgObject
                0x1a000906                Chip_CCAN_SetMsgObject
                0x1a0009d0                Chip_CCAN_GetMsgObject
                0x1a000a3e                Chip_CCAN_SetValidMsg
                0x1a000a7e                Chip_CCAN_Init
                0x1a000ab0                Chip_CCAN_Send
                0x1a000b02                Chip_CCAN_AddReceiveID
                0x1a000b2c                Chip_CCAN_DeleteReceiveID
 .text          0x1a000b64       0xc4 out/01_GPIO/libs/lpc_open/lpc_chip_43xx/src/chip_18xx_43xx.o
                0x1a000b98                Chip_USB0_Init
                0x1a000bcc                Chip_USB1_Init
                0x1a000c14                SystemCoreClockUpdate
 .text          0x1a000c28      0x948 out/01_GPIO/libs/lpc_open/lpc_chip_43xx/src/clock_18xx_43xx.o
                0x1a000e58                Chip_Clock_EnableCrystal
                0x1a000ea4                Chip_Clock_DisableCrystal
                0x1a000eb4                Chip_Clock_SetDivider
                0x1a000f0c                Chip_Clock_GetDividerSource
                0x1a000f28                Chip_Clock_GetDividerDivisor
                0x1a000f44                Chip_Clock_GetClockInputHz
                0x1a000ffc                Chip_Clock_CalcMainPLLValue
                0x1a00107c                Chip_Clock_SetupMainPLLMult
                0x1a001118                Chip_Clock_SetupMainPLLHz
                0x1a0011dc                Chip_Clock_GetMainPLLHz
                0x1a001266                Chip_Clock_SetBaseClock
                0x1a0012c4                Chip_Clock_GetBaseClockOpts
                0x1a001304                Chip_Clock_EnableBaseClock
                0x1a001320                Chip_Clock_DisableBaseClock
                0x1a00133c                Chip_Clock_IsBaseClockEnabled
                0x1a00135e                Chip_Clock_GetBaseClock
                0x1a001386                Chip_Clock_GetBaseClocktHz
                0x1a001392                Chip_Clock_EnableOpts
                0x1a0013d0                Chip_Clock_Enable
                0x1a001404                Chip_Clock_RTCEnable
                0x1a00141c                Chip_Clock_Disable
                0x1a001450                Chip_Clock_StartPowerDown
                0x1a001464                Chip_Clock_ClearPowerDown
                0x1a001478                Chip_Clock_GetRate
                0x1a0014c4                Chip_Clock_GetEMCRate
                0x1a0014f8                Chip_Clock_SetupPLL
                0x1a001538                Chip_Clock_EnablePLL
                0x1a00154c                Chip_Clock_DisablePLL
                0x1a001560                Chip_Clock_GetPLLStatus
 .text          0x1a001570       0x4c out/01_GPIO/libs/lpc_open/lpc_chip_43xx/src/dac_18xx_43xx.o
                0x1a001570                Chip_DAC_DeInit
                0x1a00157a                Chip_DAC_UpdateValue
                0x1a00158a                Chip_DAC_SetBias
                0x1a0015a2                Chip_DAC_Init
 .text          0x1a0015bc       0x58 out/01_GPIO/libs/lpc_open/lpc_chip_43xx/src/eeprom_18xx_43xx.o
                0x1a0015d8                Chip_EEPROM_Init
                0x1a0015f0                Chip_EEPROM_WaitForIntStatus
                0x1a001600                Chip_EEPROM_EraseProgramPage
 .text          0x1a001614      0x348 out/01_GPIO/libs/lpc_open/lpc_chip_43xx/src/emc_18xx_43xx.o
                0x1a001672                initDynMem
                0x1a00181e                initStaticMem
                0x1a001886                Chip_EMC_Dynamic_Init
                0x1a0018a0                Chip_EMC_Dynamic_Enable
                0x1a0018c0                Chip_EMC_Static_Init
                0x1a0018d8                Chip_EMC_Mirror
                0x1a0018f8                Chip_EMC_Enable
                0x1a001918                Chip_EMC_LowPowerMode
                0x1a001938                Chip_EMC_Init
 .text          0x1a00195c      0x16c out/01_GPIO/libs/lpc_open/lpc_chip_43xx/src/enet_18xx_43xx.o
                0x1a0019bc                Chip_ENET_DeInit
                0x1a0019d6                Chip_ENET_SetupMII
                0x1a0019e8                Chip_ENET_Init
                0x1a001a64                Chip_ENET_StartMIIWrite
                0x1a001a84                Chip_ENET_StartMIIRead
                0x1a001a9c                Chip_ENET_SetDuplex
                0x1a001ab2                Chip_ENET_SetSpeed
 .text          0x1a001ac8       0xd4 out/01_GPIO/libs/lpc_open/lpc_chip_43xx/src/evrt_18xx_43xx.o
                0x1a001ac8                Chip_EVRT_Init
                0x1a001af8                Chip_EVRT_ConfigIntSrcActiveType
                0x1a001b60                Chip_EVRT_SetUpIntSrc
                0x1a001b80                Chip_EVRT_IsSourceInterrupting
 .text          0x1a001b9c      0x644 out/01_GPIO/libs/lpc_open/lpc_chip_43xx/src/gpdma_18xx_43xx.o
                0x1a001ca8                makeCtrlWord
                0x1a001d8e                setupChannel
                0x1a001e16                Chip_GPDMA_Init
                0x1a001e58                Chip_GPDMA_DeInit
                0x1a001e62                Chip_GPDMA_InitChannelCfg
                0x1a001ee8                Chip_GPDMA_IntGetStatus
                0x1a001f40                Chip_GPDMA_ClearIntPending
                0x1a001f56                Chip_GPDMA_Interrupt
                0x1a001fa0                Chip_GPDMA_ChannelCmd
                0x1a001fc8                Chip_GPDMA_Stop
                0x1a002010                Chip_GPDMA_Transfer
                0x1a0020b0                Chip_GPDMA_PrepareDescriptor
                0x1a00212c                Chip_GPDMA_SGTransfer
                0x1a0021a8                Chip_GPDMA_GetFreeChannel
 .text          0x1a0021e0        0x4 out/01_GPIO/libs/lpc_open/lpc_chip_43xx/src/gpio_18xx_43xx.o
                0x1a0021e0                Chip_GPIO_Init
                0x1a0021e2                Chip_GPIO_DeInit
 .text          0x1a0021e4        0x0 out/01_GPIO/libs/lpc_open/lpc_chip_43xx/src/gpiogroup_18xx_43xx.o
 .text          0x1a0021e4      0x728 out/01_GPIO/libs/lpc_open/lpc_chip_43xx/src/i2c_18xx_43xx.o
                0x1a00226a                Chip_I2C_EventHandler
                0x1a002288                handleMasterXferState
                0x1a0023a8                getSlaveIndex
                0x1a0023e6                handleSlaveXferState
                0x1a002504                Chip_I2C_Init
                0x1a00252c                Chip_I2C_DeInit
                0x1a002550                Chip_I2C_SetClockRate
                0x1a00258c                Chip_I2C_GetClockRate
                0x1a0025b8                Chip_I2C_SetMasterEventHandler
                0x1a0025ec                Chip_I2C_GetMasterEventHandler
                0x1a002600                Chip_I2C_MasterTransfer
                0x1a002690                Chip_I2C_MasterSend
                0x1a0026c2                Chip_I2C_MasterCmdRead
                0x1a002702                Chip_I2C_MasterRead
                0x1a002734                Chip_I2C_IsMasterActive
                0x1a002754                Chip_I2C_MasterStateHandler
                0x1a002788                Chip_I2C_SlaveSetup
                0x1a002810                Chip_I2C_SlaveStateHandler
                0x1a0028a8                Chip_I2C_Disable
                0x1a0028bc                Chip_I2C_IsStateChanged
                0x1a0028d4                Chip_I2C_EventHandlerPolling
 .text          0x1a00290c      0x288 out/01_GPIO/libs/lpc_open/lpc_chip_43xx/src/i2cm_18xx_43xx.o
                0x1a002920                Chip_I2CM_Init
                0x1a002932                Chip_I2CM_DeInit
                0x1a002942                Chip_I2CM_SetBusSpeed
                0x1a002964                Chip_I2CM_XferHandler
                0x1a002a94                Chip_I2CM_Xfer
                0x1a002aa2                Chip_I2CM_XferBlocking
                0x1a002ac6                Chip_I2CM_Write
                0x1a002b38                Chip_I2CM_Read
 .text          0x1a002b94      0x28c out/01_GPIO/libs/lpc_open/lpc_chip_43xx/src/i2s_18xx_43xx.o
                0x1a002c74                Chip_I2S_Init
                0x1a002c7e                Chip_I2S_DeInit
                0x1a002ca0                Chip_I2S_TxConfig
                0x1a002d10                Chip_I2S_RxConfig
                0x1a002d80                Chip_I2S_Int_TxCmd
                0x1a002da8                Chip_I2S_Int_RxCmd
                0x1a002dd0                Chip_I2S_DMA_TxCmd
                0x1a002df8                Chip_I2S_DMA_RxCmd
 .text          0x1a002e20      0x220 out/01_GPIO/libs/lpc_open/lpc_chip_43xx/src/iap_18xx_43xx.o
                0x1a002e20                Chip_IAP_Init
                0x1a002e44                Chip_IAP_PreSectorForReadWrite
                0x1a002e6c                Chip_IAP_CopyRamToFlash
                0x1a002ea8                Chip_IAP_EraseSector
                0x1a002ee4                Chip_IAP_BlankCheckSector
                0x1a002f0c                Chip_IAP_ReadPID
                0x1a002f2c                Chip_IAP_ReadBootCode
                0x1a002f4c                Chip_IAP_Compare
                0x1a002f74                Chip_IAP_ReinvokeISP
                0x1a002f94                Chip_IAP_ReadUID
                0x1a002fcc                Chip_IAP_ErasePage
                0x1a003008                Chip_IAP_SetBootFlashBank
 .text          0x1a003040      0x1f4 out/01_GPIO/libs/lpc_open/lpc_chip_43xx/src/lcd_18xx_43xx.o
                0x1a003040                Chip_LCD_Init
                0x1a00316c                Chip_LCD_DeInit
                0x1a003176                Chip_LCD_Cursor_Config
                0x1a003190                Chip_LCD_Cursor_WriteImage
                0x1a0031c0                Chip_LCD_LoadPalette
 .text          0x1a003234       0xc4 out/01_GPIO/libs/lpc_open/lpc_chip_43xx/src/otp_18xx_43xx.o
                0x1a003234                Chip_OTP_Init
                0x1a003270                Chip_OTP_ProgBootSrc
                0x1a003280                Chip_OTP_ProgJTAGDis
                0x1a003290                Chip_OTP_ProgUSBID
                0x1a0032a0                Chip_OTP_ProgGPWord
                0x1a0032cc                Chip_OTP_ProgKey
                0x1a0032e8                Chip_OTP_GenRand
 .text          0x1a0032f8        0x0 out/01_GPIO/libs/lpc_open/lpc_chip_43xx/src/pinint_18xx_43xx.o
 .text          0x1a0032f8       0x1c out/01_GPIO/libs/lpc_open/lpc_chip_43xx/src/pmc_18xx_43xx.o
                0x1a0032f8                Chip_PMC_Sleep
                0x1a0032fc                Chip_PMC_Set_PwrState
 .text          0x1a003314      0x16a out/01_GPIO/libs/lpc_open/lpc_chip_43xx/src/ring_buffer.o
                0x1a003314                RingBuffer_Init
                0x1a003324                RingBuffer_Insert
                0x1a003354                RingBuffer_InsertMult
                0x1a0033d6                RingBuffer_Pop
                0x1a003406                RingBuffer_PopMult
 *fill*         0x1a00347e        0x2 ff
 .text          0x1a003480       0x68 out/01_GPIO/libs/lpc_open/lpc_chip_43xx/src/ritimer_18xx_43xx.o
                0x1a003480                Chip_RIT_Init
                0x1a0034a2                Chip_RIT_DeInit
                0x1a0034b0                Chip_RIT_SetTimerInterval
                0x1a0034d8                Chip_RIT_GetIntStatus
 .text          0x1a0034e8      0x1d4 out/01_GPIO/libs/lpc_open/lpc_chip_43xx/src/rtc_18xx_43xx.o
                0x1a0034e8                Chip_RTC_DeInit
                0x1a0034ee                Chip_RTC_ResetClockTickCounter
                0x1a003510                Chip_RTC_Enable
                0x1a003528                Chip_RTC_CntIncrIntConfig
                0x1a003546                Chip_RTC_AlarmIntConfig
                0x1a003564                Chip_RTC_SetFullTime
                0x1a003592                Chip_RTC_GetFullTime
                0x1a0035c0                Chip_RTC_SetFullAlarmTime
                0x1a0035e4                Chip_RTC_GetFullAlarmTime
                0x1a0035fe                Chip_RTC_CalibCounterCmd
                0x1a00361e                Chip_RTC_Init
                0x1a003664                Chip_RTC_EV_GetFirstTimeStamp
                0x1a003690                Chip_RTC_EV_GetLastTimeStamp
 .text          0x1a0036bc       0x44 out/01_GPIO/libs/lpc_open/lpc_chip_43xx/src/sct_18xx_43xx.o
                0x1a0036bc                Chip_SCT_Init
                0x1a0036cc                Chip_SCT_DeInit
                0x1a0036d6                Chip_SCT_SetClrControl
                0x1a0036e8                Chip_SCT_SetConflictResolution
 .text          0x1a003700       0x98 out/01_GPIO/libs/lpc_open/lpc_chip_43xx/src/sct_pwm_18xx_43xx.o
                0x1a003700                Chip_SCTPWM_SetOutPin
                0x1a00374e                Chip_SCTPWM_SetRate
 .text          0x1a003798      0x184 out/01_GPIO/libs/lpc_open/lpc_chip_43xx/src/sdif_18xx_43xx.o
                0x1a003798                Chip_SDIF_Init
                0x1a0037e4                Chip_SDIF_DeInit
                0x1a0037ee                Chip_SDIF_SendCmd
                0x1a003838                Chip_SDIF_GetResponse
                0x1a00384a                Chip_SDIF_SetClock
                0x1a003894                Chip_SDIF_SetClearIntFifo
                0x1a0038ac                Chip_SDIF_DmaSetup
 .text          0x1a00391c      0x634 out/01_GPIO/libs/lpc_open/lpc_chip_43xx/src/sdio_18xx_43xx.o
                0x1a00391c                SDIO_Card_GetBlockSize
                0x1a003938                SDIO_Setup_Callback
                0x1a003944                SDIO_Send_Command
                0x1a0039ac                SDIO_Card_WriteData
                0x1a003a5c                SDIO_Card_ReadData
                0x1a003bb8                SDIO_Write_Direct
                0x1a003bf8                SDIO_WriteRead_Direct
                0x1a003c30                SDIO_Card_SetBlockSize
                0x1a003ce6                SDIO_Read_Direct
                0x1a003d20                SDIO_Card_EnableInt
                0x1a003d70                SDIO_Card_DisableInt
                0x1a003dcc                SDIO_Card_Init
                0x1a003ea8                SDIO_Handler
 .text          0x1a003f50      0x7d4 out/01_GPIO/libs/lpc_open/lpc_chip_43xx/src/sdmmc_18xx_43xx.o
                0x1a0042f4                Chip_SDMMC_GetState
                0x1a00432c                Chip_SDMMC_Acquire
                0x1a0045c4                Chip_SDMMC_GetDeviceSize
                0x1a0045d4                Chip_SDMMC_GetDeviceBlocks
                0x1a0045e4                Chip_SDMMC_ReadBlocks
                0x1a00467c                Chip_SDMMC_WriteBlocks
 .text          0x1a004724      0x1e0 out/01_GPIO/libs/lpc_open/lpc_chip_43xx/src/spi_18xx_43xx.o
                0x1a004786                Chip_SPI_Int_FlushData
                0x1a00479a                Chip_SPI_RWFrames_Blocking
                0x1a00481c                Chip_SPI_Int_RWFrames
                0x1a004886                Chip_SPI_Int_RWFrames8Bits
                0x1a004890                Chip_SPI_Int_RWFrames16Bits
                0x1a00489a                Chip_SPI_SetBitRate
                0x1a0048c2                Chip_SPI_Init
                0x1a0048f8                Chip_SPI_DeInit
 .text          0x1a004904      0x46c out/01_GPIO/libs/lpc_open/lpc_chip_43xx/src/ssp_18xx_43xx.o
                0x1a0049e4                Chip_SSP_SetClockRate
                0x1a0049f6                Chip_SSP_RWFrames_Blocking
                0x1a004a96                Chip_SSP_WriteFrames_Blocking
                0x1a004b34                Chip_SSP_ReadFrames_Blocking
                0x1a004bda                Chip_SSP_Int_FlushData
                0x1a004bfc                Chip_SSP_Int_RWFrames8Bits
                0x1a004c5e                Chip_SSP_Int_RWFrames16Bits
                0x1a004cc0                Chip_SSP_SetMaster
                0x1a004cd6                Chip_SSP_SetBitRate
                0x1a004d18                Chip_SSP_Init
                0x1a004d50                Chip_SSP_DeInit
 .text          0x1a004d70       0xa0 out/01_GPIO/libs/lpc_open/lpc_chip_43xx/src/stopwatch_18xx_43xx.o
                0x1a004d70                StopWatch_Init
                0x1a004db8                StopWatch_Start
                0x1a004dc4                StopWatch_TicksPerSecond
                0x1a004dd0                StopWatch_TicksToMs
                0x1a004de0                StopWatch_TicksToUs
                0x1a004df0                StopWatch_MsToTicks
                0x1a004e00                StopWatch_UsToTicks
 .text          0x1a004e10      0x158 out/01_GPIO/libs/lpc_open/lpc_chip_43xx/src/sysinit_18xx_43xx.o
                0x1a004e38                Chip_SetupCoreClock
                0x1a004f38                Chip_SetupXtalClocking
                0x1a004f4c                Chip_SetupIrcClocking
                0x1a004f60                Chip_SystemInit
 .text          0x1a004f68       0x90 out/01_GPIO/libs/lpc_open/lpc_chip_43xx/src/timer_18xx_43xx.o
                0x1a004f94                Chip_TIMER_Init
                0x1a004fa0                Chip_TIMER_DeInit
                0x1a004fac                Chip_TIMER_Reset
                0x1a004fc4                Chip_TIMER_ExtMatchControlSet
 .text          0x1a004ff8      0x3d4 out/01_GPIO/libs/lpc_open/lpc_chip_43xx/src/uart_18xx_43xx.o
                0x1a005068                Chip_UART_Init
                0x1a0050bc                Chip_UART_DeInit
                0x1a0050d8                Chip_UART_Send
                0x1a0050fe                Chip_UART_CheckBusy
                0x1a00510e                Chip_UART_SendBlocking
                0x1a005132                Chip_UART_Read
                0x1a005158                Chip_UART_ReadBlocking
                0x1a00517c                Chip_UART_SetBaud
                0x1a0051c0                Chip_UART_RXIntHandlerRB
                0x1a0051e6                Chip_UART_TXIntHandlerRB
                0x1a005222                Chip_UART_SendRB
                0x1a005264                Chip_UART_ReadRB
                0x1a005272                Chip_UART_IRQRBHandler
                0x1a0052aa                Chip_UART_SetBaudFDR
                0x1a005388                Chip_UART_GetABEOStatus
                0x1a005394                Chip_UART_ABCmd
 .text          0x1a0053cc       0x36 out/01_GPIO/libs/lpc_open/lpc_chip_43xx/src/wwdt_18xx_43xx.o
                0x1a0053cc                Chip_WWDT_Init
                0x1a0053e2                Chip_WWDT_DeInit
                0x1a0053e4                Chip_WWDT_ClearStatusFlag
 *fill*         0x1a005402        0x2 ff
 .text          0x1a005404       0x30 C:/Users/Carlitoz MF/Documents/Microcontroladores/CIAA-Github/tools/gcc-arm/bin/../lib/gcc/arm-none-eabi/15.2.1/thumb/v7e-m+fp/hard\libgcc.a(_aeabi_uldivmod.o)
                0x1a005404                __aeabi_uldivmod
 .text          0x1a005434        0x0 C:/Users/Carlitoz MF/Documents/Microcontroladores/CIAA-Github/tools/gcc-arm/bin/../lib/gcc/arm-none-eabi/15.2.1/thumb/v7e-m+fp/hard\libgcc.a(_udivmoddi4.o)
 .text.__udivmoddi4
                0x1a005434      0x320 C:/Users/Carlitoz MF/Documents/Microcontroladores/CIAA-Github/tools/gcc-arm/bin/../lib/gcc/arm-none-eabi/15.2.1/thumb/v7e-m+fp/hard\libgcc.a(_udivmoddi4.o)
                0x1a005434                __udivmoddi4
 .text          0x1a005754        0x4 C:/Users/Carlitoz MF/Documents/Microcontroladores/CIAA-Github/tools/gcc-arm/bin/../lib/gcc/arm-none-eabi/15.2.1/thumb/v7e-m+fp/hard\libgcc.a(_dvmd_tls.o)
                0x1a005754                __aeabi_idiv0
                0x1a005754                __aeabi_ldiv0
 .text          0x1a005758        0x0 C:/Users/Carlitoz MF/Documents/Microcontroladores/CIAA-Github/tools/gcc-arm/bin/../lib/gcc/arm-none-eabi/15.2.1/../../../../arm-none-eabi/lib/thumb/v7e-m+fp/hard\libc_nano.a(libc_a-memset.o)
 .text.memset   0x1a005758       0x10 C:/Users/Carlitoz MF/Documents/Microcontroladores/CIAA-Github/tools/gcc-arm/bin/../lib/gcc/arm-none-eabi/15.2.1/../../../../arm-none-eabi/lib/thumb/v7e-m+fp/hard\libc_nano.a(libc_a-memset.o)
                0x1a005758                memset
 .text          0x1a005768        0x0 C:/Users/Carlitoz MF/Documents/Microcontroladores/CIAA-Github/tools/gcc-arm/bin/../lib/gcc/arm-none-eabi/15.2.1/../../../../arm-none-eabi/lib/thumb/v7e-m+fp/hard\libc_nano.a(libc_a-memcpy-stub.o)
 .text.memcpy   0x1a005768       0x1c C:/Users/Carlitoz MF/Documents/Microcontroladores/CIAA-Github/tools/gcc-arm/bin/../lib/gcc/arm-none-eabi/15.2.1/../../../../arm-none-eabi/lib/thumb/v7e-m+fp/hard\libc_nano.a(libc_a-memcpy-stub.o)
                0x1a005768                memcpy
 *(.rodata*)
 .rodata        0x1a005784        0x8 out/01_GPIO/projects/01_GPIO/Core/Src/main.o
                0x1a005784                ExtRateIn
                0x1a005788                OscRateIn
 .rodata        0x1a00578c       0x14 out/01_GPIO/libs/lpc_open/lpc_chip_43xx/src/chip_18xx_43xx.o
 .rodata.str1.4
                0x1a0057a0        0x6 out/01_GPIO/libs/lpc_open/lpc_chip_43xx/src/clock_18xx_43xx.o
 *fill*         0x1a0057a6        0x2 ff
 .rodata        0x1a0057a8       0x6c out/01_GPIO/libs/lpc_open/lpc_chip_43xx/src/clock_18xx_43xx.o
 .rodata        0x1a005814       0xb6 out/01_GPIO/libs/lpc_open/lpc_chip_43xx/src/gpdma_18xx_43xx.o
 *fill*         0x1a0058ca        0x2 ff
 .rodata        0x1a0058cc       0x48 out/01_GPIO/libs/lpc_open/lpc_chip_43xx/src/sysinit_18xx_43xx.o
 .rodata        0x1a005914       0x10 out/01_GPIO/libs/lpc_open/lpc_chip_43xx/src/uart_18xx_43xx.o
                0x1a005924                        . = ALIGN (0x4)
                0x1a005924                        _etext = .

.glue_7         0x1a005924        0x0
 .glue_7        0x1a005924        0x0 linker stubs

.glue_7t        0x1a005924        0x0
 .glue_7t       0x1a005924        0x0 linker stubs

.vfp11_veneer   0x1a005924        0x0
 .vfp11_veneer  0x1a005924        0x0 linker stubs

.v4_bx          0x1a005924        0x0
 .v4_bx         0x1a005924        0x0 linker stubs

.iplt           0x1a005924        0x0
 .iplt          0x1a005924        0x0 out/01_GPIO/libs/startup/src/startup.o

.rel.dyn        0x1a005924        0x0
 .rel.iplt      0x1a005924        0x0 out/01_GPIO/libs/startup/src/startup.o

.data           0x10000000       0x3c load address 0x1a005924
                0x10000000                        _data = .
 *(vtable)
 *(.ramfunc*)
 *(.data*)
 .data          0x10000000        0x0 out/01_GPIO/libs/startup/src/startup.o
 .data          0x10000000        0x0 out/01_GPIO/projects/01_GPIO/Core/Src/main.o
 .data          0x10000000        0x0 out/01_GPIO/libs/lpc_open/lpc_chip_43xx/src/adc_18xx_43xx.o
 .data          0x10000000        0x0 out/01_GPIO/libs/lpc_open/lpc_chip_43xx/src/aes_18xx_43xx.o
 .data          0x10000000        0x0 out/01_GPIO/libs/lpc_open/lpc_chip_43xx/src/atimer_18xx_43xx.o
 .data          0x10000000        0x0 out/01_GPIO/libs/lpc_open/lpc_chip_43xx/src/ccan_18xx_43xx.o
 .data          0x10000000        0x0 out/01_GPIO/libs/lpc_open/lpc_chip_43xx/src/chip_18xx_43xx.o
 .data          0x10000000        0x0 out/01_GPIO/libs/lpc_open/lpc_chip_43xx/src/clock_18xx_43xx.o
 .data          0x10000000        0x0 out/01_GPIO/libs/lpc_open/lpc_chip_43xx/src/dac_18xx_43xx.o
 .data          0x10000000        0x0 out/01_GPIO/libs/lpc_open/lpc_chip_43xx/src/eeprom_18xx_43xx.o
 .data          0x10000000        0x0 out/01_GPIO/libs/lpc_open/lpc_chip_43xx/src/emc_18xx_43xx.o
 .data          0x10000000        0x0 out/01_GPIO/libs/lpc_open/lpc_chip_43xx/src/enet_18xx_43xx.o
 .data          0x10000000        0x0 out/01_GPIO/libs/lpc_open/lpc_chip_43xx/src/evrt_18xx_43xx.o
 .data          0x10000000        0x0 out/01_GPIO/libs/lpc_open/lpc_chip_43xx/src/gpdma_18xx_43xx.o
 .data          0x10000000        0x0 out/01_GPIO/libs/lpc_open/lpc_chip_43xx/src/gpio_18xx_43xx.o
 .data          0x10000000        0x0 out/01_GPIO/libs/lpc_open/lpc_chip_43xx/src/gpiogroup_18xx_43xx.o
 .data          0x10000000       0x38 out/01_GPIO/libs/lpc_open/lpc_chip_43xx/src/i2c_18xx_43xx.o
 .data          0x10000038        0x0 out/01_GPIO/libs/lpc_open/lpc_chip_43xx/src/i2cm_18xx_43xx.o
 .data          0x10000038        0x0 out/01_GPIO/libs/lpc_open/lpc_chip_43xx/src/i2s_18xx_43xx.o
 .data          0x10000038        0x0 out/01_GPIO/libs/lpc_open/lpc_chip_43xx/src/iap_18xx_43xx.o
 .data          0x10000038        0x1 out/01_GPIO/libs/lpc_open/lpc_chip_43xx/src/lcd_18xx_43xx.o
 .data          0x10000039        0x0 out/01_GPIO/libs/lpc_open/lpc_chip_43xx/src/otp_18xx_43xx.o
 .data          0x10000039        0x0 out/01_GPIO/libs/lpc_open/lpc_chip_43xx/src/pinint_18xx_43xx.o
 .data          0x10000039        0x0 out/01_GPIO/libs/lpc_open/lpc_chip_43xx/src/pmc_18xx_43xx.o
 .data          0x10000039        0x0 out/01_GPIO/libs/lpc_open/lpc_chip_43xx/src/ring_buffer.o
 .data          0x10000039        0x0 out/01_GPIO/libs/lpc_open/lpc_chip_43xx/src/ritimer_18xx_43xx.o
 .data          0x10000039        0x0 out/01_GPIO/libs/lpc_open/lpc_chip_43xx/src/rtc_18xx_43xx.o
 .data          0x10000039        0x0 out/01_GPIO/libs/lpc_open/lpc_chip_43xx/src/sct_18xx_43xx.o
 .data          0x10000039        0x0 out/01_GPIO/libs/lpc_open/lpc_chip_43xx/src/sct_pwm_18xx_43xx.o
 .data          0x10000039        0x0 out/01_GPIO/libs/lpc_open/lpc_chip_43xx/src/sdif_18xx_43xx.o
 .data          0x10000039        0x0 out/01_GPIO/libs/lpc_open/lpc_chip_43xx/src/sdio_18xx_43xx.o
 .data          0x10000039        0x0 out/01_GPIO/libs/lpc_open/lpc_chip_43xx/src/sdmmc_18xx_43xx.o
 .data          0x10000039        0x0 out/01_GPIO/libs/lpc_open/lpc_chip_43xx/src/spi_18xx_43xx.o
 .data          0x10000039        0x0 out/01_GPIO/libs/lpc_open/lpc_chip_43xx/src/ssp_18xx_43xx.o
 .data          0x10000039        0x0 out/01_GPIO/libs/lpc_open/lpc_chip_43xx/src/stopwatch_18xx_43xx.o
 .data          0x10000039        0x0 out/01_GPIO/libs/lpc_open/lpc_chip_43xx/src/sysinit_18xx_43xx.o
 .data          0x10000039        0x0 out/01_GPIO/libs/lpc_open/lpc_chip_43xx/src/timer_18xx_43xx.o
 .data          0x10000039        0x0 out/01_GPIO/libs/lpc_open/lpc_chip_43xx/src/uart_18xx_43xx.o
 .data          0x10000039        0x0 out/01_GPIO/libs/lpc_open/lpc_chip_43xx/src/wwdt_18xx_43xx.o
 .data          0x10000039        0x0 C:/Users/Carlitoz MF/Documents/Microcontroladores/CIAA-Github/tools/gcc-arm/bin/../lib/gcc/arm-none-eabi/15.2.1/thumb/v7e-m+fp/hard\libgcc.a(_aeabi_uldivmod.o)
 .data          0x10000039        0x0 C:/Users/Carlitoz MF/Documents/Microcontroladores/CIAA-Github/tools/gcc-arm/bin/../lib/gcc/arm-none-eabi/15.2.1/thumb/v7e-m+fp/hard\libgcc.a(_udivmoddi4.o)
 .data          0x10000039        0x0 C:/Users/Carlitoz MF/Documents/Microcontroladores/CIAA-Github/tools/gcc-arm/bin/../lib/gcc/arm-none-eabi/15.2.1/thumb/v7e-m+fp/hard\libgcc.a(_dvmd_tls.o)
 .data          0x10000039        0x0 C:/Users/Carlitoz MF/Documents/Microcontroladores/CIAA-Github/tools/gcc-arm/bin/../lib/gcc/arm-none-eabi/15.2.1/../../../../arm-none-eabi/lib/thumb/v7e-m+fp/hard\libc_nano.a(libc_a-memset.o)
 .data          0x10000039        0x0 C:/Users/Carlitoz MF/Documents/Microcontroladores/CIAA-Github/tools/gcc-arm/bin/../lib/gcc/arm-none-eabi/15.2.1/../../../../arm-none-eabi/lib/thumb/v7e-m+fp/hard\libc_nano.a(libc_a-memcpy-stub.o)
                0x1000003c                        . = ALIGN (0x4)
 *fill*         0x10000039        0x3 
                0x1000003c                        _edata = .

.igot.plt       0x1000003c        0x0 load address 0x1a005960
 .igot.plt      0x1000003c        0x0 out/01_GPIO/libs/startup/src/startup.o

.bss            0x1000003c      0x21c load address 0x1a005960
                0x1000003c                        _bss = .
 *(.bss*)
 .bss           0x1000003c        0x0 out/01_GPIO/libs/startup/src/startup.o
 .bss           0x1000003c        0x0 out/01_GPIO/projects/01_GPIO/Core/Src/main.o
 .bss           0x1000003c        0x0 out/01_GPIO/libs/lpc_open/lpc_chip_43xx/src/adc_18xx_43xx.o
 .bss           0x1000003c       0x38 out/01_GPIO/libs/lpc_open/lpc_chip_43xx/src/aes_18xx_43xx.o
 .bss           0x10000074        0x0 out/01_GPIO/libs/lpc_open/lpc_chip_43xx/src/atimer_18xx_43xx.o
 .bss           0x10000074        0x0 out/01_GPIO/libs/lpc_open/lpc_chip_43xx/src/ccan_18xx_43xx.o
 .bss           0x10000074        0x4 out/01_GPIO/libs/lpc_open/lpc_chip_43xx/src/chip_18xx_43xx.o
                0x10000074                SystemCoreClock
 .bss           0x10000078        0x8 out/01_GPIO/libs/lpc_open/lpc_chip_43xx/src/clock_18xx_43xx.o
 .bss           0x10000080        0x0 out/01_GPIO/libs/lpc_open/lpc_chip_43xx/src/dac_18xx_43xx.o
 .bss           0x10000080        0x0 out/01_GPIO/libs/lpc_open/lpc_chip_43xx/src/eeprom_18xx_43xx.o
 .bss           0x10000080        0x0 out/01_GPIO/libs/lpc_open/lpc_chip_43xx/src/emc_18xx_43xx.o
 .bss           0x10000080        0x4 out/01_GPIO/libs/lpc_open/lpc_chip_43xx/src/enet_18xx_43xx.o
 .bss           0x10000084        0x0 out/01_GPIO/libs/lpc_open/lpc_chip_43xx/src/evrt_18xx_43xx.o
 .bss           0x10000084        0x8 out/01_GPIO/libs/lpc_open/lpc_chip_43xx/src/gpdma_18xx_43xx.o
 .bss           0x1000008c        0x0 out/01_GPIO/libs/lpc_open/lpc_chip_43xx/src/gpio_18xx_43xx.o
 .bss           0x1000008c        0x0 out/01_GPIO/libs/lpc_open/lpc_chip_43xx/src/gpiogroup_18xx_43xx.o
 .bss           0x1000008c       0x50 out/01_GPIO/libs/lpc_open/lpc_chip_43xx/src/i2c_18xx_43xx.o
 .bss           0x100000dc        0x0 out/01_GPIO/libs/lpc_open/lpc_chip_43xx/src/i2cm_18xx_43xx.o
 .bss           0x100000dc        0x0 out/01_GPIO/libs/lpc_open/lpc_chip_43xx/src/i2s_18xx_43xx.o
 .bss           0x100000dc        0x0 out/01_GPIO/libs/lpc_open/lpc_chip_43xx/src/iap_18xx_43xx.o
 .bss           0x100000dc        0x0 out/01_GPIO/libs/lpc_open/lpc_chip_43xx/src/lcd_18xx_43xx.o
 .bss           0x100000dc       0x28 out/01_GPIO/libs/lpc_open/lpc_chip_43xx/src/otp_18xx_43xx.o
 .bss           0x10000104        0x0 out/01_GPIO/libs/lpc_open/lpc_chip_43xx/src/pinint_18xx_43xx.o
 .bss           0x10000104        0x0 out/01_GPIO/libs/lpc_open/lpc_chip_43xx/src/pmc_18xx_43xx.o
 .bss           0x10000104        0x0 out/01_GPIO/libs/lpc_open/lpc_chip_43xx/src/ring_buffer.o
 .bss           0x10000104        0x0 out/01_GPIO/libs/lpc_open/lpc_chip_43xx/src/ritimer_18xx_43xx.o
 .bss           0x10000104        0x0 out/01_GPIO/libs/lpc_open/lpc_chip_43xx/src/rtc_18xx_43xx.o
 .bss           0x10000104        0x0 out/01_GPIO/libs/lpc_open/lpc_chip_43xx/src/sct_18xx_43xx.o
 .bss           0x10000104        0x0 out/01_GPIO/libs/lpc_open/lpc_chip_43xx/src/sct_pwm_18xx_43xx.o
 .bss           0x10000104        0x0 out/01_GPIO/libs/lpc_open/lpc_chip_43xx/src/sdif_18xx_43xx.o
 .bss           0x10000104      0x140 out/01_GPIO/libs/lpc_open/lpc_chip_43xx/src/sdio_18xx_43xx.o
 .bss           0x10000244        0x4 out/01_GPIO/libs/lpc_open/lpc_chip_43xx/src/sdmmc_18xx_43xx.o
 .bss           0x10000248        0x0 out/01_GPIO/libs/lpc_open/lpc_chip_43xx/src/spi_18xx_43xx.o
 .bss           0x10000248        0x0 out/01_GPIO/libs/lpc_open/lpc_chip_43xx/src/ssp_18xx_43xx.o
 .bss           0x10000248        0xc out/01_GPIO/libs/lpc_open/lpc_chip_43xx/src/stopwatch_18xx_43xx.o
 .bss           0x10000254        0x0 out/01_GPIO/libs/lpc_open/lpc_chip_43xx/src/sysinit_18xx_43xx.o
 .bss           0x10000254        0x0 out/01_GPIO/libs/lpc_open/lpc_chip_43xx/src/timer_18xx_43xx.o
 .bss           0x10000254        0x1 out/01_GPIO/libs/lpc_open/lpc_chip_43xx/src/uart_18xx_43xx.o
 .bss           0x10000255        0x0 out/01_GPIO/libs/lpc_open/lpc_chip_43xx/src/wwdt_18xx_43xx.o
 .bss           0x10000255        0x0 C:/Users/Carlitoz MF/Documents/Microcontroladores/CIAA-Github/tools/gcc-arm/bin/../lib/gcc/arm-none-eabi/15.2.1/thumb/v7e-m+fp/hard\libgcc.a(_aeabi_uldivmod.o)
 .bss           0x10000255        0x0 C:/Users/Carlitoz MF/Documents/Microcontroladores/CIAA-Github/tools/gcc-arm/bin/../lib/gcc/arm-none-eabi/15.2.1/thumb/v7e-m+fp/hard\libgcc.a(_udivmoddi4.o)
 .bss           0x10000255        0x0 C:/Users/Carlitoz MF/Documents/Microcontroladores/CIAA-Github/tools/gcc-arm/bin/../lib/gcc/arm-none-eabi/15.2.1/thumb/v7e-m+fp/hard\libgcc.a(_dvmd_tls.o)
 .bss           0x10000255        0x0 C:/Users/Carlitoz MF/Documents/Microcontroladores/CIAA-Github/tools/gcc-arm/bin/../lib/gcc/arm-none-eabi/15.2.1/../../../../arm-none-eabi/lib/thumb/v7e-m+fp/hard\libc_nano.a(libc_a-memset.o)
 .bss           0x10000255        0x0 C:/Users/Carlitoz MF/Documents/Microcontroladores/CIAA-Github/tools/gcc-arm/bin/../lib/gcc/arm-none-eabi/15.2.1/../../../../arm-none-eabi/lib/thumb/v7e-m+fp/hard\libc_nano.a(libc_a-memcpy-stub.o)
 *(COMMON)
                0x10000258                        . = ALIGN (0x4)
 *fill*         0x10000255        0x3 
                0x10000258                        _ebss = .

/DISCARD/
 *(.ARM.exidx*)
 *(.ARM.extab*)
 *(.eh_frame*)
 *(.note.GNU-stack)
OUTPUT(out/01_GPIO/01_GPIO.elf elf32-littlearm)
LOAD linker stubs

.debug_info     0x00000000    0x1a766
 .debug_info    0x00000000      0x16f out/01_GPIO/libs/startup/src/startup.o
 .debug_info    0x0000016f     0x146c out/01_GPIO/projects/01_GPIO/Core/Src/main.o
 .debug_info    0x000015db      0xb85 out/01_GPIO/libs/lpc_open/lpc_chip_43xx/src/adc_18xx_43xx.o
 .debug_info    0x00002160      0xa43 out/01_GPIO/libs/lpc_open/lpc_chip_43xx/src/aes_18xx_43xx.o
 .debug_info    0x00002ba3      0x26c out/01_GPIO/libs/lpc_open/lpc_chip_43xx/src/atimer_18xx_43xx.o
 .debug_info    0x00002e0f      0xf58 out/01_GPIO/libs/lpc_open/lpc_chip_43xx/src/ccan_18xx_43xx.o
 .debug_info    0x00003d67      0xc9c out/01_GPIO/libs/lpc_open/lpc_chip_43xx/src/chip_18xx_43xx.o
 .debug_info    0x00004a03     0x1a65 out/01_GPIO/libs/lpc_open/lpc_chip_43xx/src/clock_18xx_43xx.o
 .debug_info    0x00006468      0x40a out/01_GPIO/libs/lpc_open/lpc_chip_43xx/src/dac_18xx_43xx.o
 .debug_info    0x00006872      0x6bd out/01_GPIO/libs/lpc_open/lpc_chip_43xx/src/eeprom_18xx_43xx.o
 .debug_info    0x00006f2f      0xb6b out/01_GPIO/libs/lpc_open/lpc_chip_43xx/src/emc_18xx_43xx.o
 .debug_info    0x00007a9a      0xc9d out/01_GPIO/libs/lpc_open/lpc_chip_43xx/src/enet_18xx_43xx.o
 .debug_info    0x00008737      0x30b out/01_GPIO/libs/lpc_open/lpc_chip_43xx/src/evrt_18xx_43xx.o
 .debug_info    0x00008a42     0x1b3c out/01_GPIO/libs/lpc_open/lpc_chip_43xx/src/gpdma_18xx_43xx.o
 .debug_info    0x0000a57e      0x1b6 out/01_GPIO/libs/lpc_open/lpc_chip_43xx/src/gpio_18xx_43xx.o
 .debug_info    0x0000a734       0x77 out/01_GPIO/libs/lpc_open/lpc_chip_43xx/src/gpiogroup_18xx_43xx.o
 .debug_info    0x0000a7ab     0x147e out/01_GPIO/libs/lpc_open/lpc_chip_43xx/src/i2c_18xx_43xx.o
 .debug_info    0x0000bc29      0xad9 out/01_GPIO/libs/lpc_open/lpc_chip_43xx/src/i2cm_18xx_43xx.o
 .debug_info    0x0000c702      0x8b7 out/01_GPIO/libs/lpc_open/lpc_chip_43xx/src/i2s_18xx_43xx.o
 .debug_info    0x0000cfb9      0xac8 out/01_GPIO/libs/lpc_open/lpc_chip_43xx/src/iap_18xx_43xx.o
 .debug_info    0x0000da81      0xb8a out/01_GPIO/libs/lpc_open/lpc_chip_43xx/src/lcd_18xx_43xx.o
 .debug_info    0x0000e60b      0x885 out/01_GPIO/libs/lpc_open/lpc_chip_43xx/src/otp_18xx_43xx.o
 .debug_info    0x0000ee90       0x77 out/01_GPIO/libs/lpc_open/lpc_chip_43xx/src/pinint_18xx_43xx.o
 .debug_info    0x0000ef07      0x2eb out/01_GPIO/libs/lpc_open/lpc_chip_43xx/src/pmc_18xx_43xx.o
 .debug_info    0x0000f1f2      0x54b out/01_GPIO/libs/lpc_open/lpc_chip_43xx/src/ring_buffer.o
 .debug_info    0x0000f73d      0x510 out/01_GPIO/libs/lpc_open/lpc_chip_43xx/src/ritimer_18xx_43xx.o
 .debug_info    0x0000fc4d      0x6ed out/01_GPIO/libs/lpc_open/lpc_chip_43xx/src/rtc_18xx_43xx.o
 .debug_info    0x0001033a      0x9a2 out/01_GPIO/libs/lpc_open/lpc_chip_43xx/src/sct_18xx_43xx.o
 .debug_info    0x00010cdc      0xb28 out/01_GPIO/libs/lpc_open/lpc_chip_43xx/src/sct_pwm_18xx_43xx.o
 .debug_info    0x00011804      0x7b3 out/01_GPIO/libs/lpc_open/lpc_chip_43xx/src/sdif_18xx_43xx.o
 .debug_info    0x00011fb7     0x1917 out/01_GPIO/libs/lpc_open/lpc_chip_43xx/src/sdio_18xx_43xx.o
 .debug_info    0x000138ce     0x16fb out/01_GPIO/libs/lpc_open/lpc_chip_43xx/src/sdmmc_18xx_43xx.o
 .debug_info    0x00014fc9      0xc75 out/01_GPIO/libs/lpc_open/lpc_chip_43xx/src/spi_18xx_43xx.o
 .debug_info    0x00015c3e     0x18f6 out/01_GPIO/libs/lpc_open/lpc_chip_43xx/src/ssp_18xx_43xx.o
 .debug_info    0x00017534      0x85b out/01_GPIO/libs/lpc_open/lpc_chip_43xx/src/stopwatch_18xx_43xx.o
 .debug_info    0x00017d8f      0xaa4 out/01_GPIO/libs/lpc_open/lpc_chip_43xx/src/sysinit_18xx_43xx.o
 .debug_info    0x00018833      0x52e out/01_GPIO/libs/lpc_open/lpc_chip_43xx/src/timer_18xx_43xx.o
 .debug_info    0x00018d61     0x1898 out/01_GPIO/libs/lpc_open/lpc_chip_43xx/src/uart_18xx_43xx.o
 .debug_info    0x0001a5f9      0x16d out/01_GPIO/libs/lpc_open/lpc_chip_43xx/src/wwdt_18xx_43xx.o

.debug_abbrev   0x00000000     0x53b2
 .debug_abbrev  0x00000000      0x109 out/01_GPIO/libs/startup/src/startup.o
 .debug_abbrev  0x00000109      0x28a out/01_GPIO/projects/01_GPIO/Core/Src/main.o
 .debug_abbrev  0x00000393      0x21c out/01_GPIO/libs/lpc_open/lpc_chip_43xx/src/adc_18xx_43xx.o
 .debug_abbrev  0x000005af      0x199 out/01_GPIO/libs/lpc_open/lpc_chip_43xx/src/aes_18xx_43xx.o
 .debug_abbrev  0x00000748      0x13d out/01_GPIO/libs/lpc_open/lpc_chip_43xx/src/atimer_18xx_43xx.o
 .debug_abbrev  0x00000885      0x3e5 out/01_GPIO/libs/lpc_open/lpc_chip_43xx/src/ccan_18xx_43xx.o
 .debug_abbrev  0x00000c6a      0x223 out/01_GPIO/libs/lpc_open/lpc_chip_43xx/src/chip_18xx_43xx.o
 .debug_abbrev  0x00000e8d      0x3df out/01_GPIO/libs/lpc_open/lpc_chip_43xx/src/clock_18xx_43xx.o
 .debug_abbrev  0x0000126c      0x153 out/01_GPIO/libs/lpc_open/lpc_chip_43xx/src/dac_18xx_43xx.o
 .debug_abbrev  0x000013bf      0x22f out/01_GPIO/libs/lpc_open/lpc_chip_43xx/src/eeprom_18xx_43xx.o
 .debug_abbrev  0x000015ee      0x245 out/01_GPIO/libs/lpc_open/lpc_chip_43xx/src/emc_18xx_43xx.o
 .debug_abbrev  0x00001833      0x286 out/01_GPIO/libs/lpc_open/lpc_chip_43xx/src/enet_18xx_43xx.o
 .debug_abbrev  0x00001ab9      0x160 out/01_GPIO/libs/lpc_open/lpc_chip_43xx/src/evrt_18xx_43xx.o
 .debug_abbrev  0x00001c19      0x2b2 out/01_GPIO/libs/lpc_open/lpc_chip_43xx/src/gpdma_18xx_43xx.o
 .debug_abbrev  0x00001ecb       0xe9 out/01_GPIO/libs/lpc_open/lpc_chip_43xx/src/gpio_18xx_43xx.o
 .debug_abbrev  0x00001fb4       0x28 out/01_GPIO/libs/lpc_open/lpc_chip_43xx/src/gpiogroup_18xx_43xx.o
 .debug_abbrev  0x00001fdc      0x3c4 out/01_GPIO/libs/lpc_open/lpc_chip_43xx/src/i2c_18xx_43xx.o
 .debug_abbrev  0x000023a0      0x2d8 out/01_GPIO/libs/lpc_open/lpc_chip_43xx/src/i2cm_18xx_43xx.o
 .debug_abbrev  0x00002678      0x230 out/01_GPIO/libs/lpc_open/lpc_chip_43xx/src/i2s_18xx_43xx.o
 .debug_abbrev  0x000028a8      0x198 out/01_GPIO/libs/lpc_open/lpc_chip_43xx/src/iap_18xx_43xx.o
 .debug_abbrev  0x00002a40      0x1d6 out/01_GPIO/libs/lpc_open/lpc_chip_43xx/src/lcd_18xx_43xx.o
 .debug_abbrev  0x00002c16      0x17c out/01_GPIO/libs/lpc_open/lpc_chip_43xx/src/otp_18xx_43xx.o
 .debug_abbrev  0x00002d92       0x28 out/01_GPIO/libs/lpc_open/lpc_chip_43xx/src/pinint_18xx_43xx.o
 .debug_abbrev  0x00002dba      0x122 out/01_GPIO/libs/lpc_open/lpc_chip_43xx/src/pmc_18xx_43xx.o
 .debug_abbrev  0x00002edc      0x1b2 out/01_GPIO/libs/lpc_open/lpc_chip_43xx/src/ring_buffer.o
 .debug_abbrev  0x0000308e      0x1df out/01_GPIO/libs/lpc_open/lpc_chip_43xx/src/ritimer_18xx_43xx.o
 .debug_abbrev  0x0000326d      0x1ff out/01_GPIO/libs/lpc_open/lpc_chip_43xx/src/rtc_18xx_43xx.o
 .debug_abbrev  0x0000346c      0x201 out/01_GPIO/libs/lpc_open/lpc_chip_43xx/src/sct_18xx_43xx.o
 .debug_abbrev  0x0000366d      0x28f out/01_GPIO/libs/lpc_open/lpc_chip_43xx/src/sct_pwm_18xx_43xx.o
 .debug_abbrev  0x000038fc      0x206 out/01_GPIO/libs/lpc_open/lpc_chip_43xx/src/sdif_18xx_43xx.o
 .debug_abbrev  0x00003b02      0x3b1 out/01_GPIO/libs/lpc_open/lpc_chip_43xx/src/sdio_18xx_43xx.o
 .debug_abbrev  0x00003eb3      0x37f out/01_GPIO/libs/lpc_open/lpc_chip_43xx/src/sdmmc_18xx_43xx.o
 .debug_abbrev  0x00004232      0x2cf out/01_GPIO/libs/lpc_open/lpc_chip_43xx/src/spi_18xx_43xx.o
 .debug_abbrev  0x00004501      0x392 out/01_GPIO/libs/lpc_open/lpc_chip_43xx/src/ssp_18xx_43xx.o
 .debug_abbrev  0x00004893      0x252 out/01_GPIO/libs/lpc_open/lpc_chip_43xx/src/stopwatch_18xx_43xx.o
 .debug_abbrev  0x00004ae5      0x227 out/01_GPIO/libs/lpc_open/lpc_chip_43xx/src/sysinit_18xx_43xx.o
 .debug_abbrev  0x00004d0c      0x1a6 out/01_GPIO/libs/lpc_open/lpc_chip_43xx/src/timer_18xx_43xx.o
 .debug_abbrev  0x00004eb2      0x431 out/01_GPIO/libs/lpc_open/lpc_chip_43xx/src/uart_18xx_43xx.o
 .debug_abbrev  0x000052e3       0xcf out/01_GPIO/libs/lpc_open/lpc_chip_43xx/src/wwdt_18xx_43xx.o

.debug_loclists
                0x00000000     0x8880
 .debug_loclists
                0x00000000       0x53 out/01_GPIO/libs/startup/src/startup.o
 .debug_loclists
                0x00000053      0x5c0 out/01_GPIO/projects/01_GPIO/Core/Src/main.o
 .debug_loclists
                0x00000613      0x4fc out/01_GPIO/libs/lpc_open/lpc_chip_43xx/src/adc_18xx_43xx.o
 .debug_loclists
                0x00000b0f      0x210 out/01_GPIO/libs/lpc_open/lpc_chip_43xx/src/aes_18xx_43xx.o
 .debug_loclists
                0x00000d1f       0x34 out/01_GPIO/libs/lpc_open/lpc_chip_43xx/src/atimer_18xx_43xx.o
 .debug_loclists
                0x00000d53      0x72a out/01_GPIO/libs/lpc_open/lpc_chip_43xx/src/ccan_18xx_43xx.o
 .debug_loclists
                0x0000147d      0xeff out/01_GPIO/libs/lpc_open/lpc_chip_43xx/src/clock_18xx_43xx.o
 .debug_loclists
                0x0000237c       0x5a out/01_GPIO/libs/lpc_open/lpc_chip_43xx/src/dac_18xx_43xx.o
 .debug_loclists
                0x000023d6       0xe1 out/01_GPIO/libs/lpc_open/lpc_chip_43xx/src/eeprom_18xx_43xx.o
 .debug_loclists
                0x000024b7      0x2d8 out/01_GPIO/libs/lpc_open/lpc_chip_43xx/src/emc_18xx_43xx.o
 .debug_loclists
                0x0000278f       0xde out/01_GPIO/libs/lpc_open/lpc_chip_43xx/src/enet_18xx_43xx.o
 .debug_loclists
                0x0000286d       0xc5 out/01_GPIO/libs/lpc_open/lpc_chip_43xx/src/evrt_18xx_43xx.o
 .debug_loclists
                0x00002932      0xff3 out/01_GPIO/libs/lpc_open/lpc_chip_43xx/src/gpdma_18xx_43xx.o
 .debug_loclists
                0x00003925      0x9d0 out/01_GPIO/libs/lpc_open/lpc_chip_43xx/src/i2c_18xx_43xx.o
 .debug_loclists
                0x000042f5      0x3a3 out/01_GPIO/libs/lpc_open/lpc_chip_43xx/src/i2cm_18xx_43xx.o
 .debug_loclists
                0x00004698      0x33d out/01_GPIO/libs/lpc_open/lpc_chip_43xx/src/i2s_18xx_43xx.o
 .debug_loclists
                0x000049d5      0x582 out/01_GPIO/libs/lpc_open/lpc_chip_43xx/src/iap_18xx_43xx.o
 .debug_loclists
                0x00004f57      0x2db out/01_GPIO/libs/lpc_open/lpc_chip_43xx/src/lcd_18xx_43xx.o
 .debug_loclists
                0x00005232      0x1f8 out/01_GPIO/libs/lpc_open/lpc_chip_43xx/src/otp_18xx_43xx.o
 .debug_loclists
                0x0000542a      0x37b out/01_GPIO/libs/lpc_open/lpc_chip_43xx/src/ring_buffer.o
 .debug_loclists
                0x000057a5      0x11e out/01_GPIO/libs/lpc_open/lpc_chip_43xx/src/ritimer_18xx_43xx.o
 .debug_loclists
                0x000058c3      0x118 out/01_GPIO/libs/lpc_open/lpc_chip_43xx/src/rtc_18xx_43xx.o
 .debug_loclists
                0x000059db       0x83 out/01_GPIO/libs/lpc_open/lpc_chip_43xx/src/sct_18xx_43xx.o
 .debug_loclists
                0x00005a5e       0xee out/01_GPIO/libs/lpc_open/lpc_chip_43xx/src/sct_pwm_18xx_43xx.o
 .debug_loclists
                0x00005b4c      0x19d out/01_GPIO/libs/lpc_open/lpc_chip_43xx/src/sdif_18xx_43xx.o
 .debug_loclists
                0x00005ce9      0x9cf out/01_GPIO/libs/lpc_open/lpc_chip_43xx/src/sdio_18xx_43xx.o
 .debug_loclists
                0x000066b8      0x8e6 out/01_GPIO/libs/lpc_open/lpc_chip_43xx/src/sdmmc_18xx_43xx.o
 .debug_loclists
                0x00006f9e      0x3ac out/01_GPIO/libs/lpc_open/lpc_chip_43xx/src/spi_18xx_43xx.o
 .debug_loclists
                0x0000734a      0x926 out/01_GPIO/libs/lpc_open/lpc_chip_43xx/src/ssp_18xx_43xx.o
 .debug_loclists
                0x00007c70       0xa5 out/01_GPIO/libs/lpc_open/lpc_chip_43xx/src/stopwatch_18xx_43xx.o
 .debug_loclists
                0x00007d15      0x13a out/01_GPIO/libs/lpc_open/lpc_chip_43xx/src/sysinit_18xx_43xx.o
 .debug_loclists
                0x00007e4f       0xfc out/01_GPIO/libs/lpc_open/lpc_chip_43xx/src/timer_18xx_43xx.o
 .debug_loclists
                0x00007f4b      0x935 out/01_GPIO/libs/lpc_open/lpc_chip_43xx/src/uart_18xx_43xx.o

.debug_aranges  0x00000000      0x4d0
 .debug_aranges
                0x00000000       0x20 out/01_GPIO/libs/startup/src/startup.o
 .debug_aranges
                0x00000020       0x20 out/01_GPIO/projects/01_GPIO/Core/Src/main.o
 .debug_aranges
                0x00000040       0x20 out/01_GPIO/libs/lpc_open/lpc_chip_43xx/src/adc_18xx_43xx.o
 .debug_aranges
                0x00000060       0x20 out/01_GPIO/libs/lpc_open/lpc_chip_43xx/src/aes_18xx_43xx.o
 .debug_aranges
                0x00000080       0x20 out/01_GPIO/libs/lpc_open/lpc_chip_43xx/src/atimer_18xx_43xx.o
 .debug_aranges
                0x000000a0       0x20 out/01_GPIO/libs/lpc_open/lpc_chip_43xx/src/ccan_18xx_43xx.o
 .debug_aranges
                0x000000c0       0x20 out/01_GPIO/libs/lpc_open/lpc_chip_43xx/src/chip_18xx_43xx.o
 .debug_aranges
                0x000000e0       0x20 out/01_GPIO/libs/lpc_open/lpc_chip_43xx/src/clock_18xx_43xx.o
 .debug_aranges
                0x00000100       0x20 out/01_GPIO/libs/lpc_open/lpc_chip_43xx/src/dac_18xx_43xx.o
 .debug_aranges
                0x00000120       0x20 out/01_GPIO/libs/lpc_open/lpc_chip_43xx/src/eeprom_18xx_43xx.o
 .debug_aranges
                0x00000140       0x20 out/01_GPIO/libs/lpc_open/lpc_chip_43xx/src/emc_18xx_43xx.o
 .debug_aranges
                0x00000160       0x20 out/01_GPIO/libs/lpc_open/lpc_chip_43xx/src/enet_18xx_43xx.o
 .debug_aranges
                0x00000180       0x20 out/01_GPIO/libs/lpc_open/lpc_chip_43xx/src/evrt_18xx_43xx.o
 .debug_aranges
                0x000001a0       0x20 out/01_GPIO/libs/lpc_open/lpc_chip_43xx/src/gpdma_18xx_43xx.o
 .debug_aranges
                0x000001c0       0x20 out/01_GPIO/libs/lpc_open/lpc_chip_43xx/src/gpio_18xx_43xx.o
 .debug_aranges
                0x000001e0       0x18 out/01_GPIO/libs/lpc_open/lpc_chip_43xx/src/gpiogroup_18xx_43xx.o
 .debug_aranges
                0x000001f8       0x20 out/01_GPIO/libs/lpc_open/lpc_chip_43xx/src/i2c_18xx_43xx.o
 .debug_aranges
                0x00000218       0x20 out/01_GPIO/libs/lpc_open/lpc_chip_43xx/src/i2cm_18xx_43xx.o
 .debug_aranges
                0x00000238       0x20 out/01_GPIO/libs/lpc_open/lpc_chip_43xx/src/i2s_18xx_43xx.o
 .debug_aranges
                0x00000258       0x20 out/01_GPIO/libs/lpc_open/lpc_chip_43xx/src/iap_18xx_43xx.o
 .debug_aranges
                0x00000278       0x20 out/01_GPIO/libs/lpc_open/lpc_chip_43xx/src/lcd_18xx_43xx.o
 .debug_aranges
                0x00000298       0x20 out/01_GPIO/libs/lpc_open/lpc_chip_43xx/src/otp_18xx_43xx.o
 .debug_aranges
                0x000002b8       0x18 out/01_GPIO/libs/lpc_open/lpc_chip_43xx/src/pinint_18xx_43xx.o
 .debug_aranges
                0x000002d0       0x20 out/01_GPIO/libs/lpc_open/lpc_chip_43xx/src/pmc_18xx_43xx.o
 .debug_aranges
                0x000002f0       0x20 out/01_GPIO/libs/lpc_open/lpc_chip_43xx/src/ring_buffer.o
 .debug_aranges
                0x00000310       0x20 out/01_GPIO/libs/lpc_open/lpc_chip_43xx/src/ritimer_18xx_43xx.o
 .debug_aranges
                0x00000330       0x20 out/01_GPIO/libs/lpc_open/lpc_chip_43xx/src/rtc_18xx_43xx.o
 .debug_aranges
                0x00000350       0x20 out/01_GPIO/libs/lpc_open/lpc_chip_43xx/src/sct_18xx_43xx.o
 .debug_aranges
                0x00000370       0x20 out/01_GPIO/libs/lpc_open/lpc_chip_43xx/src/sct_pwm_18xx_43xx.o
 .debug_aranges
                0x00000390       0x20 out/01_GPIO/libs/lpc_open/lpc_chip_43xx/src/sdif_18xx_43xx.o
 .debug_aranges
                0x000003b0       0x20 out/01_GPIO/libs/lpc_open/lpc_chip_43xx/src/sdio_18xx_43xx.o
 .debug_aranges
                0x000003d0       0x20 out/01_GPIO/libs/lpc_open/lpc_chip_43xx/src/sdmmc_18xx_43xx.o
 .debug_aranges
                0x000003f0       0x20 out/01_GPIO/libs/lpc_open/lpc_chip_43xx/src/spi_18xx_43xx.o
 .debug_aranges
                0x00000410       0x20 out/01_GPIO/libs/lpc_open/lpc_chip_43xx/src/ssp_18xx_43xx.o
 .debug_aranges
                0x00000430       0x20 out/01_GPIO/libs/lpc_open/lpc_chip_43xx/src/stopwatch_18xx_43xx.o
 .debug_aranges
                0x00000450       0x20 out/01_GPIO/libs/lpc_open/lpc_chip_43xx/src/sysinit_18xx_43xx.o
 .debug_aranges
                0x00000470       0x20 out/01_GPIO/libs/lpc_open/lpc_chip_43xx/src/timer_18xx_43xx.o
 .debug_aranges
                0x00000490       0x20 out/01_GPIO/libs/lpc_open/lpc_chip_43xx/src/uart_18xx_43xx.o
 .debug_aranges
                0x000004b0       0x20 out/01_GPIO/libs/lpc_open/lpc_chip_43xx/src/wwdt_18xx_43xx.o

.debug_macro    0x00000000     0xcfb1
 .debug_macro   0x00000000       0x1a out/01_GPIO/libs/startup/src/startup.o
 .debug_macro   0x0000001a      0xad8 out/01_GPIO/libs/startup/src/startup.o
 .debug_macro   0x00000af2      0x34e out/01_GPIO/libs/startup/src/startup.o
 .debug_macro   0x00000e40      0x32d out/01_GPIO/projects/01_GPIO/Core/Src/main.o
 .debug_macro   0x0000116d      0xaea out/01_GPIO/projects/01_GPIO/Core/Src/main.o
 .debug_macro   0x00001c57       0x10 out/01_GPIO/projects/01_GPIO/Core/Src/main.o
 .debug_macro   0x00001c67       0x22 out/01_GPIO/projects/01_GPIO/Core/Src/main.o
 .debug_macro   0x00001c89       0x56 out/01_GPIO/projects/01_GPIO/Core/Src/main.o
 .debug_macro   0x00001cdf       0x51 out/01_GPIO/projects/01_GPIO/Core/Src/main.o
 .debug_macro   0x00001d30      0x103 out/01_GPIO/projects/01_GPIO/Core/Src/main.o
 .debug_macro   0x00001e33       0x6a out/01_GPIO/projects/01_GPIO/Core/Src/main.o
 .debug_macro   0x00001e9d      0x1df out/01_GPIO/projects/01_GPIO/Core/Src/main.o
 .debug_macro   0x0000207c       0x22 out/01_GPIO/projects/01_GPIO/Core/Src/main.o
 .debug_macro   0x0000209e       0x73 out/01_GPIO/projects/01_GPIO/Core/Src/main.o
 .debug_macro   0x00002111       0x28 out/01_GPIO/projects/01_GPIO/Core/Src/main.o
 .debug_macro   0x00002139       0x1c out/01_GPIO/projects/01_GPIO/Core/Src/main.o
 .debug_macro   0x00002155       0x22 out/01_GPIO/projects/01_GPIO/Core/Src/main.o
 .debug_macro   0x00002177       0xd9 out/01_GPIO/projects/01_GPIO/Core/Src/main.o
 .debug_macro   0x00002250     0x102d out/01_GPIO/projects/01_GPIO/Core/Src/main.o
 .debug_macro   0x0000327d      0x11f out/01_GPIO/projects/01_GPIO/Core/Src/main.o
 .debug_macro   0x0000339c      0x2c3 out/01_GPIO/projects/01_GPIO/Core/Src/main.o
 .debug_macro   0x0000365f      0x112 out/01_GPIO/projects/01_GPIO/Core/Src/main.o
 .debug_macro   0x00003771       0x11 out/01_GPIO/projects/01_GPIO/Core/Src/main.o
 .debug_macro   0x00003782       0x2a out/01_GPIO/projects/01_GPIO/Core/Src/main.o
 .debug_macro   0x000037ac       0x16 out/01_GPIO/projects/01_GPIO/Core/Src/main.o
 .debug_macro   0x000037c2      0x2e6 out/01_GPIO/projects/01_GPIO/Core/Src/main.o
 .debug_macro   0x00003aa8       0x82 out/01_GPIO/projects/01_GPIO/Core/Src/main.o
 .debug_macro   0x00003b2a      0x13d out/01_GPIO/projects/01_GPIO/Core/Src/main.o
 .debug_macro   0x00003c67      0x198 out/01_GPIO/projects/01_GPIO/Core/Src/main.o
 .debug_macro   0x00003dff       0x34 out/01_GPIO/projects/01_GPIO/Core/Src/main.o
 .debug_macro   0x00003e33       0x58 out/01_GPIO/projects/01_GPIO/Core/Src/main.o
 .debug_macro   0x00003e8b      0x236 out/01_GPIO/projects/01_GPIO/Core/Src/main.o
 .debug_macro   0x000040c1      0x572 out/01_GPIO/projects/01_GPIO/Core/Src/main.o
 .debug_macro   0x00004633       0x16 out/01_GPIO/projects/01_GPIO/Core/Src/main.o
 .debug_macro   0x00004649      0x18a out/01_GPIO/projects/01_GPIO/Core/Src/main.o
 .debug_macro   0x000047d3       0x88 out/01_GPIO/projects/01_GPIO/Core/Src/main.o
 .debug_macro   0x0000485b      0x1b9 out/01_GPIO/projects/01_GPIO/Core/Src/main.o
 .debug_macro   0x00004a14      0x1da out/01_GPIO/projects/01_GPIO/Core/Src/main.o
 .debug_macro   0x00004bee       0x40 out/01_GPIO/projects/01_GPIO/Core/Src/main.o
 .debug_macro   0x00004c2e       0x1c out/01_GPIO/projects/01_GPIO/Core/Src/main.o
 .debug_macro   0x00004c4a       0x2e out/01_GPIO/projects/01_GPIO/Core/Src/main.o
 .debug_macro   0x00004c78       0x2e out/01_GPIO/projects/01_GPIO/Core/Src/main.o
 .debug_macro   0x00004ca6       0x22 out/01_GPIO/projects/01_GPIO/Core/Src/main.o
 .debug_macro   0x00004cc8      0x201 out/01_GPIO/projects/01_GPIO/Core/Src/main.o
 .debug_macro   0x00004ec9       0xe0 out/01_GPIO/projects/01_GPIO/Core/Src/main.o
 .debug_macro   0x00004fa9      0x34c out/01_GPIO/projects/01_GPIO/Core/Src/main.o
 .debug_macro   0x000052f5       0xdc out/01_GPIO/projects/01_GPIO/Core/Src/main.o
 .debug_macro   0x000053d1       0xc4 out/01_GPIO/projects/01_GPIO/Core/Src/main.o
 .debug_macro   0x00005495       0x8f out/01_GPIO/projects/01_GPIO/Core/Src/main.o
 .debug_macro   0x00005524       0x94 out/01_GPIO/projects/01_GPIO/Core/Src/main.o
 .debug_macro   0x000055b8       0xb8 out/01_GPIO/projects/01_GPIO/Core/Src/main.o
 .debug_macro   0x00005670       0x4c out/01_GPIO/projects/01_GPIO/Core/Src/main.o
 .debug_macro   0x000056bc       0x16 out/01_GPIO/projects/01_GPIO/Core/Src/main.o
 .debug_macro   0x000056d2      0x328 out/01_GPIO/projects/01_GPIO/Core/Src/main.o
 .debug_macro   0x000059fa       0x3a out/01_GPIO/projects/01_GPIO/Core/Src/main.o
 .debug_macro   0x00005a34       0xd0 out/01_GPIO/projects/01_GPIO/Core/Src/main.o
 .debug_macro   0x00005b04       0x18 out/01_GPIO/projects/01_GPIO/Core/Src/main.o
 .debug_macro   0x00005b1c       0x22 out/01_GPIO/projects/01_GPIO/Core/Src/main.o
 .debug_macro   0x00005b3e       0x40 out/01_GPIO/projects/01_GPIO/Core/Src/main.o
 .debug_macro   0x00005b7e      0x166 out/01_GPIO/projects/01_GPIO/Core/Src/main.o
 .debug_macro   0x00005ce4       0x8e out/01_GPIO/projects/01_GPIO/Core/Src/main.o
 .debug_macro   0x00005d72      0x2cc out/01_GPIO/libs/lpc_open/lpc_chip_43xx/src/adc_18xx_43xx.o
 .debug_macro   0x0000603e      0x2d8 out/01_GPIO/libs/lpc_open/lpc_chip_43xx/src/aes_18xx_43xx.o
 .debug_macro   0x00006316      0x2cc out/01_GPIO/libs/lpc_open/lpc_chip_43xx/src/atimer_18xx_43xx.o
 .debug_macro   0x000065e2      0x2cc out/01_GPIO/libs/lpc_open/lpc_chip_43xx/src/ccan_18xx_43xx.o
 .debug_macro   0x000068ae      0x2cc out/01_GPIO/libs/lpc_open/lpc_chip_43xx/src/chip_18xx_43xx.o
 .debug_macro   0x00006b7a      0x2d2 out/01_GPIO/libs/lpc_open/lpc_chip_43xx/src/clock_18xx_43xx.o
 .debug_macro   0x00006e4c      0x2cc out/01_GPIO/libs/lpc_open/lpc_chip_43xx/src/dac_18xx_43xx.o
 .debug_macro   0x00007118      0x2cc out/01_GPIO/libs/lpc_open/lpc_chip_43xx/src/eeprom_18xx_43xx.o
 .debug_macro   0x000073e4      0x2d2 out/01_GPIO/libs/lpc_open/lpc_chip_43xx/src/emc_18xx_43xx.o
 .debug_macro   0x000076b6      0x2cc out/01_GPIO/libs/lpc_open/lpc_chip_43xx/src/enet_18xx_43xx.o
 .debug_macro   0x00007982      0x2cc out/01_GPIO/libs/lpc_open/lpc_chip_43xx/src/evrt_18xx_43xx.o
 .debug_macro   0x00007c4e      0x2cc out/01_GPIO/libs/lpc_open/lpc_chip_43xx/src/gpdma_18xx_43xx.o
 .debug_macro   0x00007f1a      0x2cc out/01_GPIO/libs/lpc_open/lpc_chip_43xx/src/gpio_18xx_43xx.o
 .debug_macro   0x000081e6      0x2cc out/01_GPIO/libs/lpc_open/lpc_chip_43xx/src/gpiogroup_18xx_43xx.o
 .debug_macro   0x000084b2      0x2de out/01_GPIO/libs/lpc_open/lpc_chip_43xx/src/i2c_18xx_43xx.o
 .debug_macro   0x00008790      0x2d2 out/01_GPIO/libs/lpc_open/lpc_chip_43xx/src/i2cm_18xx_43xx.o
 .debug_macro   0x00008a62      0x2cc out/01_GPIO/libs/lpc_open/lpc_chip_43xx/src/i2s_18xx_43xx.o
 .debug_macro   0x00008d2e      0x2cc out/01_GPIO/libs/lpc_open/lpc_chip_43xx/src/iap_18xx_43xx.o
 .debug_macro   0x00008ffa      0x2cc out/01_GPIO/libs/lpc_open/lpc_chip_43xx/src/lcd_18xx_43xx.o
 .debug_macro   0x000092c6      0x2d8 out/01_GPIO/libs/lpc_open/lpc_chip_43xx/src/otp_18xx_43xx.o
 .debug_macro   0x0000959e      0x2cc out/01_GPIO/libs/lpc_open/lpc_chip_43xx/src/pinint_18xx_43xx.o
 .debug_macro   0x0000986a      0x2cc out/01_GPIO/libs/lpc_open/lpc_chip_43xx/src/pmc_18xx_43xx.o
 .debug_macro   0x00009b36      0x119 out/01_GPIO/libs/lpc_open/lpc_chip_43xx/src/ring_buffer.o
 .debug_macro   0x00009c4f       0x22 out/01_GPIO/libs/lpc_open/lpc_chip_43xx/src/ring_buffer.o
 .debug_macro   0x00009c71       0x60 out/01_GPIO/libs/lpc_open/lpc_chip_43xx/src/ring_buffer.o
 .debug_macro   0x00009cd1       0x2a out/01_GPIO/libs/lpc_open/lpc_chip_43xx/src/ring_buffer.o
 .debug_macro   0x00009cfb       0x5c out/01_GPIO/libs/lpc_open/lpc_chip_43xx/src/ring_buffer.o
 .debug_macro   0x00009d57       0x3c out/01_GPIO/libs/lpc_open/lpc_chip_43xx/src/ring_buffer.o
 .debug_macro   0x00009d93       0x34 out/01_GPIO/libs/lpc_open/lpc_chip_43xx/src/ring_buffer.o
 .debug_macro   0x00009dc7      0x189 out/01_GPIO/libs/lpc_open/lpc_chip_43xx/src/ring_buffer.o
 .debug_macro   0x00009f50       0x57 out/01_GPIO/libs/lpc_open/lpc_chip_43xx/src/ring_buffer.o
 .debug_macro   0x00009fa7      0x38c out/01_GPIO/libs/lpc_open/lpc_chip_43xx/src/ring_buffer.o
 .debug_macro   0x0000a333       0x16 out/01_GPIO/libs/lpc_open/lpc_chip_43xx/src/ring_buffer.o
 .debug_macro   0x0000a349       0x4a out/01_GPIO/libs/lpc_open/lpc_chip_43xx/src/ring_buffer.o
 .debug_macro   0x0000a393       0x34 out/01_GPIO/libs/lpc_open/lpc_chip_43xx/src/ring_buffer.o
 .debug_macro   0x0000a3c7       0x10 out/01_GPIO/libs/lpc_open/lpc_chip_43xx/src/ring_buffer.o
 .debug_macro   0x0000a3d7       0x52 out/01_GPIO/libs/lpc_open/lpc_chip_43xx/src/ring_buffer.o
 .debug_macro   0x0000a429      0x1de out/01_GPIO/libs/lpc_open/lpc_chip_43xx/src/ring_buffer.o
 .debug_macro   0x0000a607       0x10 out/01_GPIO/libs/lpc_open/lpc_chip_43xx/src/ring_buffer.o
 .debug_macro   0x0000a617       0x3c out/01_GPIO/libs/lpc_open/lpc_chip_43xx/src/ring_buffer.o
 .debug_macro   0x0000a653       0x6c out/01_GPIO/libs/lpc_open/lpc_chip_43xx/src/ring_buffer.o
 .debug_macro   0x0000a6bf       0x10 out/01_GPIO/libs/lpc_open/lpc_chip_43xx/src/ring_buffer.o
 .debug_macro   0x0000a6cf      0x2cc out/01_GPIO/libs/lpc_open/lpc_chip_43xx/src/ritimer_18xx_43xx.o
 .debug_macro   0x0000a99b      0x2cc out/01_GPIO/libs/lpc_open/lpc_chip_43xx/src/rtc_18xx_43xx.o
 .debug_macro   0x0000ac67      0x2cc out/01_GPIO/libs/lpc_open/lpc_chip_43xx/src/sct_18xx_43xx.o
 .debug_macro   0x0000af33      0x2cc out/01_GPIO/libs/lpc_open/lpc_chip_43xx/src/sct_pwm_18xx_43xx.o
 .debug_macro   0x0000b1ff      0x398 out/01_GPIO/libs/lpc_open/lpc_chip_43xx/src/sdif_18xx_43xx.o
 .debug_macro   0x0000b597      0x2de out/01_GPIO/libs/lpc_open/lpc_chip_43xx/src/sdio_18xx_43xx.o
 .debug_macro   0x0000b875      0x39e out/01_GPIO/libs/lpc_open/lpc_chip_43xx/src/sdmmc_18xx_43xx.o
 .debug_macro   0x0000bc13      0x2cc out/01_GPIO/libs/lpc_open/lpc_chip_43xx/src/spi_18xx_43xx.o
 .debug_macro   0x0000bedf      0x2cc out/01_GPIO/libs/lpc_open/lpc_chip_43xx/src/ssp_18xx_43xx.o
 .debug_macro   0x0000c1ab      0x2d6 out/01_GPIO/libs/lpc_open/lpc_chip_43xx/src/stopwatch_18xx_43xx.o
 .debug_macro   0x0000c481      0x2cc out/01_GPIO/libs/lpc_open/lpc_chip_43xx/src/sysinit_18xx_43xx.o
 .debug_macro   0x0000c74d      0x2cc out/01_GPIO/libs/lpc_open/lpc_chip_43xx/src/timer_18xx_43xx.o
 .debug_macro   0x0000ca19      0x2cc out/01_GPIO/libs/lpc_open/lpc_chip_43xx/src/uart_18xx_43xx.o
 .debug_macro   0x0000cce5      0x2cc out/01_GPIO/libs/lpc_open/lpc_chip_43xx/src/wwdt_18xx_43xx.o

.debug_line     0x00000000    0x14c2f
 .debug_line    0x00000000       0xc2 out/01_GPIO/libs/startup/src/startup.o
 .debug_line    0x000000c2      0xc4e out/01_GPIO/projects/01_GPIO/Core/Src/main.o
 .debug_line    0x00000d10      0x85d out/01_GPIO/libs/lpc_open/lpc_chip_43xx/src/adc_18xx_43xx.o
 .debug_line    0x0000156d      0x6ee out/01_GPIO/libs/lpc_open/lpc_chip_43xx/src/aes_18xx_43xx.o
 .debug_line    0x00001c5b      0x5de out/01_GPIO/libs/lpc_open/lpc_chip_43xx/src/atimer_18xx_43xx.o
 .debug_line    0x00002239      0xa83 out/01_GPIO/libs/lpc_open/lpc_chip_43xx/src/ccan_18xx_43xx.o
 .debug_line    0x00002cbc      0x5f4 out/01_GPIO/libs/lpc_open/lpc_chip_43xx/src/chip_18xx_43xx.o
 .debug_line    0x000032b0     0x118b out/01_GPIO/libs/lpc_open/lpc_chip_43xx/src/clock_18xx_43xx.o
 .debug_line    0x0000443b      0x5e3 out/01_GPIO/libs/lpc_open/lpc_chip_43xx/src/dac_18xx_43xx.o
 .debug_line    0x00004a1e      0x687 out/01_GPIO/libs/lpc_open/lpc_chip_43xx/src/eeprom_18xx_43xx.o
 .debug_line    0x000050a5      0xa07 out/01_GPIO/libs/lpc_open/lpc_chip_43xx/src/emc_18xx_43xx.o
 .debug_line    0x00005aac      0x753 out/01_GPIO/libs/lpc_open/lpc_chip_43xx/src/enet_18xx_43xx.o
 .debug_line    0x000061ff      0x67c out/01_GPIO/libs/lpc_open/lpc_chip_43xx/src/evrt_18xx_43xx.o
 .debug_line    0x0000687b      0xd7a out/01_GPIO/libs/lpc_open/lpc_chip_43xx/src/gpdma_18xx_43xx.o
 .debug_line    0x000075f5      0x57b out/01_GPIO/libs/lpc_open/lpc_chip_43xx/src/gpio_18xx_43xx.o
 .debug_line    0x00007b70      0x56c out/01_GPIO/libs/lpc_open/lpc_chip_43xx/src/gpiogroup_18xx_43xx.o
 .debug_line    0x000080dc      0xe4d out/01_GPIO/libs/lpc_open/lpc_chip_43xx/src/i2c_18xx_43xx.o
 .debug_line    0x00008f29      0xa37 out/01_GPIO/libs/lpc_open/lpc_chip_43xx/src/i2cm_18xx_43xx.o
 .debug_line    0x00009960      0x973 out/01_GPIO/libs/lpc_open/lpc_chip_43xx/src/i2s_18xx_43xx.o
 .debug_line    0x0000a2d3      0x8a1 out/01_GPIO/libs/lpc_open/lpc_chip_43xx/src/iap_18xx_43xx.o
 .debug_line    0x0000ab74      0x879 out/01_GPIO/libs/lpc_open/lpc_chip_43xx/src/lcd_18xx_43xx.o
 .debug_line    0x0000b3ed      0x6af out/01_GPIO/libs/lpc_open/lpc_chip_43xx/src/otp_18xx_43xx.o
 .debug_line    0x0000ba9c      0x569 out/01_GPIO/libs/lpc_open/lpc_chip_43xx/src/pinint_18xx_43xx.o
 .debug_line    0x0000c005      0x597 out/01_GPIO/libs/lpc_open/lpc_chip_43xx/src/pmc_18xx_43xx.o
 .debug_line    0x0000c59c      0x4d9 out/01_GPIO/libs/lpc_open/lpc_chip_43xx/src/ring_buffer.o
 .debug_line    0x0000ca75      0x62a out/01_GPIO/libs/lpc_open/lpc_chip_43xx/src/ritimer_18xx_43xx.o
 .debug_line    0x0000d09f      0x8c9 out/01_GPIO/libs/lpc_open/lpc_chip_43xx/src/rtc_18xx_43xx.o
 .debug_line    0x0000d968      0x5f8 out/01_GPIO/libs/lpc_open/lpc_chip_43xx/src/sct_18xx_43xx.o
 .debug_line    0x0000df60      0x6a3 out/01_GPIO/libs/lpc_open/lpc_chip_43xx/src/sct_pwm_18xx_43xx.o
 .debug_line    0x0000e603      0x926 out/01_GPIO/libs/lpc_open/lpc_chip_43xx/src/sdif_18xx_43xx.o
 .debug_line    0x0000ef29      0xd3d out/01_GPIO/libs/lpc_open/lpc_chip_43xx/src/sdio_18xx_43xx.o
 .debug_line    0x0000fc66      0xf56 out/01_GPIO/libs/lpc_open/lpc_chip_43xx/src/sdmmc_18xx_43xx.o
 .debug_line    0x00010bbc      0x8bf out/01_GPIO/libs/lpc_open/lpc_chip_43xx/src/spi_18xx_43xx.o
 .debug_line    0x0001147b     0x10ed out/01_GPIO/libs/lpc_open/lpc_chip_43xx/src/ssp_18xx_43xx.o
 .debug_line    0x00012568      0x652 out/01_GPIO/libs/lpc_open/lpc_chip_43xx/src/stopwatch_18xx_43xx.o
 .debug_line    0x00012bba      0x745 out/01_GPIO/libs/lpc_open/lpc_chip_43xx/src/sysinit_18xx_43xx.o
 .debug_line    0x000132ff      0x654 out/01_GPIO/libs/lpc_open/lpc_chip_43xx/src/timer_18xx_43xx.o
 .debug_line    0x00013953      0xd16 out/01_GPIO/libs/lpc_open/lpc_chip_43xx/src/uart_18xx_43xx.o
 .debug_line    0x00014669      0x5c6 out/01_GPIO/libs/lpc_open/lpc_chip_43xx/src/wwdt_18xx_43xx.o

.debug_str      0x00000000    0x21300
 .debug_str     0x00000000    0x21300 out/01_GPIO/libs/startup/src/startup.o
                               0x3988 (size before relaxing)
 .debug_str     0x00021300        0x0 out/01_GPIO/projects/01_GPIO/Core/Src/main.o
                              0x17fcb (size before relaxing)
 .debug_str     0x00021300        0x0 out/01_GPIO/libs/lpc_open/lpc_chip_43xx/src/adc_18xx_43xx.o
                              0x16d49 (size before relaxing)
 .debug_str     0x00021300        0x0 out/01_GPIO/libs/lpc_open/lpc_chip_43xx/src/aes_18xx_43xx.o
                              0x171c9 (size before relaxing)
 .debug_str     0x00021300        0x0 out/01_GPIO/libs/lpc_open/lpc_chip_43xx/src/atimer_18xx_43xx.o
                              0x165aa (size before relaxing)
 .debug_str     0x00021300        0x0 out/01_GPIO/libs/lpc_open/lpc_chip_43xx/src/ccan_18xx_43xx.o
                              0x16c6b (size before relaxing)
 .debug_str     0x00021300        0x0 out/01_GPIO/libs/lpc_open/lpc_chip_43xx/src/chip_18xx_43xx.o
                              0x17320 (size before relaxing)
 .debug_str     0x00021300        0x0 out/01_GPIO/libs/lpc_open/lpc_chip_43xx/src/clock_18xx_43xx.o
                              0x17790 (size before relaxing)
 .debug_str     0x00021300        0x0 out/01_GPIO/libs/lpc_open/lpc_chip_43xx/src/dac_18xx_43xx.o
                              0x16985 (size before relaxing)
 .debug_str     0x00021300        0x0 out/01_GPIO/libs/lpc_open/lpc_chip_43xx/src/eeprom_18xx_43xx.o
                              0x16a4a (size before relaxing)
 .debug_str     0x00021300        0x0 out/01_GPIO/libs/lpc_open/lpc_chip_43xx/src/emc_18xx_43xx.o
                              0x16aba (size before relaxing)
 .debug_str     0x00021300        0x0 out/01_GPIO/libs/lpc_open/lpc_chip_43xx/src/enet_18xx_43xx.o
                              0x17354 (size before relaxing)
 .debug_str     0x00021300        0x0 out/01_GPIO/libs/lpc_open/lpc_chip_43xx/src/evrt_18xx_43xx.o
                              0x167f4 (size before relaxing)
 .debug_str     0x00021300        0x0 out/01_GPIO/libs/lpc_open/lpc_chip_43xx/src/gpdma_18xx_43xx.o
                              0x177c6 (size before relaxing)
 .debug_str     0x00021300        0x0 out/01_GPIO/libs/lpc_open/lpc_chip_43xx/src/gpio_18xx_43xx.o
                              0x1650b (size before relaxing)
 .debug_str     0x00021300        0x0 out/01_GPIO/libs/lpc_open/lpc_chip_43xx/src/gpiogroup_18xx_43xx.o
                              0x164c4 (size before relaxing)
 .debug_str     0x00021300        0x0 out/01_GPIO/libs/lpc_open/lpc_chip_43xx/src/i2c_18xx_43xx.o
                              0x174eb (size before relaxing)
 .debug_str     0x00021300        0x0 out/01_GPIO/libs/lpc_open/lpc_chip_43xx/src/i2cm_18xx_43xx.o
                              0x16b4d (size before relaxing)
 .debug_str     0x00021300        0x0 out/01_GPIO/libs/lpc_open/lpc_chip_43xx/src/i2s_18xx_43xx.o
                              0x16b13 (size before relaxing)
 .debug_str     0x00021300        0x0 out/01_GPIO/libs/lpc_open/lpc_chip_43xx/src/iap_18xx_43xx.o
                              0x168ab (size before relaxing)
 .debug_str     0x00021300        0x0 out/01_GPIO/libs/lpc_open/lpc_chip_43xx/src/lcd_18xx_43xx.o
                              0x171d0 (size before relaxing)
 .debug_str     0x00021300        0x0 out/01_GPIO/libs/lpc_open/lpc_chip_43xx/src/otp_18xx_43xx.o
                              0x1716d (size before relaxing)
 .debug_str     0x00021300        0x0 out/01_GPIO/libs/lpc_open/lpc_chip_43xx/src/pinint_18xx_43xx.o
                              0x164c1 (size before relaxing)
 .debug_str     0x00021300        0x0 out/01_GPIO/libs/lpc_open/lpc_chip_43xx/src/pmc_18xx_43xx.o
                              0x165ca (size before relaxing)
 .debug_str     0x00021300        0x0 out/01_GPIO/libs/lpc_open/lpc_chip_43xx/src/ring_buffer.o
                               0x6d70 (size before relaxing)
 .debug_str     0x00021300        0x0 out/01_GPIO/libs/lpc_open/lpc_chip_43xx/src/ritimer_18xx_43xx.o
                              0x169c5 (size before relaxing)
 .debug_str     0x00021300        0x0 out/01_GPIO/libs/lpc_open/lpc_chip_43xx/src/rtc_18xx_43xx.o
                              0x168a1 (size before relaxing)
 .debug_str     0x00021300        0x0 out/01_GPIO/libs/lpc_open/lpc_chip_43xx/src/sct_18xx_43xx.o
                              0x16b32 (size before relaxing)
 .debug_str     0x00021300        0x0 out/01_GPIO/libs/lpc_open/lpc_chip_43xx/src/sct_pwm_18xx_43xx.o
                              0x16ba8 (size before relaxing)
 .debug_str     0x00021300        0x0 out/01_GPIO/libs/lpc_open/lpc_chip_43xx/src/sdif_18xx_43xx.o
                              0x19b56 (size before relaxing)
 .debug_str     0x00021300        0x0 out/01_GPIO/libs/lpc_open/lpc_chip_43xx/src/sdio_18xx_43xx.o
                              0x17411 (size before relaxing)
 .debug_str     0x00021300        0x0 out/01_GPIO/libs/lpc_open/lpc_chip_43xx/src/sdmmc_18xx_43xx.o
                              0x1a584 (size before relaxing)
 .debug_str     0x00021300        0x0 out/01_GPIO/libs/lpc_open/lpc_chip_43xx/src/spi_18xx_43xx.o
                              0x16caf (size before relaxing)
 .debug_str     0x00021300        0x0 out/01_GPIO/libs/lpc_open/lpc_chip_43xx/src/ssp_18xx_43xx.o
                              0x16f3f (size before relaxing)
 .debug_str     0x00021300        0x0 out/01_GPIO/libs/lpc_open/lpc_chip_43xx/src/stopwatch_18xx_43xx.o
                              0x1704d (size before relaxing)
 .debug_str     0x00021300        0x0 out/01_GPIO/libs/lpc_open/lpc_chip_43xx/src/sysinit_18xx_43xx.o
                              0x17214 (size before relaxing)
 .debug_str     0x00021300        0x0 out/01_GPIO/libs/lpc_open/lpc_chip_43xx/src/timer_18xx_43xx.o
                              0x16a16 (size before relaxing)
 .debug_str     0x00021300        0x0 out/01_GPIO/libs/lpc_open/lpc_chip_43xx/src/uart_18xx_43xx.o
                              0x173bf (size before relaxing)
 .debug_str     0x00021300        0x0 out/01_GPIO/libs/lpc_open/lpc_chip_43xx/src/wwdt_18xx_43xx.o
                              0x16538 (size before relaxing)

.comment        0x00000000       0x6b
 .comment       0x00000000       0x6b out/01_GPIO/libs/startup/src/startup.o
                                 0x27 (size before relaxing)
 .comment       0x0000006b        0x0 out/01_GPIO/projects/01_GPIO/Core/Src/main.o
                                 0x46 (size before relaxing)
 .comment       0x0000006b        0x0 out/01_GPIO/libs/lpc_open/lpc_chip_43xx/src/adc_18xx_43xx.o
                                 0x27 (size before relaxing)
 .comment       0x0000006b        0x0 out/01_GPIO/libs/lpc_open/lpc_chip_43xx/src/aes_18xx_43xx.o
                                 0x27 (size before relaxing)
 .comment       0x0000006b        0x0 out/01_GPIO/libs/lpc_open/lpc_chip_43xx/src/atimer_18xx_43xx.o
                                 0x27 (size before relaxing)
 .comment       0x0000006b        0x0 out/01_GPIO/libs/lpc_open/lpc_chip_43xx/src/ccan_18xx_43xx.o
                                 0x27 (size before relaxing)
 .comment       0x0000006b        0x0 out/01_GPIO/libs/lpc_open/lpc_chip_43xx/src/chip_18xx_43xx.o
                                 0x27 (size before relaxing)
 .comment       0x0000006b        0x0 out/01_GPIO/libs/lpc_open/lpc_chip_43xx/src/clock_18xx_43xx.o
                                 0x27 (size before relaxing)
 .comment       0x0000006b        0x0 out/01_GPIO/libs/lpc_open/lpc_chip_43xx/src/dac_18xx_43xx.o
                                 0x27 (size before relaxing)
 .comment       0x0000006b        0x0 out/01_GPIO/libs/lpc_open/lpc_chip_43xx/src/eeprom_18xx_43xx.o
                                 0x27 (size before relaxing)
 .comment       0x0000006b        0x0 out/01_GPIO/libs/lpc_open/lpc_chip_43xx/src/emc_18xx_43xx.o
                                 0x27 (size before relaxing)
 .comment       0x0000006b        0x0 out/01_GPIO/libs/lpc_open/lpc_chip_43xx/src/enet_18xx_43xx.o
                                 0x27 (size before relaxing)
 .comment       0x0000006b        0x0 out/01_GPIO/libs/lpc_open/lpc_chip_43xx/src/evrt_18xx_43xx.o
                                 0x27 (size before relaxing)
 .comment       0x0000006b        0x0 out/01_GPIO/libs/lpc_open/lpc_chip_43xx/src/gpdma_18xx_43xx.o
                                 0x27 (size before relaxing)
 .comment       0x0000006b        0x0 out/01_GPIO/libs/lpc_open/lpc_chip_43xx/src/gpio_18xx_43xx.o
                                 0x27 (size before relaxing)
 .comment       0x0000006b        0x0 out/01_GPIO/libs/lpc_open/lpc_chip_43xx/src/gpiogroup_18xx_43xx.o
                                 0x27 (size before relaxing)
 .comment       0x0000006b        0x0 out/01_GPIO/libs/lpc_open/lpc_chip_43xx/src/i2c_18xx_43xx.o
                                 0x27 (size before relaxing)
 .comment       0x0000006b        0x0 out/01_GPIO/libs/lpc_open/lpc_chip_43xx/src/i2cm_18xx_43xx.o
                                 0x27 (size before relaxing)
 .comment       0x0000006b        0x0 out/01_GPIO/libs/lpc_open/lpc_chip_43xx/src/i2s_18xx_43xx.o
                                 0x27 (size before relaxing)
 .comment       0x0000006b        0x0 out/01_GPIO/libs/lpc_open/lpc_chip_43xx/src/iap_18xx_43xx.o
                                 0x27 (size before relaxing)
 .comment       0x0000006b        0x0 out/01_GPIO/libs/lpc_open/lpc_chip_43xx/src/lcd_18xx_43xx.o
                                 0x27 (size before relaxing)
 .comment       0x0000006b        0x0 out/01_GPIO/libs/lpc_open/lpc_chip_43xx/src/otp_18xx_43xx.o
                                 0x27 (size before relaxing)
 .comment       0x0000006b        0x0 out/01_GPIO/libs/lpc_open/lpc_chip_43xx/src/pinint_18xx_43xx.o
                                 0x27 (size before relaxing)
 .comment       0x0000006b        0x0 out/01_GPIO/libs/lpc_open/lpc_chip_43xx/src/pmc_18xx_43xx.o
                                 0x27 (size before relaxing)
 .comment       0x0000006b        0x0 out/01_GPIO/libs/lpc_open/lpc_chip_43xx/src/ring_buffer.o
                                 0x27 (size before relaxing)
 .comment       0x0000006b        0x0 out/01_GPIO/libs/lpc_open/lpc_chip_43xx/src/ritimer_18xx_43xx.o
                                 0x27 (size before relaxing)
 .comment       0x0000006b        0x0 out/01_GPIO/libs/lpc_open/lpc_chip_43xx/src/rtc_18xx_43xx.o
                                 0x27 (size before relaxing)
 .comment       0x0000006b        0x0 out/01_GPIO/libs/lpc_open/lpc_chip_43xx/src/sct_18xx_43xx.o
                                 0x27 (size before relaxing)
 .comment       0x0000006b        0x0 out/01_GPIO/libs/lpc_open/lpc_chip_43xx/src/sct_pwm_18xx_43xx.o
                                 0x27 (size before relaxing)
 .comment       0x0000006b        0x0 out/01_GPIO/libs/lpc_open/lpc_chip_43xx/src/sdif_18xx_43xx.o
                                 0x27 (size before relaxing)
 .comment       0x0000006b        0x0 out/01_GPIO/libs/lpc_open/lpc_chip_43xx/src/sdio_18xx_43xx.o
                                 0x27 (size before relaxing)
 .comment       0x0000006b        0x0 out/01_GPIO/libs/lpc_open/lpc_chip_43xx/src/sdmmc_18xx_43xx.o
                                 0x27 (size before relaxing)
 .comment       0x0000006b        0x0 out/01_GPIO/libs/lpc_open/lpc_chip_43xx/src/spi_18xx_43xx.o
                                 0x27 (size before relaxing)
 .comment       0x0000006b        0x0 out/01_GPIO/libs/lpc_open/lpc_chip_43xx/src/ssp_18xx_43xx.o
                                 0x27 (size before relaxing)
 .comment       0x0000006b        0x0 out/01_GPIO/libs/lpc_open/lpc_chip_43xx/src/stopwatch_18xx_43xx.o
                                 0x27 (size before relaxing)
 .comment       0x0000006b        0x0 out/01_GPIO/libs/lpc_open/lpc_chip_43xx/src/sysinit_18xx_43xx.o
                                 0x27 (size before relaxing)
 .comment       0x0000006b        0x0 out/01_GPIO/libs/lpc_open/lpc_chip_43xx/src/timer_18xx_43xx.o
                                 0x27 (size before relaxing)
 .comment       0x0000006b        0x0 out/01_GPIO/libs/lpc_open/lpc_chip_43xx/src/uart_18xx_43xx.o
                                 0x27 (size before relaxing)
 .comment       0x0000006b        0x0 out/01_GPIO/libs/lpc_open/lpc_chip_43xx/src/wwdt_18xx_43xx.o
                                 0x27 (size before relaxing)

.ARM.attributes
                0x00000000       0x34
 .ARM.attributes
                0x00000000       0x34 out/01_GPIO/libs/startup/src/startup.o
 .ARM.attributes
                0x00000034       0x34 out/01_GPIO/projects/01_GPIO/Core/Src/main.o
 .ARM.attributes
                0x00000068       0x34 out/01_GPIO/libs/lpc_open/lpc_chip_43xx/src/adc_18xx_43xx.o
 .ARM.attributes
                0x0000009c       0x34 out/01_GPIO/libs/lpc_open/lpc_chip_43xx/src/aes_18xx_43xx.o
 .ARM.attributes
                0x000000d0       0x34 out/01_GPIO/libs/lpc_open/lpc_chip_43xx/src/atimer_18xx_43xx.o
 .ARM.attributes
                0x00000104       0x34 out/01_GPIO/libs/lpc_open/lpc_chip_43xx/src/ccan_18xx_43xx.o
 .ARM.attributes
                0x00000138       0x34 out/01_GPIO/libs/lpc_open/lpc_chip_43xx/src/chip_18xx_43xx.o
 .ARM.attributes
                0x0000016c       0x34 out/01_GPIO/libs/lpc_open/lpc_chip_43xx/src/clock_18xx_43xx.o
 .ARM.attributes
                0x000001a0       0x34 out/01_GPIO/libs/lpc_open/lpc_chip_43xx/src/dac_18xx_43xx.o
 .ARM.attributes
                0x000001d4       0x34 out/01_GPIO/libs/lpc_open/lpc_chip_43xx/src/eeprom_18xx_43xx.o
 .ARM.attributes
                0x00000208       0x34 out/01_GPIO/libs/lpc_open/lpc_chip_43xx/src/emc_18xx_43xx.o
 .ARM.attributes
                0x0000023c       0x34 out/01_GPIO/libs/lpc_open/lpc_chip_43xx/src/enet_18xx_43xx.o
 .ARM.attributes
                0x00000270       0x34 out/01_GPIO/libs/lpc_open/lpc_chip_43xx/src/evrt_18xx_43xx.o
 .ARM.attributes
                0x000002a4       0x34 out/01_GPIO/libs/lpc_open/lpc_chip_43xx/src/gpdma_18xx_43xx.o
 .ARM.attributes
                0x000002d8       0x34 out/01_GPIO/libs/lpc_open/lpc_chip_43xx/src/gpio_18xx_43xx.o
 .ARM.attributes
                0x0000030c       0x34 out/01_GPIO/libs/lpc_open/lpc_chip_43xx/src/gpiogroup_18xx_43xx.o
 .ARM.attributes
                0x00000340       0x34 out/01_GPIO/libs/lpc_open/lpc_chip_43xx/src/i2c_18xx_43xx.o
 .ARM.attributes
                0x00000374       0x34 out/01_GPIO/libs/lpc_open/lpc_chip_43xx/src/i2cm_18xx_43xx.o
 .ARM.attributes
                0x000003a8       0x34 out/01_GPIO/libs/lpc_open/lpc_chip_43xx/src/i2s_18xx_43xx.o
 .ARM.attributes
                0x000003dc       0x34 out/01_GPIO/libs/lpc_open/lpc_chip_43xx/src/iap_18xx_43xx.o
 .ARM.attributes
                0x00000410       0x34 out/01_GPIO/libs/lpc_open/lpc_chip_43xx/src/lcd_18xx_43xx.o
 .ARM.attributes
                0x00000444       0x34 out/01_GPIO/libs/lpc_open/lpc_chip_43xx/src/otp_18xx_43xx.o
 .ARM.attributes
                0x00000478       0x34 out/01_GPIO/libs/lpc_open/lpc_chip_43xx/src/pinint_18xx_43xx.o
 .ARM.attributes
                0x000004ac       0x34 out/01_GPIO/libs/lpc_open/lpc_chip_43xx/src/pmc_18xx_43xx.o
 .ARM.attributes
                0x000004e0       0x34 out/01_GPIO/libs/lpc_open/lpc_chip_43xx/src/ring_buffer.o
 .ARM.attributes
                0x00000514       0x34 out/01_GPIO/libs/lpc_open/lpc_chip_43xx/src/ritimer_18xx_43xx.o
 .ARM.attributes
                0x00000548       0x34 out/01_GPIO/libs/lpc_open/lpc_chip_43xx/src/rtc_18xx_43xx.o
 .ARM.attributes
                0x0000057c       0x34 out/01_GPIO/libs/lpc_open/lpc_chip_43xx/src/sct_18xx_43xx.o
 .ARM.attributes
                0x000005b0       0x34 out/01_GPIO/libs/lpc_open/lpc_chip_43xx/src/sct_pwm_18xx_43xx.o
 .ARM.attributes
                0x000005e4       0x34 out/01_GPIO/libs/lpc_open/lpc_chip_43xx/src/sdif_18xx_43xx.o
 .ARM.attributes
                0x00000618       0x34 out/01_GPIO/libs/lpc_open/lpc_chip_43xx/src/sdio_18xx_43xx.o
 .ARM.attributes
                0x0000064c       0x34 out/01_GPIO/libs/lpc_open/lpc_chip_43xx/src/sdmmc_18xx_43xx.o
 .ARM.attributes
                0x00000680       0x34 out/01_GPIO/libs/lpc_open/lpc_chip_43xx/src/spi_18xx_43xx.o
 .ARM.attributes
                0x000006b4       0x34 out/01_GPIO/libs/lpc_open/lpc_chip_43xx/src/ssp_18xx_43xx.o
 .ARM.attributes
                0x000006e8       0x34 out/01_GPIO/libs/lpc_open/lpc_chip_43xx/src/stopwatch_18xx_43xx.o
 .ARM.attributes
                0x0000071c       0x34 out/01_GPIO/libs/lpc_open/lpc_chip_43xx/src/sysinit_18xx_43xx.o
 .ARM.attributes
                0x00000750       0x34 out/01_GPIO/libs/lpc_open/lpc_chip_43xx/src/timer_18xx_43xx.o
 .ARM.attributes
                0x00000784       0x34 out/01_GPIO/libs/lpc_open/lpc_chip_43xx/src/uart_18xx_43xx.o
 .ARM.attributes
                0x000007b8       0x34 out/01_GPIO/libs/lpc_open/lpc_chip_43xx/src/wwdt_18xx_43xx.o
 .ARM.attributes
                0x000007ec       0x22 C:/Users/Carlitoz MF/Documents/Microcontroladores/CIAA-Github/tools/gcc-arm/bin/../lib/gcc/arm-none-eabi/15.2.1/thumb/v7e-m+fp/hard\libgcc.a(_aeabi_uldivmod.o)
 .ARM.attributes
                0x0000080e       0x34 C:/Users/Carlitoz MF/Documents/Microcontroladores/CIAA-Github/tools/gcc-arm/bin/../lib/gcc/arm-none-eabi/15.2.1/thumb/v7e-m+fp/hard\libgcc.a(_udivmoddi4.o)
 .ARM.attributes
                0x00000842       0x22 C:/Users/Carlitoz MF/Documents/Microcontroladores/CIAA-Github/tools/gcc-arm/bin/../lib/gcc/arm-none-eabi/15.2.1/thumb/v7e-m+fp/hard\libgcc.a(_dvmd_tls.o)
 .ARM.attributes
                0x00000864       0x34 C:/Users/Carlitoz MF/Documents/Microcontroladores/CIAA-Github/tools/gcc-arm/bin/../lib/gcc/arm-none-eabi/15.2.1/../../../../arm-none-eabi/lib/thumb/v7e-m+fp/hard\libc_nano.a(libc_a-memset.o)
 .ARM.attributes
                0x00000898       0x34 C:/Users/Carlitoz MF/Documents/Microcontroladores/CIAA-Github/tools/gcc-arm/bin/../lib/gcc/arm-none-eabi/15.2.1/../../../../arm-none-eabi/lib/thumb/v7e-m+fp/hard\libc_nano.a(libc_a-memcpy-stub.o)

.debug_frame    0x00000000     0x2244
 .debug_frame   0x00000000       0x38 out/01_GPIO/libs/startup/src/startup.o
 .debug_frame   0x00000038       0x68 out/01_GPIO/projects/01_GPIO/Core/Src/main.o
 .debug_frame   0x000000a0      0x160 out/01_GPIO/libs/lpc_open/lpc_chip_43xx/src/adc_18xx_43xx.o
 .debug_frame   0x00000200      0x130 out/01_GPIO/libs/lpc_open/lpc_chip_43xx/src/aes_18xx_43xx.o
 .debug_frame   0x00000330       0x30 out/01_GPIO/libs/lpc_open/lpc_chip_43xx/src/atimer_18xx_43xx.o
 .debug_frame   0x00000360      0x1a4 out/01_GPIO/libs/lpc_open/lpc_chip_43xx/src/ccan_18xx_43xx.o
 .debug_frame   0x00000504       0x70 out/01_GPIO/libs/lpc_open/lpc_chip_43xx/src/chip_18xx_43xx.o
 .debug_frame   0x00000574      0x300 out/01_GPIO/libs/lpc_open/lpc_chip_43xx/src/clock_18xx_43xx.o
 .debug_frame   0x00000874       0x60 out/01_GPIO/libs/lpc_open/lpc_chip_43xx/src/dac_18xx_43xx.o
 .debug_frame   0x000008d4       0x68 out/01_GPIO/libs/lpc_open/lpc_chip_43xx/src/eeprom_18xx_43xx.o
 .debug_frame   0x0000093c       0xf0 out/01_GPIO/libs/lpc_open/lpc_chip_43xx/src/emc_18xx_43xx.o
 .debug_frame   0x00000a2c       0xa4 out/01_GPIO/libs/lpc_open/lpc_chip_43xx/src/enet_18xx_43xx.o
 .debug_frame   0x00000ad0       0x50 out/01_GPIO/libs/lpc_open/lpc_chip_43xx/src/evrt_18xx_43xx.o
 .debug_frame   0x00000b20      0x1c4 out/01_GPIO/libs/lpc_open/lpc_chip_43xx/src/gpdma_18xx_43xx.o
 .debug_frame   0x00000ce4       0x30 out/01_GPIO/libs/lpc_open/lpc_chip_43xx/src/gpio_18xx_43xx.o
 .debug_frame   0x00000d14      0x268 out/01_GPIO/libs/lpc_open/lpc_chip_43xx/src/i2c_18xx_43xx.o
 .debug_frame   0x00000f7c       0xe8 out/01_GPIO/libs/lpc_open/lpc_chip_43xx/src/i2cm_18xx_43xx.o
 .debug_frame   0x00001064       0xf8 out/01_GPIO/libs/lpc_open/lpc_chip_43xx/src/i2s_18xx_43xx.o
 .debug_frame   0x0000115c      0x164 out/01_GPIO/libs/lpc_open/lpc_chip_43xx/src/iap_18xx_43xx.o
 .debug_frame   0x000012c0       0x80 out/01_GPIO/libs/lpc_open/lpc_chip_43xx/src/lcd_18xx_43xx.o
 .debug_frame   0x00001340       0xb8 out/01_GPIO/libs/lpc_open/lpc_chip_43xx/src/otp_18xx_43xx.o
 .debug_frame   0x000013f8       0x30 out/01_GPIO/libs/lpc_open/lpc_chip_43xx/src/pmc_18xx_43xx.o
 .debug_frame   0x00001428       0x90 out/01_GPIO/libs/lpc_open/lpc_chip_43xx/src/ring_buffer.o
 .debug_frame   0x000014b8       0x6c out/01_GPIO/libs/lpc_open/lpc_chip_43xx/src/ritimer_18xx_43xx.o
 .debug_frame   0x00001524      0x10c out/01_GPIO/libs/lpc_open/lpc_chip_43xx/src/rtc_18xx_43xx.o
 .debug_frame   0x00001630       0x60 out/01_GPIO/libs/lpc_open/lpc_chip_43xx/src/sct_18xx_43xx.o
 .debug_frame   0x00001690       0x48 out/01_GPIO/libs/lpc_open/lpc_chip_43xx/src/sct_pwm_18xx_43xx.o
 .debug_frame   0x000016d8       0xbc out/01_GPIO/libs/lpc_open/lpc_chip_43xx/src/sdif_18xx_43xx.o
 .debug_frame   0x00001794      0x218 out/01_GPIO/libs/lpc_open/lpc_chip_43xx/src/sdio_18xx_43xx.o
 .debug_frame   0x000019ac      0x158 out/01_GPIO/libs/lpc_open/lpc_chip_43xx/src/sdmmc_18xx_43xx.o
 .debug_frame   0x00001b04      0x13c out/01_GPIO/libs/lpc_open/lpc_chip_43xx/src/spi_18xx_43xx.o
 .debug_frame   0x00001c40      0x188 out/01_GPIO/libs/lpc_open/lpc_chip_43xx/src/ssp_18xx_43xx.o
 .debug_frame   0x00001dc8       0x88 out/01_GPIO/libs/lpc_open/lpc_chip_43xx/src/stopwatch_18xx_43xx.o
 .debug_frame   0x00001e50       0x90 out/01_GPIO/libs/lpc_open/lpc_chip_43xx/src/sysinit_18xx_43xx.o
 .debug_frame   0x00001ee0       0x78 out/01_GPIO/libs/lpc_open/lpc_chip_43xx/src/timer_18xx_43xx.o
 .debug_frame   0x00001f58      0x1f4 out/01_GPIO/libs/lpc_open/lpc_chip_43xx/src/uart_18xx_43xx.o
 .debug_frame   0x0000214c       0x40 out/01_GPIO/libs/lpc_open/lpc_chip_43xx/src/wwdt_18xx_43xx.o
 .debug_frame   0x0000218c       0x2c C:/Users/Carlitoz MF/Documents/Microcontroladores/CIAA-Github/tools/gcc-arm/bin/../lib/gcc/arm-none-eabi/15.2.1/thumb/v7e-m+fp/hard\libgcc.a(_aeabi_uldivmod.o)
 .debug_frame   0x000021b8       0x44 C:/Users/Carlitoz MF/Documents/Microcontroladores/CIAA-Github/tools/gcc-arm/bin/../lib/gcc/arm-none-eabi/15.2.1/thumb/v7e-m+fp/hard\libgcc.a(_udivmoddi4.o)
 .debug_frame   0x000021fc       0x20 C:/Users/Carlitoz MF/Documents/Microcontroladores/CIAA-Github/tools/gcc-arm/bin/../lib/gcc/arm-none-eabi/15.2.1/../../../../arm-none-eabi/lib/thumb/v7e-m+fp/hard\libc_nano.a(libc_a-memset.o)
 .debug_frame   0x0000221c       0x28 C:/Users/Carlitoz MF/Documents/Microcontroladores/CIAA-Github/tools/gcc-arm/bin/../lib/gcc/arm-none-eabi/15.2.1/../../../../arm-none-eabi/lib/thumb/v7e-m+fp/hard\libc_nano.a(libc_a-memcpy-stub.o)

.debug_rnglists
                0x00000000       0xe9
 .debug_rnglists
                0x00000000       0x3d out/01_GPIO/libs/lpc_open/lpc_chip_43xx/src/clock_18xx_43xx.o
 .debug_rnglists
                0x0000003d       0x17 out/01_GPIO/libs/lpc_open/lpc_chip_43xx/src/emc_18xx_43xx.o
 .debug_rnglists
                0x00000054       0x17 out/01_GPIO/libs/lpc_open/lpc_chip_43xx/src/i2cm_18xx_43xx.o
 .debug_rnglists
                0x0000006b       0x17 out/01_GPIO/libs/lpc_open/lpc_chip_43xx/src/sdio_18xx_43xx.o
 .debug_rnglists
                0x00000082       0x13 out/01_GPIO/libs/lpc_open/lpc_chip_43xx/src/spi_18xx_43xx.o
 .debug_rnglists