Archive member included to satisfy reference by file (symbol)

/usr/lib/gcc/arm-none-eabi/16.1.0/thumb/v7e-m+fp/hard/libgcc.a(_aeabi_uldivmod.o)
                              out/../../libs/lpc_open/lpc_chip_43xx/src/i2s_18xx_43xx.o (__aeabi_uldivmod)
/usr/lib/gcc/arm-none-eabi/16.1.0/thumb/v7e-m+fp/hard/libgcc.a(_udivmoddi4.o)
                              /usr/lib/gcc/arm-none-eabi/16.1.0/thumb/v7e-m+fp/hard/libgcc.a(_aeabi_uldivmod.o) (__udivmoddi4)
/usr/lib/gcc/arm-none-eabi/16.1.0/thumb/v7e-m+fp/hard/libgcc.a(_dvmd_tls.o)
                              /usr/lib/gcc/arm-none-eabi/16.1.0/thumb/v7e-m+fp/hard/libgcc.a(_aeabi_uldivmod.o) (__aeabi_ldiv0)
/usr/lib/gcc/arm-none-eabi/16.1.0/../../../../arm-none-eabi/lib/thumb/v7e-m+fp/hard/libc_nano.a(libc_a-memset.o)
                              out/../../libs/lpc_open/lpc_chip_43xx/src/clock_18xx_43xx.o (memset)
/usr/lib/gcc/arm-none-eabi/16.1.0/../../../../arm-none-eabi/lib/thumb/v7e-m+fp/hard/libc_nano.a(libc_a-memcpy-stub.o)
                              out/../../libs/lpc_open/lpc_chip_43xx/src/ring_buffer.o (memcpy)

Merging object attributes


Discarded input sections

 .group         0x00000000        0xc out/../../libs/startup/src/startup.o
 .group         0x00000000        0xc out/../../libs/startup/src/startup.o
 .group         0x00000000        0xc out/../../libs/startup/src/startup.o
 .group         0x00000000        0xc out/../../libs/startup/src/startup.o
 .group         0x00000000        0xc out/../../libs/startup/src/startup.o
 .group         0x00000000        0xc out/../../libs/startup/src/startup.o
 .group         0x00000000        0xc out/../../libs/startup/src/startup.o
 .group         0x00000000        0xc out/Core/Src/main.o
 .group         0x00000000        0xc out/Core/Src/main.o
 .group         0x00000000        0xc out/Core/Src/main.o
 .group         0x00000000        0xc out/Core/Src/main.o
 .group         0x00000000        0xc out/Core/Src/main.o
 .group         0x00000000        0xc out/Core/Src/main.o
 .group         0x00000000        0xc out/Core/Src/main.o
 .group         0x00000000        0xc out/Core/Src/main.o
 .group         0x00000000        0xc out/Core/Src/main.o
 .group         0x00000000        0xc out/Core/Src/main.o
 .group         0x00000000        0xc out/Core/Src/main.o
 .group         0x00000000        0xc out/Core/Src/main.o
 .group         0x00000000        0xc out/Core/Src/main.o
 .group         0x00000000        0xc out/Core/Src/main.o
 .group         0x00000000        0xc out/Core/Src/main.o
 .group         0x00000000        0xc out/Core/Src/main.o
 .group         0x00000000        0xc out/Core/Src/main.o
 .group         0x00000000        0xc out/Core/Src/main.o
 .group         0x00000000        0xc out/Core/Src/main.o
 .group         0x00000000        0xc out/Core/Src/main.o
 .group         0x00000000        0xc out/Core/Src/main.o
 .group         0x00000000        0xc out/Core/Src/main.o
 .group         0x00000000        0xc out/Core/Src/main.o
 .group         0x00000000        0xc out/Core/Src/main.o
 .group         0x00000000        0xc out/Core/Src/main.o
 .group         0x00000000        0xc out/Core/Src/main.o
 .group         0x00000000        0xc out/Core/Src/main.o
 .group         0x00000000        0xc out/Core/Src/main.o
 .group         0x00000000        0xc out/Core/Src/main.o
 .group         0x00000000        0xc out/Core/Src/main.o
 .group         0x00000000        0xc out/Core/Src/main.o
 .group         0x00000000        0xc out/Core/Src/main.o
 .group         0x00000000        0xc out/Core/Src/main.o
 .group         0x00000000        0xc out/Core/Src/main.o
 .group         0x00000000        0xc out/Core/Src/main.o
 .group         0x00000000        0xc out/Core/Src/main.o
 .group         0x00000000        0xc out/Core/Src/main.o
 .group         0x00000000        0xc out/Core/Src/main.o
 .group         0x00000000        0xc out/Core/Src/main.o
 .group         0x00000000        0xc out/Core/Src/main.o
 .group         0x00000000        0xc out/Core/Src/main.o
 .group         0x00000000        0xc out/Core/Src/main.o
 .group         0x00000000        0xc out/Core/Src/main.o
 .group         0x00000000        0xc out/Core/Src/main.o
 .group         0x00000000        0xc out/Core/Src/main.o
 .group         0x00000000        0xc out/Core/Src/main.o
 .group         0x00000000        0xc out/Core/Src/main.o
 .group         0x00000000        0xc out/Core/Src/main.o
 .group         0x00000000        0xc out/Core/Src/main.o
 .group         0x00000000        0xc out/Core/Src/main.o
 .group         0x00000000        0xc out/Core/Src/main.o
 .group         0x00000000        0xc out/Core/Src/main.o
 .group         0x00000000        0xc out/Core/Src/main.o
 .group         0x00000000        0xc out/Core/Src/main.o
 .group         0x00000000        0xc out/Core/Src/main.o
 .group         0x00000000        0xc out/Core/Src/main.o
 .debug_macro   0x00000000      0xaf0 out/Core/Src/main.o
[...]
Memory Configuration

Name             Origin             Length             Attributes
MFlashA512       0x1a000000         0x00080000         xr
RamLoc32         0x10000000         0x00008000         xrw
RamLoc40         0x10080000         0x0000a000         xrw
*default*        0x00000000         0xffffffff

Linker script and memory map

LOAD out/../../libs/startup/src/startup.o
LOAD out/Core/Src/main.o
LOAD out/../../libs/custom_drivers/ciaa_board/ciaa_board.o
LOAD out/../../libs/custom_drivers/sys_core/sys_core.o
LOAD out/../../libs/custom_drivers/gpio/gpio.o
LOAD out/../../libs/custom_drivers/systick/systick.o
LOAD out/../../libs/lpc_open/lpc_chip_43xx/src/adc_18xx_43xx.o
LOAD out/../../libs/lpc_open/lpc_chip_43xx/src/aes_18xx_43xx.o
LOAD out/../../libs/lpc_open/lpc_chip_43xx/src/atimer_18xx_43xx.o
LOAD out/../../libs/lpc_open/lpc_chip_43xx/src/ccan_18xx_43xx.o
LOAD out/../../libs/lpc_open/lpc_chip_43xx/src/chip_18xx_43xx.o
LOAD out/../../libs/lpc_open/lpc_chip_43xx/src/clock_18xx_43xx.o
LOAD out/../../libs/lpc_open/lpc_chip_43xx/src/dac_18xx_43xx.o
LOAD out/../../libs/lpc_open/lpc_chip_43xx/src/eeprom_18xx_43xx.o
LOAD out/../../libs/lpc_open/lpc_chip_43xx/src/emc_18xx_43xx.o
LOAD out/../../libs/lpc_open/lpc_chip_43xx/src/enet_18xx_43xx.o
LOAD out/../../libs/lpc_open/lpc_chip_43xx/src/evrt_18xx_43xx.o
LOAD out/../../libs/lpc_open/lpc_chip_43xx/src/gpdma_18xx_43xx.o
LOAD out/../../libs/lpc_open/lpc_chip_43xx/src/gpio_18xx_43xx.o
LOAD out/../../libs/lpc_open/lpc_chip_43xx/src/gpiogroup_18xx_43xx.o
LOAD out/../../libs/lpc_open/lpc_chip_43xx/src/i2c_18xx_43xx.o
LOAD out/../../libs/lpc_open/lpc_chip_43xx/src/i2cm_18xx_43xx.o
LOAD out/../../libs/lpc_open/lpc_chip_43xx/src/i2s_18xx_43xx.o
LOAD out/../../libs/lpc_open/lpc_chip_43xx/src/iap_18xx_43xx.o
LOAD out/../../libs/lpc_open/lpc_chip_43xx/src/lcd_18xx_43xx.o
LOAD out/../../libs/lpc_open/lpc_chip_43xx/src/otp_18xx_43xx.o
LOAD out/../../libs/lpc_open/lpc_chip_43xx/src/pinint_18xx_43xx.o
LOAD out/../../libs/lpc_open/lpc_chip_43xx/src/pmc_18xx_43xx.o
LOAD out/../../libs/lpc_open/lpc_chip_43xx/src/ring_buffer.o
LOAD out/../../libs/lpc_open/lpc_chip_43xx/src/ritimer_18xx_43xx.o
LOAD out/../../libs/lpc_open/lpc_chip_43xx/src/rtc_18xx_43xx.o
LOAD out/../../libs/lpc_open/lpc_chip_43xx/src/sct_18xx_43xx.o
LOAD out/../../libs/lpc_open/lpc_chip_43xx/src/sct_pwm_18xx_43xx.o
LOAD out/../../libs/lpc_open/lpc_chip_43xx/src/sdif_18xx_43xx.o
LOAD out/../../libs/lpc_open/lpc_chip_43xx/src/sdio_18xx_43xx.o
LOAD out/../../libs/lpc_open/lpc_chip_43xx/src/sdmmc_18xx_43xx.o
LOAD out/../../libs/lpc_open/lpc_chip_43xx/src/spi_18xx_43xx.o
LOAD out/../../libs/lpc_open/lpc_chip_43xx/src/ssp_18xx_43xx.o
LOAD out/../../libs/lpc_open/lpc_chip_43xx/src/stopwatch_18xx_43xx.o
LOAD out/../../libs/lpc_open/lpc_chip_43xx/src/sysinit_18xx_43xx.o
LOAD out/../../libs/lpc_open/lpc_chip_43xx/src/timer_18xx_43xx.o
LOAD out/../../libs/lpc_open/lpc_chip_43xx/src/uart_18xx_43xx.o
LOAD out/../../libs/lpc_open/lpc_chip_43xx/src/wwdt_18xx_43xx.o
START GROUP
LOAD /usr/lib/gcc/arm-none-eabi/16.1.0/thumb/v7e-m+fp/hard/libgcc.a
LOAD /usr/lib/gcc/arm-none-eabi/16.1.0/../../../../arm-none-eabi/lib/thumb/v7e-m+fp/hard/libc_nano.a
END GROUP
START GROUP
LOAD /usr/lib/gcc/arm-none-eabi/16.1.0/thumb/v7e-m+fp/hard/libgcc.a
LOAD /usr/lib/gcc/arm-none-eabi/16.1.0/../../../../arm-none-eabi/lib/thumb/v7e-m+fp/hard/libc_nano.a
END GROUP
                0x10008000                        __stack_end = 0x10008000

.text           0x1a000000     0x5988
 FILL mask 0xff
                0x1a000000                        __vectors_start__ = .
 *(.isr_vector)
 .isr_vector    0x1a000000       0x40 out/../../libs/startup/src/startup.o
                0x1a000000                g_pfnVectors
                0x000002fc                        . = 0x2fc
 *fill*         0x1a000040      0x2bc ff
 *(.crp)
 .crp           0x1a0002fc        0x4 out/../../libs/startup/src/startup.o
                0x1a0002fc                crp_symbol
 *(.text*)
 .text          0x1a000300       0x44 out/../../libs/startup/src/startup.o
                0x1a000300                DebugMon_Handler
                0x1a000300                HardFault_Handler
                0x1a000300                PendSV_Handler
                0x1a000300                NMI_Handler
                0x1a000300                UsageFault_Handler
                0x1a000300                Default_Handler
                0x1a000300                MemManage_Handler
                0x1a000300                SVC_Handler
                0x1a000300                BusFault_Handler
                0x1a000302                Reset_Handler
 .text          0x1a000344       0xa4 out/Core/Src/main.o
                0x1a000344                main
 .text          0x1a0003e8       0x98 out/../../libs/custom_drivers/ciaa_board/ciaa_board.o
                0x1a0003e8                CIAA_Board_Init
                0x1a000428                CIAA_LED_Set
                0x1a000444                CIAA_LED_Toggle
                0x1a000460                CIAA_TEC_Get
 .text          0x1a000480       0x18 out/../../libs/custom_drivers/sys_core/sys_core.o
                0x1a000480                Sys_Init
 .text          0x1a000498       0xdc out/../../libs/custom_drivers/gpio/gpio.o
                0x1a000498                GPIO_Write
                0x1a0004b0                GPIO_Init
                0x1a000544                GPIO_Read
                0x1a00055c                GPIO_Toggle
 .text          0x1a000574       0x78 out/../../libs/custom_drivers/systick/systick.o
                0x1a000574                SysTick_Handler
                0x1a000584                SysTick_Init
                0x1a0005cc                SysTick_GetTicks
                0x1a0005d8                SysTick_Delay
 .text          0x1a0005ec      0x1d8 out/../../libs/lpc_open/lpc_chip_43xx/src/adc_18xx_43xx.o
                0x1a000636                setStartMode
                0x1a000644                readAdcVal
                0x1a00065c                Chip_ADC_Init
                0x1a00069c                Chip_ADC_DeInit
                0x1a0006b2                Chip_ADC_ReadValue
                0x1a0006ba                Chip_ADC_ReadStatus
                0x1a0006ec                Chip_ADC_Int_SetChannelCmd
                0x1a000708                Chip_ADC_SetStartMode
                0x1a000728                Chip_ADC_SetSampleRate
                0x1a00075a                Chip_ADC_SetResolution
                0x1a000766                Chip_ADC_EnableChannel
                0x1a00078a                Chip_ADC_SetBurstCmd
                0x1a0007ac                Chip_ADC_ReadByte
 .text          0x1a0007c4      0x110 out/../../libs/lpc_open/lpc_chip_43xx/src/aes_18xx_43xx.o
                0x1a0007c4                Chip_AES_Init
                0x1a000810                Chip_AES_SetMode
                0x1a000820                Chip_AES_LoadKey
                0x1a000838                Chip_AES_LoadKeyRNG
                0x1a000848                Chip_AES_LoadKeySW
                0x1a000858                Chip_AES_LoadIV_SW
                0x1a000868                Chip_AES_LoadIV_IC
                0x1a000878                Chip_AES_Operate
                0x1a000888                Chip_AES_ProgramKey
                0x1a0008a4                Chip_AES_Config_DMA
                0x1a0008b4                Chip_AES_OperateDMA
                0x1a0008c4                Chip_AES_GetStatusDMA
 .text          0x1a0008d4       0x16 out/../../libs/lpc_open/lpc_chip_43xx/src/atimer_18xx_43xx.o
                0x1a0008d4                Chip_ATIMER_Init
                0x1a0008de                Chip_ATIMER_DeInit
 *fill*         0x1a0008ea        0x2 ff
 .text          0x1a0008ec      0x3e4 out/../../libs/lpc_open/lpc_chip_43xx/src/ccan_18xx_43xx.o
                0x1a000990                Chip_CCAN_DeInit
                0x1a00099c                Chip_CCAN_SetBitRate
                0x1a000a16                Chip_CCAN_ClearStatus
                0x1a000a24                Chip_CCAN_TransferMsgObject
                0x1a000a4a                Chip_CCAN_SetMsgObject
                0x1a000b34                Chip_CCAN_GetMsgObject
                0x1a000ba2                Chip_CCAN_SetValidMsg
                0x1a000be8                Chip_CCAN_Init
                0x1a000c1a                Chip_CCAN_Send
                0x1a000c6c                Chip_CCAN_AddReceiveID
                0x1a000c96                Chip_CCAN_DeleteReceiveID
 .text          0x1a000cd0       0xc4 out/../../libs/lpc_open/lpc_chip_43xx/src/chip_18xx_43xx.o
                0x1a000d04                Chip_USB0_Init
                0x1a000d38                Chip_USB1_Init
                0x1a000d80                SystemCoreClockUpdate
 .text          0x1a000d94      0x938 out/../../libs/lpc_open/lpc_chip_43xx/src/clock_18xx_43xx.o
                0x1a000fd0                Chip_Clock_EnableCrystal
                0x1a00101c                Chip_Clock_DisableCrystal
                0x1a00102c                Chip_Clock_SetDivider
                0x1a001080                Chip_Clock_GetDividerSource
                0x1a00109c                Chip_Clock_GetDividerDivisor
                0x1a0010b8                Chip_Clock_GetClockInputHz
                0x1a001170                Chip_Clock_CalcMainPLLValue
                0x1a0011e0                Chip_Clock_SetupMainPLLMult
                0x1a00127c                Chip_Clock_SetupMainPLLHz
                0x1a001342                Chip_Clock_GetMainPLLHz
                0x1a0013cc                Chip_Clock_SetBaseClock
                0x1a00142c                Chip_Clock_GetBaseClockOpts
                0x1a00146a                Chip_Clock_EnableBaseClock
                0x1a001486                Chip_Clock_DisableBaseClock
                0x1a0014a2                Chip_Clock_IsBaseClockEnabled
                0x1a0014c4                Chip_Clock_GetBaseClock
                0x1a0014e8                Chip_Clock_GetBaseClocktHz
                0x1a0014f4                Chip_Clock_EnableOpts
                0x1a001530                Chip_Clock_Enable
                0x1a001564                Chip_Clock_RTCEnable
                0x1a00157c                Chip_Clock_Disable
                0x1a0015b0                Chip_Clock_StartPowerDown
                0x1a0015c4                Chip_Clock_ClearPowerDown
                0x1a0015d8                Chip_Clock_GetRate
                0x1a001620                Chip_Clock_GetEMCRate
                0x1a001654                Chip_Clock_SetupPLL
                0x1a001694                Chip_Clock_EnablePLL
                0x1a0016a8                Chip_Clock_DisablePLL
                0x1a0016bc                Chip_Clock_GetPLLStatus
 .text          0x1a0016cc       0x4c out/../../libs/lpc_open/lpc_chip_43xx/src/dac_18xx_43xx.o
                0x1a0016cc                Chip_DAC_DeInit
                0x1a0016d6                Chip_DAC_UpdateValue
                0x1a0016e6                Chip_DAC_SetBias
                0x1a0016fe                Chip_DAC_Init
 .text          0x1a001718       0x58 out/../../libs/lpc_open/lpc_chip_43xx/src/eeprom_18xx_43xx.o
                0x1a001734                Chip_EEPROM_Init
                0x1a00174c                Chip_EEPROM_WaitForIntStatus
                0x1a00175c                Chip_EEPROM_EraseProgramPage
 .text          0x1a001770      0x348 out/../../libs/lpc_open/lpc_chip_43xx/src/emc_18xx_43xx.o
                0x1a0017ce                initDynMem
                0x1a00197a                initStaticMem
                0x1a0019e2                Chip_EMC_Dynamic_Init
                0x1a0019fc                Chip_EMC_Dynamic_Enable
                0x1a001a1c                Chip_EMC_Static_Init
                0x1a001a34                Chip_EMC_Mirror
                0x1a001a54                Chip_EMC_Enable
                0x1a001a74                Chip_EMC_LowPowerMode
                0x1a001a94                Chip_EMC_Init
 .text          0x1a001ab8      0x16c out/../../libs/lpc_open/lpc_chip_43xx/src/enet_18xx_43xx.o
                0x1a001b18                Chip_ENET_DeInit
                0x1a001b32                Chip_ENET_SetupMII
                0x1a001b44                Chip_ENET_Init
                0x1a001bc0                Chip_ENET_StartMIIWrite
                0x1a001be0                Chip_ENET_StartMIIRead
                0x1a001bf8                Chip_ENET_SetDuplex
                0x1a001c0e                Chip_ENET_SetSpeed
 .text          0x1a001c24       0xd4 out/../../libs/lpc_open/lpc_chip_43xx/src/evrt_18xx_43xx.o
                0x1a001c24                Chip_EVRT_Init
                0x1a001c54                Chip_EVRT_ConfigIntSrcActiveType
                0x1a001cbc                Chip_EVRT_SetUpIntSrc
                0x1a001cdc                Chip_EVRT_IsSourceInterrupting
 .text          0x1a001cf8      0x640 out/../../libs/lpc_open/lpc_chip_43xx/src/gpdma_18xx_43xx.o
                0x1a001e00                makeCtrlWord
                0x1a001ee6                setupChannel
                0x1a001f78                Chip_GPDMA_Init
                0x1a001fbc                Chip_GPDMA_DeInit
                0x1a001fc6                Chip_GPDMA_InitChannelCfg
                0x1a002044                Chip_GPDMA_IntGetStatus
                0x1a00209c                Chip_GPDMA_ClearIntPending
                0x1a0020b2                Chip_GPDMA_Interrupt
                0x1a0020fc                Chip_GPDMA_ChannelCmd
                0x1a002124                Chip_GPDMA_Stop
                0x1a00216c                Chip_GPDMA_Transfer
                0x1a002210                Chip_GPDMA_PrepareDescriptor
                0x1a00228c                Chip_GPDMA_SGTransfer
                0x1a0022fe                Chip_GPDMA_GetFreeChannel
 .text          0x1a002338        0x4 out/../../libs/lpc_open/lpc_chip_43xx/src/gpio_18xx_43xx.o
                0x1a002338                Chip_GPIO_Init
                0x1a00233a                Chip_GPIO_DeInit
 .text          0x1a00233c        0x0 out/../../libs/lpc_open/lpc_chip_43xx/src/gpiogroup_18xx_43xx.o
 .text          0x1a00233c      0x710 out/../../libs/lpc_open/lpc_chip_43xx/src/i2c_18xx_43xx.o
                0x1a0023c2                Chip_I2C_EventHandler
                0x1a0023e0                handleMasterXferState
                0x1a0024fa                getSlaveIndex
                0x1a002532                handleSlaveXferState
                0x1a002642                Chip_I2C_Init
                0x1a002668                Chip_I2C_DeInit
                0x1a00268c                Chip_I2C_SetClockRate
                0x1a0026c8                Chip_I2C_GetClockRate
                0x1a0026f4                Chip_I2C_SetMasterEventHandler
                0x1a002728                Chip_I2C_GetMasterEventHandler
                0x1a00273c                Chip_I2C_MasterTransfer
                0x1a0027cc                Chip_I2C_MasterSend
                0x1a0027fe                Chip_I2C_MasterCmdRead
                0x1a002840                Chip_I2C_MasterRead
                0x1a002872                Chip_I2C_IsMasterActive
                0x1a002890                Chip_I2C_MasterStateHandler
                0x1a0028c4                Chip_I2C_SlaveSetup
                0x1a002950                Chip_I2C_SlaveStateHandler
                0x1a0029ec                Chip_I2C_Disable
                0x1a002a00                Chip_I2C_IsStateChanged
                0x1a002a18                Chip_I2C_EventHandlerPolling
 .text          0x1a002a4c      0x268 out/../../libs/lpc_open/lpc_chip_43xx/src/i2cm_18xx_43xx.o
                0x1a002a60                Chip_I2CM_Init
                0x1a002a72                Chip_I2CM_DeInit
                0x1a002a82                Chip_I2CM_SetBusSpeed
                0x1a002aa4                Chip_I2CM_XferHandler
                0x1a002bc2                Chip_I2CM_Xfer
                0x1a002bd0                Chip_I2CM_XferBlocking
                0x1a002bf4                Chip_I2CM_Write
                0x1a002c5c                Chip_I2CM_Read
 .text          0x1a002cb4      0x284 out/../../libs/lpc_open/lpc_chip_43xx/src/i2s_18xx_43xx.o
                0x1a002d8c                Chip_I2S_Init
                0x1a002d96                Chip_I2S_DeInit
                0x1a002db8                Chip_I2S_TxConfig
                0x1a002e28                Chip_I2S_RxConfig
                0x1a002e98                Chip_I2S_Int_TxCmd
                0x1a002ec0                Chip_I2S_Int_RxCmd
                0x1a002ee8                Chip_I2S_DMA_TxCmd
                0x1a002f10                Chip_I2S_DMA_RxCmd
 .text          0x1a002f38      0x20c out/../../libs/lpc_open/lpc_chip_43xx/src/iap_18xx_43xx.o
                0x1a002f38                Chip_IAP_Init
                0x1a002f5c                Chip_IAP_PreSectorForReadWrite
                0x1a002f80                Chip_IAP_CopyRamToFlash
                0x1a002fbc                Chip_IAP_EraseSector
                0x1a002ff8                Chip_IAP_BlankCheckSector
                0x1a00301c                Chip_IAP_ReadPID
                0x1a003038                Chip_IAP_ReadBootCode
                0x1a003058                Chip_IAP_Compare
                0x1a00307c                Chip_IAP_ReinvokeISP
                0x1a00309c                Chip_IAP_ReadUID
                0x1a0030d4                Chip_IAP_ErasePage
                0x1a00310c                Chip_IAP_SetBootFlashBank
 .text          0x1a003144      0x1e4 out/../../libs/lpc_open/lpc_chip_43xx/src/lcd_18xx_43xx.o
                0x1a003144                Chip_LCD_Init
                0x1a003270                Chip_LCD_DeInit
                0x1a00327a                Chip_LCD_Cursor_Config
                0x1a003294                Chip_LCD_Cursor_WriteImage
                0x1a0032c4                Chip_LCD_LoadPalette
 .text          0x1a003328       0xc4 out/../../libs/lpc_open/lpc_chip_43xx/src/otp_18xx_43xx.o
                0x1a003328                Chip_OTP_Init
                0x1a003364                Chip_OTP_ProgBootSrc
                0x1a003374                Chip_OTP_ProgJTAGDis
                0x1a003384                Chip_OTP_ProgUSBID
                0x1a003394                Chip_OTP_ProgGPWord
                0x1a0033c0                Chip_OTP_ProgKey
                0x1a0033dc                Chip_OTP_GenRand
 .text          0x1a0033ec        0x0 out/../../libs/lpc_open/lpc_chip_43xx/src/pinint_18xx_43xx.o
 .text          0x1a0033ec       0x1c out/../../libs/lpc_open/lpc_chip_43xx/src/pmc_18xx_43xx.o
                0x1a0033ec                Chip_PMC_Sleep
                0x1a0033f0                Chip_PMC_Set_PwrState
 .text          0x1a003408      0x16a out/../../libs/lpc_open/lpc_chip_43xx/src/ring_buffer.o
                0x1a003408                RingBuffer_Init
                0x1a003418                RingBuffer_Insert
                0x1a003448                RingBuffer_InsertMult
                0x1a0034ca                RingBuffer_Pop
                0x1a0034fa                RingBuffer_PopMult
 *fill*         0x1a003572        0x2 ff
 .text          0x1a003574       0x68 out/../../libs/lpc_open/lpc_chip_43xx/src/ritimer_18xx_43xx.o
                0x1a003574                Chip_RIT_Init
                0x1a003596                Chip_RIT_DeInit
                0x1a0035a4                Chip_RIT_SetTimerInterval
                0x1a0035cc                Chip_RIT_GetIntStatus
 .text          0x1a0035dc      0x1dc out/../../libs/lpc_open/lpc_chip_43xx/src/rtc_18xx_43xx.o
                0x1a0035dc                Chip_RTC_DeInit
                0x1a0035e2                Chip_RTC_ResetClockTickCounter
                0x1a003604                Chip_RTC_Enable
                0x1a00361c                Chip_RTC_CntIncrIntConfig
                0x1a00363a                Chip_RTC_AlarmIntConfig
                0x1a003658                Chip_RTC_SetFullTime
                0x1a003692                Chip_RTC_GetFullTime
                0x1a0036be                Chip_RTC_SetFullAlarmTime
                0x1a0036e0                Chip_RTC_GetFullAlarmTime
                0x1a0036fa                Chip_RTC_CalibCounterCmd
                0x1a00371a                Chip_RTC_Init
                0x1a003760                Chip_RTC_EV_GetFirstTimeStamp
                0x1a00378c                Chip_RTC_EV_GetLastTimeStamp
 .text          0x1a0037b8       0x44 out/../../libs/lpc_open/lpc_chip_43xx/src/sct_18xx_43xx.o
                0x1a0037b8                Chip_SCT_Init
                0x1a0037c8                Chip_SCT_DeInit
                0x1a0037d2                Chip_SCT_SetClrControl
                0x1a0037e4                Chip_SCT_SetConflictResolution
 .text          0x1a0037fc       0x96 out/../../libs/lpc_open/lpc_chip_43xx/src/sct_pwm_18xx_43xx.o
                0x1a0037fc                Chip_SCTPWM_SetOutPin
                0x1a003848                Chip_SCTPWM_SetRate
 *fill*         0x1a003892        0x2 ff
 .text          0x1a003894      0x194 out/../../libs/lpc_open/lpc_chip_43xx/src/sdif_18xx_43xx.o
                0x1a003894                Chip_SDIF_Init
                0x1a0038e0                Chip_SDIF_DeInit
                0x1a0038ea                Chip_SDIF_SendCmd
                0x1a003934                Chip_SDIF_GetResponse
                0x1a003946                Chip_SDIF_SetClock
                0x1a003994                Chip_SDIF_SetClearIntFifo
                0x1a0039ac                Chip_SDIF_DmaSetup
 .text          0x1a003a28      0x630 out/../../libs/lpc_open/lpc_chip_43xx/src/sdio_18xx_43xx.o
                0x1a003a28                SDIO_Card_GetBlockSize
                0x1a003a44                SDIO_Setup_Callback
                0x1a003a50                SDIO_Send_Command
                0x1a003ab8                SDIO_Card_WriteData
                0x1a003b68                SDIO_Card_ReadData
                0x1a003cc0                SDIO_Write_Direct
                0x1a003d00                SDIO_WriteRead_Direct
                0x1a003d38                SDIO_Card_SetBlockSize
                0x1a003dee                SDIO_Read_Direct
                0x1a003e28                SDIO_Card_EnableInt
                0x1a003e78                SDIO_Card_DisableInt
                0x1a003ed4                SDIO_Card_Init
                0x1a003fb0                SDIO_Handler
 .text          0x1a004058      0x7a8 out/../../libs/lpc_open/lpc_chip_43xx/src/sdmmc_18xx_43xx.o
                0x1a0043ec                Chip_SDMMC_GetState
                0x1a004424                Chip_SDMMC_Acquire
                0x1a0046b8                Chip_SDMMC_GetDeviceSize
                0x1a0046c8                Chip_SDMMC_GetDeviceBlocks
                0x1a0046d8                Chip_SDMMC_ReadBlocks
                0x1a004764                Chip_SDMMC_WriteBlocks
 .text          0x1a004800      0x1e0 out/../../libs/lpc_open/lpc_chip_43xx/src/spi_18xx_43xx.o
                0x1a004862                Chip_SPI_Int_FlushData
                0x1a004876                Chip_SPI_RWFrames_Blocking
                0x1a0048fa                Chip_SPI_Int_RWFrames
                0x1a004962                Chip_SPI_Int_RWFrames8Bits
                0x1a00496c                Chip_SPI_Int_RWFrames16Bits
                0x1a004976                Chip_SPI_SetBitRate
                0x1a00499e                Chip_SPI_Init
                0x1a0049d4                Chip_SPI_DeInit
 .text          0x1a0049e0      0x428 out/../../libs/lpc_open/lpc_chip_43xx/src/ssp_18xx_43xx.o
                0x1a004a94                Chip_SSP_SetClockRate
                0x1a004aa6                Chip_SSP_RWFrames_Blocking
                0x1a004b46                Chip_SSP_WriteFrames_Blocking
                0x1a004be4                Chip_SSP_ReadFrames_Blocking
                0x1a004c88                Chip_SSP_Int_FlushData
                0x1a004caa                Chip_SSP_Int_RWFrames8Bits
                0x1a004d00                Chip_SSP_Int_RWFrames16Bits
                0x1a004d56                Chip_SSP_SetMaster
                0x1a004d6c                Chip_SSP_SetBitRate
                0x1a004dae                Chip_SSP_Init
                0x1a004de8                Chip_SSP_DeInit
 .text          0x1a004e08       0xa0 out/../../libs/lpc_open/lpc_chip_43xx/src/stopwatch_18xx_43xx.o
                0x1a004e08                StopWatch_Init
                0x1a004e50                StopWatch_Start
                0x1a004e5c                StopWatch_TicksPerSecond
                0x1a004e68                StopWatch_TicksToMs
                0x1a004e78                StopWatch_TicksToUs
                0x1a004e88                StopWatch_MsToTicks
                0x1a004e98                StopWatch_UsToTicks
 .text          0x1a004ea8      0x158 out/../../libs/lpc_open/lpc_chip_43xx/src/sysinit_18xx_43xx.o
                0x1a004ed0                Chip_SetupCoreClock
                0x1a004fd0                Chip_SetupXtalClocking
                0x1a004fe4                Chip_SetupIrcClocking
                0x1a004ff8                Chip_SystemInit
 .text          0x1a005000       0x94 out/../../libs/lpc_open/lpc_chip_43xx/src/timer_18xx_43xx.o
                0x1a00502c                Chip_TIMER_Init
                0x1a005038                Chip_TIMER_DeInit
                0x1a005044                Chip_TIMER_Reset
                0x1a00505c                Chip_TIMER_ExtMatchControlSet
 .text          0x1a005094      0x3c8 out/../../libs/lpc_open/lpc_chip_43xx/src/uart_18xx_43xx.o
                0x1a005104                Chip_UART_Init
                0x1a00515c                Chip_UART_DeInit
                0x1a005178                Chip_UART_Send
                0x1a005196                Chip_UART_CheckBusy
                0x1a0051a6                Chip_UART_SendBlocking
                0x1a0051ca                Chip_UART_Read
                0x1a0051e8                Chip_UART_ReadBlocking
                0x1a00520c                Chip_UART_SetBaud
                0x1a005250                Chip_UART_RXIntHandlerRB
                0x1a005276                Chip_UART_TXIntHandlerRB
                0x1a0052b2                Chip_UART_SendRB
                0x1a0052f4                Chip_UART_ReadRB
                0x1a005302                Chip_UART_IRQRBHandler
                0x1a00533a                Chip_UART_SetBaudFDR
                0x1a005418                Chip_UART_GetABEOStatus
                0x1a005424                Chip_UART_ABCmd
 .text          0x1a00545c       0x36 out/../../libs/lpc_open/lpc_chip_43xx/src/wwdt_18xx_43xx.o
                0x1a00545c                Chip_WWDT_Init
                0x1a005472                Chip_WWDT_DeInit
                0x1a005474                Chip_WWDT_ClearStatusFlag
 *fill*         0x1a005492        0x2 ff
 .text          0x1a005494       0x30 /usr/lib/gcc/arm-none-eabi/16.1.0/thumb/v7e-m+fp/hard/libgcc.a(_aeabi_uldivmod.o)
                0x1a005494                __aeabi_uldivmod
 .text          0x1a0054c4        0x0 /usr/lib/gcc/arm-none-eabi/16.1.0/thumb/v7e-m+fp/hard/libgcc.a(_udivmoddi4.o)
 .text.__udivmoddi4
                0x1a0054c4      0x2b8 /usr/lib/gcc/arm-none-eabi/16.1.0/thumb/v7e-m+fp/hard/libgcc.a(_udivmoddi4.o)
                0x1a0054c4                __udivmoddi4
 .text          0x1a00577c        0x4 /usr/lib/gcc/arm-none-eabi/16.1.0/thumb/v7e-m+fp/hard/libgcc.a(_dvmd_tls.o)
                0x1a00577c                __aeabi_ldiv0
                0x1a00577c                __aeabi_idiv0
 .text          0x1a005780        0x0 /usr/lib/gcc/arm-none-eabi/16.1.0/../../../../arm-none-eabi/lib/thumb/v7e-m+fp/hard/libc_nano.a(libc_a-memset.o)
 .text.memset   0x1a005780       0x10 /usr/lib/gcc/arm-none-eabi/16.1.0/../../../../arm-none-eabi/lib/thumb/v7e-m+fp/hard/libc_nano.a(libc_a-memset.o)
                0x1a005780                memset
 .text          0x1a005790        0x0 /usr/lib/gcc/arm-none-eabi/16.1.0/../../../../arm-none-eabi/lib/thumb/v7e-m+fp/hard/libc_nano.a(libc_a-memcpy-stub.o)
 .text.memcpy   0x1a005790       0x1c /usr/lib/gcc/arm-none-eabi/16.1.0/../../../../arm-none-eabi/lib/thumb/v7e-m+fp/hard/libc_nano.a(libc_a-memcpy-stub.o)
                0x1a005790                memcpy
 *(.rodata*)
 .rodata        0x1a0057ac       0x3c out/../../libs/custom_drivers/ciaa_board/ciaa_board.o
 .rodata        0x1a0057e8        0x8 out/../../libs/custom_drivers/sys_core/sys_core.o
                0x1a0057e8                ExtRateIn
                0x1a0057ec                OscRateIn
 .rodata        0x1a0057f0       0x14 out/../../libs/lpc_open/lpc_chip_43xx/src/chip_18xx_43xx.o
 .rodata.str1.4
                0x1a005804        0x6 out/../../libs/lpc_open/lpc_chip_43xx/src/clock_18xx_43xx.o
 *fill*         0x1a00580a        0x2 ff
 .rodata        0x1a00580c       0x6c out/../../libs/lpc_open/lpc_chip_43xx/src/clock_18xx_43xx.o
 .rodata        0x1a005878       0xb6 out/../../libs/lpc_open/lpc_chip_43xx/src/gpdma_18xx_43xx.o
 *fill*         0x1a00592e        0x2 ff
 .rodata        0x1a005930       0x48 out/../../libs/lpc_open/lpc_chip_43xx/src/sysinit_18xx_43xx.o
 .rodata        0x1a005978       0x10 out/../../libs/lpc_open/lpc_chip_43xx/src/uart_18xx_43xx.o
                0x1a005988                        . = ALIGN (0x4)
                0x1a005988                        _etext = .

.glue_7         0x1a005988        0x0
 .glue_7        0x1a005988        0x0 linker stubs

.glue_7t        0x1a005988        0x0
 .glue_7t       0x1a005988        0x0 linker stubs

.vfp11_veneer   0x1a005988        0x0
 .vfp11_veneer  0x1a005988        0x0 linker stubs

.v4_bx          0x1a005988        0x0
 .v4_bx         0x1a005988        0x0 linker stubs

.iplt           0x1a005988        0x0
 .iplt          0x1a005988        0x0 out/../../libs/startup/src/startup.o

.rel.dyn        0x1a005988        0x0
 .rel.iplt      0x1a005988        0x0 out/../../libs/startup/src/startup.o

.data           0x10000000       0x40 load address 0x1a005988
                0x10000000                        _data = .
 *(vtable)
 *(.ramfunc*)
 *(.data*)
 .data          0x10000000        0x0 out/../../libs/startup/src/startup.o
 .data          0x10000000        0x1 out/Core/Src/main.o
 .data          0x10000001        0x0 out/../../libs/custom_drivers/ciaa_board/ciaa_board.o
 .data          0x10000001        0x0 out/../../libs/custom_drivers/sys_core/sys_core.o
 .data          0x10000001        0x0 out/../../libs/custom_drivers/gpio/gpio.o
 .data          0x10000001        0x0 out/../../libs/custom_drivers/systick/systick.o
 .data          0x10000001        0x0 out/../../libs/lpc_open/lpc_chip_43xx/src/adc_18xx_43xx.o
 .data          0x10000001        0x0 out/../../libs/lpc_open/lpc_chip_43xx/src/aes_18xx_43xx.o
 .data          0x10000001        0x0 out/../../libs/lpc_open/lpc_chip_43xx/src/atimer_18xx_43xx.o
 .data          0x10000001        0x0 out/../../libs/lpc_open/lpc_chip_43xx/src/ccan_18xx_43xx.o
 .data          0x10000001        0x0 out/../../libs/lpc_open/lpc_chip_43xx/src/chip_18xx_43xx.o
 .data          0x10000001        0x0 out/../../libs/lpc_open/lpc_chip_43xx/src/clock_18xx_43xx.o
 .data          0x10000001        0x0 out/../../libs/lpc_open/lpc_chip_43xx/src/dac_18xx_43xx.o
 .data          0x10000001        0x0 out/../../libs/lpc_open/lpc_chip_43xx/src/eeprom_18xx_43xx.o
 .data          0x10000001        0x0 out/../../libs/lpc_open/lpc_chip_43xx/src/emc_18xx_43xx.o
 .data          0x10000001        0x0 out/../../libs/lpc_open/lpc_chip_43xx/src/enet_18xx_43xx.o
 .data          0x10000001        0x0 out/../../libs/lpc_open/lpc_chip_43xx/src/evrt_18xx_43xx.o
 .data          0x10000001        0x0 out/../../libs/lpc_open/lpc_chip_43xx/src/gpdma_18xx_43xx.o
 .data          0x10000001        0x0 out/../../libs/lpc_open/lpc_chip_43xx/src/gpio_18xx_43xx.o
 .data          0x10000001        0x0 out/../../libs/lpc_open/lpc_chip_43xx/src/gpiogroup_18xx_43xx.o
 *fill*         0x10000001        0x3 
 .data          0x10000004       0x38 out/../../libs/lpc_open/lpc_chip_43xx/src/i2c_18xx_43xx.o
 .data          0x1000003c        0x0 out/../../libs/lpc_open/lpc_chip_43xx/src/i2cm_18xx_43xx.o
 .data          0x1000003c        0x0 out/../../libs/lpc_open/lpc_chip_43xx/src/i2s_18xx_43xx.o
 .data          0x1000003c        0x0 out/../../libs/lpc_open/lpc_chip_43xx/src/iap_18xx_43xx.o
 .data          0x1000003c        0x1 out/../../libs/lpc_open/lpc_chip_43xx/src/lcd_18xx_43xx.o
 .data          0x1000003d        0x0 out/../../libs/lpc_open/lpc_chip_43xx/src/otp_18xx_43xx.o
 .data          0x1000003d        0x0 out/../../libs/lpc_open/lpc_chip_43xx/src/pinint_18xx_43xx.o
 .data          0x1000003d        0x0 out/../../libs/lpc_open/lpc_chip_43xx/src/pmc_18xx_43xx.o
 .data          0x1000003d        0x0 out/../../libs/lpc_open/lpc_chip_43xx/src/ring_buffer.o
 .data          0x1000003d        0x0 out/../../libs/lpc_open/lpc_chip_43xx/src/ritimer_18xx_43xx.o
 .data          0x1000003d        0x0 out/../../libs/lpc_open/lpc_chip_43xx/src/rtc_18xx_43xx.o
 .data          0x1000003d        0x0 out/../../libs/lpc_open/lpc_chip_43xx/src/sct_18xx_43xx.o
 .data          0x1000003d        0x0 out/../../libs/lpc_open/lpc_chip_43xx/src/sct_pwm_18xx_43xx.o
 .data          0x1000003d        0x0 out/../../libs/lpc_open/lpc_chip_43xx/src/sdif_18xx_43xx.o
 .data          0x1000003d        0x0 out/../../libs/lpc_open/lpc_chip_43xx/src/sdio_18xx_43xx.o
 .data          0x1000003d        0x0 out/../../libs/lpc_open/lpc_chip_43xx/src/sdmmc_18xx_43xx.o
 .data          0x1000003d        0x0 out/../../libs/lpc_open/lpc_chip_43xx/src/spi_18xx_43xx.o
 .data          0x1000003d        0x0 out/../../libs/lpc_open/lpc_chip_43xx/src/ssp_18xx_43xx.o
 .data          0x1000003d        0x0 out/../../libs/lpc_open/lpc_chip_43xx/src/stopwatch_18xx_43xx.o
 .data          0x1000003d        0x0 out/../../libs/lpc_open/lpc_chip_43xx/src/sysinit_18xx_43xx.o
 .data          0x1000003d        0x0 out/../../libs/lpc_open/lpc_chip_43xx/src/timer_18xx_43xx.o
 .data          0x1000003d        0x0 out/../../libs/lpc_open/lpc_chip_43xx/src/uart_18xx_43xx.o
 .data          0x1000003d        0x0 out/../../libs/lpc_open/lpc_chip_43xx/src/wwdt_18xx_43xx.o
 .data          0x1000003d        0x0 /usr/lib/gcc/arm-none-eabi/16.1.0/thumb/v7e-m+fp/hard/libgcc.a(_aeabi_uldivmod.o)
 .data          0x1000003d        0x0 /usr/lib/gcc/arm-none-eabi/16.1.0/thumb/v7e-m+fp/hard/libgcc.a(_udivmoddi4.o)
 .data          0x1000003d        0x0 /usr/lib/gcc/arm-none-eabi/16.1.0/thumb/v7e-m+fp/hard/libgcc.a(_dvmd_tls.o)
 .data          0x1000003d        0x0 /usr/lib/gcc/arm-none-eabi/16.1.0/../../../../arm-none-eabi/lib/thumb/v7e-m+fp/hard/libc_nano.a(libc_a-memset.o)
 .data          0x1000003d        0x0 /usr/lib/gcc/arm-none-eabi/16.1.0/../../../../arm-none-eabi/lib/thumb/v7e-m+fp/hard/libc_nano.a(libc_a-memcpy-stub.o)
                0x10000040                        . = ALIGN (0x4)
 *fill*         0x1000003d        0x3 
                0x10000040                        _edata = .

.igot.plt       0x10000040        0x0 load address 0x1a0059c8
 .igot.plt      0x10000040        0x0 out/../../libs/startup/src/startup.o

.bss            0x10000040      0x220 load address 0x1a0059c8
                0x10000040                        _bss = .
 *(.bss*)
 .bss           0x10000040        0x0 out/../../libs/startup/src/startup.o
 .bss           0x10000040        0x0 out/Core/Src/main.o
 .bss           0x10000040        0x0 out/../../libs/custom_drivers/ciaa_board/ciaa_board.o
 .bss           0x10000040        0x0 out/../../libs/custom_drivers/sys_core/sys_core.o
 .bss           0x10000040        0x0 out/../../libs/custom_drivers/gpio/gpio.o
 .bss           0x10000040        0x4 out/../../libs/custom_drivers/systick/systick.o
 .bss           0x10000044        0x0 out/../../libs/lpc_open/lpc_chip_43xx/src/adc_18xx_43xx.o
 .bss           0x10000044       0x38 out/../../libs/lpc_open/lpc_chip_43xx/src/aes_18xx_43xx.o
 .bss           0x1000007c        0x0 out/../../libs/lpc_open/lpc_chip_43xx/src/atimer_18xx_43xx.o
 .bss           0x1000007c        0x0 out/../../libs/lpc_open/lpc_chip_43xx/src/ccan_18xx_43xx.o
 .bss           0x1000007c        0x4 out/../../libs/lpc_open/lpc_chip_43xx/src/chip_18xx_43xx.o
                0x1000007c                SystemCoreClock
 .bss           0x10000080        0x8 out/../../libs/lpc_open/lpc_chip_43xx/src/clock_18xx_43xx.o
 .bss           0x10000088        0x0 out/../../libs/lpc_open/lpc_chip_43xx/src/dac_18xx_43xx.o
 .bss           0x10000088        0x0 out/../../libs/lpc_open/lpc_chip_43xx/src/eeprom_18xx_43xx.o
 .bss           0x10000088        0x0 out/../../libs/lpc_open/lpc_chip_43xx/src/emc_18xx_43xx.o
 .bss           0x10000088        0x4 out/../../libs/lpc_open/lpc_chip_43xx/src/enet_18xx_43xx.o
 .bss           0x1000008c        0x0 out/../../libs/lpc_open/lpc_chip_43xx/src/evrt_18xx_43xx.o
 .bss           0x1000008c        0x8 out/../../libs/lpc_open/lpc_chip_43xx/src/gpdma_18xx_43xx.o
 .bss           0x10000094        0x0 out/../../libs/lpc_open/lpc_chip_43xx/src/gpio_18xx_43xx.o
 .bss           0x10000094        0x0 out/../../libs/lpc_open/lpc_chip_43xx/src/gpiogroup_18xx_43xx.o
 .bss           0x10000094       0x50 out/../../libs/lpc_open/lpc_chip_43xx/src/i2c_18xx_43xx.o
 .bss           0x100000e4        0x0 out/../../libs/lpc_open/lpc_chip_43xx/src/i2cm_18xx_43xx.o
 .bss           0x100000e4        0x0 out/../../libs/lpc_open/lpc_chip_43xx/src/i2s_18xx_43xx.o
 .bss           0x100000e4        0x0 out/../../libs/lpc_open/lpc_chip_43xx/src/iap_18xx_43xx.o
 .bss           0x100000e4        0x0 out/../../libs/lpc_open/lpc_chip_43xx/src/lcd_18xx_43xx.o
 .bss           0x100000e4       0x28 out/../../libs/lpc_open/lpc_chip_43xx/src/otp_18xx_43xx.o
 .bss           0x1000010c        0x0 out/../../libs/lpc_open/lpc_chip_43xx/src/pinint_18xx_43xx.o
 .bss           0x1000010c        0x0 out/../../libs/lpc_open/lpc_chip_43xx/src/pmc_18xx_43xx.o
 .bss           0x1000010c        0x0 out/../../libs/lpc_open/lpc_chip_43xx/src/ring_buffer.o
 .bss           0x1000010c        0x0 out/../../libs/lpc_open/lpc_chip_43xx/src/ritimer_18xx_43xx.o
 .bss           0x1000010c        0x0 out/../../libs/lpc_open/lpc_chip_43xx/src/rtc_18xx_43xx.o
 .bss           0x1000010c        0x0 out/../../libs/lpc_open/lpc_chip_43xx/src/sct_18xx_43xx.o
 .bss           0x1000010c        0x0 out/../../libs/lpc_open/lpc_chip_43xx/src/sct_pwm_18xx_43xx.o
 .bss           0x1000010c        0x0 out/../../libs/lpc_open/lpc_chip_43xx/src/sdif_18xx_43xx.o
 .bss           0x1000010c      0x140 out/../../libs/lpc_open/lpc_chip_43xx/src/sdio_18xx_43xx.o
 .bss           0x1000024c        0x4 out/../../libs/lpc_open/lpc_chip_43xx/src/sdmmc_18xx_43xx.o
 .bss           0x10000250        0x0 out/../../libs/lpc_open/lpc_chip_43xx/src/spi_18xx_43xx.o
 .bss           0x10000250        0x0 out/../../libs/lpc_open/lpc_chip_43xx/src/ssp_18xx_43xx.o
 .bss           0x10000250        0xc out/../../libs/lpc_open/lpc_chip_43xx/src/stopwatch_18xx_43xx.o
 .bss           0x1000025c        0x0 out/../../libs/lpc_open/lpc_chip_43xx/src/sysinit_18xx_43xx.o
 .bss           0x1000025c        0x0 out/../../libs/lpc_open/lpc_chip_43xx/src/timer_18xx_43xx.o
 .bss           0x1000025c        0x1 out/../../libs/lpc_open/lpc_chip_43xx/src/uart_18xx_43xx.o
 .bss           0x1000025d        0x0 out/../../libs/lpc_open/lpc_chip_43xx/src/wwdt_18xx_43xx.o
 .bss           0x1000025d        0x0 /usr/lib/gcc/arm-none-eabi/16.1.0/thumb/v7e-m+fp/hard/libgcc.a(_aeabi_uldivmod.o)
 .bss           0x1000025d        0x0 /usr/lib/gcc/arm-none-eabi/16.1.0/thumb/v7e-m+fp/hard/libgcc.a(_udivmoddi4.o)
 .bss           0x1000025d        0x0 /usr/lib/gcc/arm-none-eabi/16.1.0/thumb/v7e-m+fp/hard/libgcc.a(_dvmd_tls.o)
 .bss           0x1000025d        0x0 /usr/lib/gcc/arm-none-eabi/16.1.0/../../../../arm-none-eabi/lib/thumb/v7e-m+fp/hard/libc_nano.a(libc_a-memset.o)
 .bss           0x1000025d        0x0 /usr/lib/gcc/arm-none-eabi/16.1.0/../../../../arm-none-eabi/lib/thumb/v7e-m+fp/hard/libc_nano.a(libc_a-memcpy-stub.o)
 *(COMMON)
                0x10000260                        . = ALIGN (0x4)
 *fill*         0x1000025d        0x3 
                0x10000260                        _ebss = .

/DISCARD/
 *(.ARM.exidx*)
 *(.ARM.extab*)
 *(.eh_frame*)
 *(.note.GNU-stack)
OUTPUT(out/02_GPIO_Abstraction.elf elf32-littlearm)
LOAD linker stubs

.debug_info     0x00000000    0x1c405
 .debug_info    0x00000000      0x17b out/../../libs/startup/src/startup.o
 .debug_info    0x0000017b      0x2e0 out/Core/Src/main.o
 .debug_info    0x0000045b      0x869 out/../../libs/custom_drivers/ciaa_board/ciaa_board.o
 .debug_info    0x00000cc4      0x5e3 out/../../libs/custom_drivers/sys_core/sys_core.o
 .debug_info    0x000012a7      0x771 out/../../libs/custom_drivers/gpio/gpio.o
 .debug_info    0x00001a18      0xb49 out/../../libs/custom_drivers/systick/systick.o
 .debug_info    0x00002561      0xba9 out/../../libs/lpc_open/lpc_chip_43xx/src/adc_18xx_43xx.o
 .debug_info    0x0000310a      0xa5b out/../../libs/lpc_open/lpc_chip_43xx/src/aes_18xx_43xx.o
 .debug_info    0x00003b65      0x278 out/../../libs/lpc_open/lpc_chip_43xx/src/atimer_18xx_43xx.o
 .debug_info    0x00003ddd      0xf6d out/../../libs/lpc_open/lpc_chip_43xx/src/ccan_18xx_43xx.o
 .debug_info    0x00004d4a      0xca8 out/../../libs/lpc_open/lpc_chip_43xx/src/chip_18xx_43xx.o
 .debug_info    0x000059f2     0x1a71 out/../../libs/lpc_open/lpc_chip_43xx/src/clock_18xx_43xx.o
 .debug_info    0x00007463      0x416 out/../../libs/lpc_open/lpc_chip_43xx/src/dac_18xx_43xx.o
 .debug_info    0x00007879      0x6c9 out/../../libs/lpc_open/lpc_chip_43xx/src/eeprom_18xx_43xx.o
 .debug_info    0x00007f42      0xb8f out/../../libs/lpc_open/lpc_chip_43xx/src/emc_18xx_43xx.o
 .debug_info    0x00008ad1      0xcc3 out/../../libs/lpc_open/lpc_chip_43xx/src/enet_18xx_43xx.o
 .debug_info    0x00009794      0x323 out/../../libs/lpc_open/lpc_chip_43xx/src/evrt_18xx_43xx.o
 .debug_info    0x00009ab7     0x1b3e out/../../libs/lpc_open/lpc_chip_43xx/src/gpdma_18xx_43xx.o
 .debug_info    0x0000b5f5      0x1ce out/../../libs/lpc_open/lpc_chip_43xx/src/gpio_18xx_43xx.o
 .debug_info    0x0000b7c3       0x77 out/../../libs/lpc_open/lpc_chip_43xx/src/gpiogroup_18xx_43xx.o
 .debug_info    0x0000b83a     0x1495 out/../../libs/lpc_open/lpc_chip_43xx/src/i2c_18xx_43xx.o
 .debug_info    0x0000cccf      0xafd out/../../libs/lpc_open/lpc_chip_43xx/src/i2cm_18xx_43xx.o
 .debug_info    0x0000d7cc      0x8e7 out/../../libs/lpc_open/lpc_chip_43xx/src/i2s_18xx_43xx.o
 .debug_info    0x0000e0b3      0xae0 out/../../libs/lpc_open/lpc_chip_43xx/src/iap_18xx_43xx.o
 .debug_info    0x0000eb93      0xbae out/../../libs/lpc_open/lpc_chip_43xx/src/lcd_18xx_43xx.o
 .debug_info    0x0000f741      0x89d out/../../libs/lpc_open/lpc_chip_43xx/src/otp_18xx_43xx.o
 .debug_info    0x0000ffde       0x77 out/../../libs/lpc_open/lpc_chip_43xx/src/pinint_18xx_43xx.o
 .debug_info    0x00010055      0x303 out/../../libs/lpc_open/lpc_chip_43xx/src/pmc_18xx_43xx.o
 .debug_info    0x00010358      0x557 out/../../libs/lpc_open/lpc_chip_43xx/src/ring_buffer.o
 .debug_info    0x000108af      0x528 out/../../libs/lpc_open/lpc_chip_43xx/src/ritimer_18xx_43xx.o
 .debug_info    0x00010dd7      0x70c out/../../libs/lpc_open/lpc_chip_43xx/src/rtc_18xx_43xx.o
 .debug_info    0x000114e3      0x9b0 out/../../libs/lpc_open/lpc_chip_43xx/src/sct_18xx_43xx.o
 .debug_info    0x00011e93      0xb36 out/../../libs/lpc_open/lpc_chip_43xx/src/sct_pwm_18xx_43xx.o
 .debug_info    0x000129c9      0x7d7 out/../../libs/lpc_open/lpc_chip_43xx/src/sdif_18xx_43xx.o
 .debug_info    0x000131a0     0x195d out/../../libs/lpc_open/lpc_chip_43xx/src/sdio_18xx_43xx.o
 .debug_info    0x00014afd     0x171f out/../../libs/lpc_open/lpc_chip_43xx/src/sdmmc_18xx_43xx.o
 .debug_info    0x0001621c      0xc99 out/../../libs/lpc_open/lpc_chip_43xx/src/spi_18xx_43xx.o
 .debug_info    0x00016eb5     0x1936 out/../../libs/lpc_open/lpc_chip_43xx/src/ssp_18xx_43xx.o
 .debug_info    0x000187eb      0x867 out/../../libs/lpc_open/lpc_chip_43xx/src/stopwatch_18xx_43xx.o
 .debug_info    0x00019052      0xab3 out/../../libs/lpc_open/lpc_chip_43xx/src/sysinit_18xx_43xx.o
 .debug_info    0x00019b05      0x553 out/../../libs/lpc_open/lpc_chip_43xx/src/timer_18xx_43xx.o
 .debug_info    0x0001a058     0x18cd out/../../libs/lpc_open/lpc_chip_43xx/src/uart_18xx_43xx.o
 .debug_info    0x0001b925      0x179 out/../../libs/lpc_open/lpc_chip_43xx/src/wwdt_18xx_43xx.o
 .debug_info    0x0001ba9e       0x24 /usr/lib/gcc/arm-none-eabi/16.1.0/thumb/v7e-m+fp/hard/libgcc.a(_aeabi_uldivmod.o)
 .debug_info    0x0001bac2      0x6fc /usr/lib/gcc/arm-none-eabi/16.1.0/thumb/v7e-m+fp/hard/libgcc.a(_udivmoddi4.o)
 .debug_info    0x0001c1be       0x3c /usr/lib/gcc/arm-none-eabi/16.1.0/thumb/v7e-m+fp/hard/libgcc.a(_dvmd_tls.o)
 .debug_info    0x0001c1fa       0xe5 /usr/lib/gcc/arm-none-eabi/16.1.0/../../../../arm-none-eabi/lib/thumb/v7e-m+fp/hard/libc_nano.a(libc_a-memset.o)
 .debug_info    0x0001c2df      0x126 /usr/lib/gcc/arm-none-eabi/16.1.0/../../../../arm-none-eabi/lib/thumb/v7e-m+fp/hard/libc_nano.a(libc_a-memcpy-stub.o)

.debug_abbrev   0x00000000     0x5e17
 .debug_abbrev  0x00000000      0x109 out/../../libs/startup/src/startup.o
 .debug_abbrev  0x00000109      0x152 out/Core/Src/main.o
 .debug_abbrev  0x0000025b      0x1c7 out/../../libs/custom_drivers/ciaa_board/ciaa_board.o
 .debug_abbrev  0x00000422      0x10b out/../../libs/custom_drivers/sys_core/sys_core.o
 .debug_abbrev  0x0000052d      0x23b out/../../libs/custom_drivers/gpio/gpio.o
 .debug_abbrev  0x00000768      0x258 out/../../libs/custom_drivers/systick/systick.o
 .debug_abbrev  0x000009c0      0x21c out/../../libs/lpc_open/lpc_chip_43xx/src/adc_18xx_43xx.o
 .debug_abbrev  0x00000bdc      0x199 out/../../libs/lpc_open/lpc_chip_43xx/src/aes_18xx_43xx.o
 .debug_abbrev  0x00000d75      0x13d out/../../libs/lpc_open/lpc_chip_43xx/src/atimer_18xx_43xx.o
 .debug_abbrev  0x00000eb2      0x3e8 out/../../libs/lpc_open/lpc_chip_43xx/src/ccan_18xx_43xx.o
 .debug_abbrev  0x0000129a      0x223 out/../../libs/lpc_open/lpc_chip_43xx/src/chip_18xx_43xx.o
 .debug_abbrev  0x000014bd      0x3dd out/../../libs/lpc_open/lpc_chip_43xx/src/clock_18xx_43xx.o
 .debug_abbrev  0x0000189a      0x153 out/../../libs/lpc_open/lpc_chip_43xx/src/dac_18xx_43xx.o
 .debug_abbrev  0x000019ed      0x22f out/../../libs/lpc_open/lpc_chip_43xx/src/eeprom_18xx_43xx.o
 .debug_abbrev  0x00001c1c      0x245 out/../../libs/lpc_open/lpc_chip_43xx/src/emc_18xx_43xx.o
 .debug_abbrev  0x00001e61      0x2a1 out/../../libs/lpc_open/lpc_chip_43xx/src/enet_18xx_43xx.o
 .debug_abbrev  0x00002102      0x160 out/../../libs/lpc_open/lpc_chip_43xx/src/evrt_18xx_43xx.o
 .debug_abbrev  0x00002262      0x2c6 out/../../libs/lpc_open/lpc_chip_43xx/src/gpdma_18xx_43xx.o
 .debug_abbrev  0x00002528       0xe9 out/../../libs/lpc_open/lpc_chip_43xx/src/gpio_18xx_43xx.o
 .debug_abbrev  0x00002611       0x28 out/../../libs/lpc_open/lpc_chip_43xx/src/gpiogroup_18xx_43xx.o
 .debug_abbrev  0x00002639      0x3e0 out/../../libs/lpc_open/lpc_chip_43xx/src/i2c_18xx_43xx.o
 .debug_abbrev  0x00002a19      0x2e0 out/../../libs/lpc_open/lpc_chip_43xx/src/i2cm_18xx_43xx.o
 .debug_abbrev  0x00002cf9      0x230 out/../../libs/lpc_open/lpc_chip_43xx/src/i2s_18xx_43xx.o
 .debug_abbrev  0x00002f29      0x198 out/../../libs/lpc_open/lpc_chip_43xx/src/iap_18xx_43xx.o
 .debug_abbrev  0x000030c1      0x1d6 out/../../libs/lpc_open/lpc_chip_43xx/src/lcd_18xx_43xx.o
 .debug_abbrev  0x00003297      0x17c out/../../libs/lpc_open/lpc_chip_43xx/src/otp_18xx_43xx.o
 .debug_abbrev  0x00003413       0x28 out/../../libs/lpc_open/lpc_chip_43xx/src/pinint_18xx_43xx.o
 .debug_abbrev  0x0000343b      0x122 out/../../libs/lpc_open/lpc_chip_43xx/src/pmc_18xx_43xx.o
 .debug_abbrev  0x0000355d      0x1b2 out/../../libs/lpc_open/lpc_chip_43xx/src/ring_buffer.o
 .debug_abbrev  0x0000370f      0x1df out/../../libs/lpc_open/lpc_chip_43xx/src/ritimer_18xx_43xx.o
 .debug_abbrev  0x000038ee      0x1ff out/../../libs/lpc_open/lpc_chip_43xx/src/rtc_18xx_43xx.o
 .debug_abbrev  0x00003aed      0x22c out/../../libs/lpc_open/lpc_chip_43xx/src/sct_18xx_43xx.o
 .debug_abbrev  0x00003d19      0x2ba out/../../libs/lpc_open/lpc_chip_43xx/src/sct_pwm_18xx_43xx.o
 .debug_abbrev  0x00003fd3      0x206 out/../../libs/lpc_open/lpc_chip_43xx/src/sdif_18xx_43xx.o
 .debug_abbrev  0x000041d9      0x3c4 out/../../libs/lpc_open/lpc_chip_43xx/src/sdio_18xx_43xx.o
 .debug_abbrev  0x0000459d      0x37f out/../../libs/lpc_open/lpc_chip_43xx/src/sdmmc_18xx_43xx.o
 .debug_abbrev  0x0000491c      0x2cf out/../../libs/lpc_open/lpc_chip_43xx/src/spi_18xx_43xx.o
 .debug_abbrev  0x00004beb      0x3ab out/../../libs/lpc_open/lpc_chip_43xx/src/ssp_18xx_43xx.o
 .debug_abbrev  0x00004f96      0x252 out/../../libs/lpc_open/lpc_chip_43xx/src/stopwatch_18xx_43xx.o
 .debug_abbrev  0x000051e8      0x23f out/../../libs/lpc_open/lpc_chip_43xx/src/sysinit_18xx_43xx.o
 .debug_abbrev  0x00005427      0x1a5 out/../../libs/lpc_open/lpc_chip_43xx/src/timer_18xx_43xx.o
 .debug_abbrev  0x000055cc      0x467 out/../../libs/lpc_open/lpc_chip_43xx/src/uart_18xx_43xx.o
 .debug_abbrev  0x00005a33       0xcf out/../../libs/lpc_open/lpc_chip_43xx/src/wwdt_18xx_43xx.o
 .debug_abbrev  0x00005b02       0x14 /usr/lib/gcc/arm-none-eabi/16.1.0/thumb/v7e-m+fp/hard/libgcc.a(_aeabi_uldivmod.o)
 .debug_abbrev  0x00005b16      0x170 /usr/lib/gcc/arm-none-eabi/16.1.0/thumb/v7e-m+fp/hard/libgcc.a(_udivmoddi4.o)
 .debug_abbrev  0x00005c86       0x26 /usr/lib/gcc/arm-none-eabi/16.1.0/thumb/v7e-m+fp/hard/libgcc.a(_dvmd_tls.o)
 .debug_abbrev  0x00005cac       0xa4 /usr/lib/gcc/arm-none-eabi/16.1.0/../../../../arm-none-eabi/lib/thumb/v7e-m+fp/hard/libc_nano.a(libc_a-memset.o)
 .debug_abbrev  0x00005d50       0xc7 /usr/lib/gcc/arm-none-eabi/16.1.0/../../../../arm-none-eabi/lib/thumb/v7e-m+fp/hard/libc_nano.a(libc_a-memcpy-stub.o)

.debug_loclists
                0x00000000     0x9057
 .debug_loclists
                0x00000000       0x53 out/../../libs/startup/src/startup.o
 .debug_loclists
                0x00000053       0x91 out/Core/Src/main.o
 .debug_loclists
                0x000000e4       0xa0 out/../../libs/custom_drivers/ciaa_board/ciaa_board.o
 .debug_loclists
                0x00000184      0x1df out/../../libs/custom_drivers/gpio/gpio.o
 .debug_loclists
                0x00000363       0x44 out/../../libs/custom_drivers/systick/systick.o
 .debug_loclists
                0x000003a7      0x4f5 out/../../libs/lpc_open/lpc_chip_43xx/src/adc_18xx_43xx.o
 .debug_loclists
                0x0000089c      0x210 out/../../libs/lpc_open/lpc_chip_43xx/src/aes_18xx_43xx.o
 .debug_loclists
                0x00000aac       0x34 out/../../libs/lpc_open/lpc_chip_43xx/src/atimer_18xx_43xx.o
 .debug_loclists
                0x00000ae0      0x70f out/../../libs/lpc_open/lpc_chip_43xx/src/ccan_18xx_43xx.o
 .debug_loclists
                0x000011ef      0xea3 out/../../libs/lpc_open/lpc_chip_43xx/src/clock_18xx_43xx.o
 .debug_loclists
                0x00002092       0x5a out/../../libs/lpc_open/lpc_chip_43xx/src/dac_18xx_43xx.o
 .debug_loclists
                0x000020ec       0xe1 out/../../libs/lpc_open/lpc_chip_43xx/src/eeprom_18xx_43xx.o
 .debug_loclists
                0x000021cd      0x2e1 out/../../libs/lpc_open/lpc_chip_43xx/src/emc_18xx_43xx.o
 .debug_loclists
                0x000024ae       0xde out/../../libs/lpc_open/lpc_chip_43xx/src/enet_18xx_43xx.o
 .debug_loclists
                0x0000258c       0xc5 out/../../libs/lpc_open/lpc_chip_43xx/src/evrt_18xx_43xx.o
 .debug_loclists
                0x00002651     0x1091 out/../../libs/lpc_open/lpc_chip_43xx/src/gpdma_18xx_43xx.o
 .debug_loclists
                0x000036e2      0x946 out/../../libs/lpc_open/lpc_chip_43xx/src/i2c_18xx_43xx.o
 .debug_loclists
                0x00004028      0x38f out/../../libs/lpc_open/lpc_chip_43xx/src/i2cm_18xx_43xx.o
 .debug_loclists
                0x000043b7      0x376 out/../../libs/lpc_open/lpc_chip_43xx/src/i2s_18xx_43xx.o
 .debug_loclists
                0x0000472d      0x582 out/../../libs/lpc_open/lpc_chip_43xx/src/iap_18xx_43xx.o
 .debug_loclists
                0x00004caf      0x348 out/../../libs/lpc_open/lpc_chip_43xx/src/lcd_18xx_43xx.o
 .debug_loclists
                0x00004ff7      0x1f8 out/../../libs/lpc_open/lpc_chip_43xx/src/otp_18xx_43xx.o
 .debug_loclists
                0x000051ef      0x37f out/../../libs/lpc_open/lpc_chip_43xx/src/ring_buffer.o
 .debug_loclists
                0x0000556e      0x11e out/../../libs/lpc_open/lpc_chip_43xx/src/ritimer_18xx_43xx.o
 .debug_loclists
                0x0000568c      0x10d out/../../libs/lpc_open/lpc_chip_43xx/src/rtc_18xx_43xx.o
 .debug_loclists
                0x00005799       0x83 out/../../libs/lpc_open/lpc_chip_43xx/src/sct_18xx_43xx.o
 .debug_loclists
                0x0000581c       0xeb out/../../libs/lpc_open/lpc_chip_43xx/src/sct_pwm_18xx_43xx.o
 .debug_loclists
                0x00005907      0x1de out/../../libs/lpc_open/lpc_chip_43xx/src/sdif_18xx_43xx.o
 .debug_loclists
                0x00005ae5      0x972 out/../../libs/lpc_open/lpc_chip_43xx/src/sdio_18xx_43xx.o
 .debug_loclists
                0x00006457      0x86f out/../../libs/lpc_open/lpc_chip_43xx/src/sdmmc_18xx_43xx.o
 .debug_loclists
                0x00006cc6      0x3be out/../../libs/lpc_open/lpc_chip_43xx/src/spi_18xx_43xx.o
 .debug_loclists
                0x00007084      0x8f9 out/../../libs/lpc_open/lpc_chip_43xx/src/ssp_18xx_43xx.o
 .debug_loclists
                0x0000797d       0xa5 out/../../libs/lpc_open/lpc_chip_43xx/src/stopwatch_18xx_43xx.o
 .debug_loclists
                0x00007a22      0x13a out/../../libs/lpc_open/lpc_chip_43xx/src/sysinit_18xx_43xx.o
 .debug_loclists
                0x00007b5c      0x112 out/../../libs/lpc_open/lpc_chip_43xx/src/timer_18xx_43xx.o
 .debug_loclists
                0x00007c6e      0x96a out/../../libs/lpc_open/lpc_chip_43xx/src/uart_18xx_43xx.o
 .debug_loclists
                0x000085d8      0x995 /usr/lib/gcc/arm-none-eabi/16.1.0/thumb/v7e-m+fp/hard/libgcc.a(_udivmoddi4.o)
 .debug_loclists
                0x00008f6d       0x4d /usr/lib/gcc/arm-none-eabi/16.1.0/../../../../arm-none-eabi/lib/thumb/v7e-m+fp/hard/libc_nano.a(libc_a-memset.o)
 .debug_loclists
                0x00008fba       0x9d /usr/lib/gcc/arm-none-eabi/16.1.0/../../../../arm-none-eabi/lib/thumb/v7e-m+fp/hard/libc_nano.a(libc_a-memcpy-stub.o)

.debug_aranges  0x00000000      0x5f0
 .debug_aranges
                0x00000000       0x20 out/../../libs/startup/src/startup.o
 .debug_aranges
                0x00000020       0x20 out/Core/Src/main.o
 .debug_aranges
                0x00000040       0x20 out/../../libs/custom_drivers/ciaa_board/ciaa_board.o
 .debug_aranges
                0x00000060       0x20 out/../../libs/custom_drivers/sys_core/sys_core.o
 .debug_aranges
                0x00000080       0x20 out/../../libs/custom_drivers/gpio/gpio.o
 .debug_aranges
                0x000000a0       0x20 out/../../libs/custom_drivers/systick/systick.o
 .debug_aranges
                0x000000c0       0x20 out/../../libs/lpc_open/lpc_chip_43xx/src/adc_18xx_43xx.o
 .debug_aranges
                0x000000e0       0x20 out/../../libs/lpc_open/lpc_chip_43xx/src/aes_18xx_43xx.o
 .debug_aranges
                0x00000100       0x20 out/../../libs/lpc_open/lpc_chip_43xx/src/atimer_18xx_43xx.o
 .debug_aranges
                0x00000120       0x20 out/../../libs/lpc_open/lpc_chip_43xx/src/ccan_18xx_43xx.o
 .debug_aranges
                0x00000140       0x20 out/../../libs/lpc_open/lpc_chip_43xx/src/chip_18xx_43xx.o
 .debug_aranges
                0x00000160       0x20 out/../../libs/lpc_open/lpc_chip_43xx/src/clock_18xx_43xx.o
 .debug_aranges
                0x00000180       0x20 out/../../libs/lpc_open/lpc_chip_43xx/src/dac_18xx_43xx.o
 .debug_aranges
                0x000001a0       0x20 out/../../libs/lpc_open/lpc_chip_43xx/src/eeprom_18xx_43xx.o
 .debug_aranges
                0x000001c0       0x20 out/../../libs/lpc_open/lpc_chip_43xx/src/emc_18xx_43xx.o
 .debug_aranges
                0x000001e0       0x20 out/../../libs/lpc_open/lpc_chip_43xx/src/enet_18xx_43xx.o
 .debug_aranges
                0x00000200       0x20 out/../../libs/lpc_open/lpc_chip_43xx/src/evrt_18xx_43xx.o
 .debug_aranges
                0x00000220       0x20 out/../../libs/lpc_open/lpc_chip_43xx/src/gpdma_18xx_43xx.o
 .debug_aranges
                0x00000240       0x20 out/../../libs/lpc_open/lpc_chip_43xx/src/gpio_18xx_43xx.o
 .debug_aranges
                0x00000260       0x18 out/../../libs/lpc_open/lpc_chip_43xx/src/gpiogroup_18xx_43xx.o
 .debug_aranges
                0x00000278       0x20 out/../../libs/lpc_open/lpc_chip_43xx/src/i2c_18xx_43xx.o
 .debug_aranges
                0x00000298       0x20 out/../../libs/lpc_open/lpc_chip_43xx/src/i2cm_18xx_43xx.o
 .debug_aranges
                0x000002b8       0x20 out/../../libs/lpc_open/lpc_chip_43xx/src/i2s_18xx_43xx.o
 .debug_aranges
                0x000002d8       0x20 out/../../libs/lpc_open/lpc_chip_43xx/src/iap_18xx_43xx.o
 .debug_aranges
                0x000002f8       0x20 out/../../libs/lpc_open/lpc_chip_43xx/src/lcd_18xx_43xx.o
 .debug_aranges
                0x00000318       0x20 out/../../libs/lpc_open/lpc_chip_43xx/src/otp_18xx_43xx.o
 .debug_aranges
                0x00000338       0x18 out/../../libs/lpc_open/lpc_chip_43xx/src/pinint_18xx_43xx.o
 .debug_aranges
                0x00000350       0x20 out/../../libs/lpc_open/lpc_chip_43xx/src/pmc_18xx_43xx.o
 .debug_aranges
                0x00000370       0x20 out/../../libs/lpc_open/lpc_chip_43xx/src/ring_buffer.o
 .debug_aranges
                0x00000390       0x20 out/../../libs/lpc_open/lpc_chip_43xx/src/ritimer_18xx_43xx.o
 .debug_aranges
                0x000003b0       0x20 out/../../libs/lpc_open/lpc_chip_43xx/src/rtc_18xx_43xx.o
 .debug_aranges
                0x000003d0       0x20 out/../../libs/lpc_open/lpc_chip_43xx/src/sct_18xx_43xx.o
 .debug_aranges
                0x000003f0       0x20 out/../../libs/lpc_open/lpc_chip_43xx/src/sct_pwm_18xx_43xx.o
 .debug_aranges
                0x00000410       0x20 out/../../libs/lpc_open/lpc_chip_43xx/src/sdif_18xx_43xx.o
 .debug_aranges
                0x00000430       0x20 out/../../libs/lpc_open/lpc_chip_43xx/src/sdio_18xx_43xx.o
 .debug_aranges
                0x00000450       0x20 out/../../libs/lpc_open/lpc_chip_43xx/src/sdmmc_18xx_43xx.o
 .debug_aranges
                0x00000470       0x20 out/../../libs/lpc_open/lpc_chip_43xx/src/spi_18xx_43xx.o
 .debug_aranges
                0x00000490       0x20 out/../../libs/lpc_open/lpc_chip_43xx/src/ssp_18xx_43xx.o
 .debug_aranges
                0x000004b0       0x20 out/../../libs/lpc_open/lpc_chip_43xx/src/stopwatch_18xx_43xx.o
 .debug_aranges
                0x000004d0       0x20 out/../../libs/lpc_open/lpc_chip_43xx/src/sysinit_18xx_43xx.o
 .debug_aranges
                0x000004f0       0x20 out/../../libs/lpc_open/lpc_chip_43xx/src/timer_18xx_43xx.o
 .debug_aranges
                0x00000510       0x20 out/../../libs/lpc_open/lpc_chip_43xx/src/uart_18xx_43xx.o
 .debug_aranges
                0x00000530       0x20 out/../../libs/lpc_open/lpc_chip_43xx/src/wwdt_18xx_43xx.o
 .debug_aranges
                0x00000550       0x20 /usr/lib/gcc/arm-none-eabi/16.1.0/thumb/v7e-m+fp/hard/libgcc.a(_aeabi_uldivmod.o)
 .debug_aranges
                0x00000570       0x20 /usr/lib/gcc/arm-none-eabi/16.1.0/thumb/v7e-m+fp/hard/libgcc.a(_udivmoddi4.o)
 .debug_aranges
                0x00000590       0x20 /usr/lib/gcc/arm-none-eabi/16.1.0/thumb/v7e-m+fp/hard/libgcc.a(_dvmd_tls.o)
 .debug_aranges
                0x000005b0       0x20 /usr/lib/gcc/arm-none-eabi/16.1.0/../../../../arm-none-eabi/lib/thumb/v7e-m+fp/hard/libc_nano.a(libc_a-memset.o)
 .debug_aranges
                0x000005d0       0x20 /usr/lib/gcc/arm-none-eabi/16.1.0/../../../../arm-none-eabi/lib/thumb/v7e-m+fp/hard/libc_nano.a(libc_a-memcpy-stub.o)

.debug_macro    0x00000000     0xd73e
 .debug_macro   0x00000000       0x63 out/../../libs/startup/src/startup.o
 .debug_macro   0x00000063      0xaf0 out/../../libs/startup/src/startup.o
 .debug_macro   0x00000b53       0x22 out/../../libs/startup/src/startup.o
 .debug_macro   0x00000b75       0x56 out/../../libs/startup/src/startup.o
 .debug_macro   0x00000bcb       0x51 out/../../libs/startup/src/startup.o
 .debug_macro   0x00000c1c      0x103 out/../../libs/startup/src/startup.o
 .debug_macro   0x00000d1f       0x6a out/../../libs/startup/src/startup.o
 .debug_macro   0x00000d89      0x1df out/../../libs/startup/src/startup.o
 .debug_macro   0x00000f68      0x356 out/Core/Src/main.o
 .debug_macro   0x000012be       0x10 out/Core/Src/main.o
 .debug_macro   0x000012ce       0x22 out/Core/Src/main.o
 .debug_macro   0x000012f0       0x73 out/Core/Src/main.o
 .debug_macro   0x00001363       0x28 out/Core/Src/main.o
 .debug_macro   0x0000138b       0x1c out/Core/Src/main.o
 .debug_macro   0x000013a7       0x22 out/Core/Src/main.o
 .debug_macro   0x000013c9       0xd9 out/Core/Src/main.o
 .debug_macro   0x000014a2     0x102d out/Core/Src/main.o
 .debug_macro   0x000024cf      0x11f out/Core/Src/main.o
 .debug_macro   0x000025ee      0x2c3 out/Core/Src/main.o
 .debug_macro   0x000028b1      0x112 out/Core/Src/main.o
 .debug_macro   0x000029c3       0x11 out/Core/Src/main.o
 .debug_macro   0x000029d4       0x2a out/Core/Src/main.o
 .debug_macro   0x000029fe       0x16 out/Core/Src/main.o
 .debug_macro   0x00002a14      0x2e6 out/Core/Src/main.o
 .debug_macro   0x00002cfa       0x82 out/Core/Src/main.o
 .debug_macro   0x00002d7c      0x13d out/Core/Src/main.o
 .debug_macro   0x00002eb9      0x198 out/Core/Src/main.o
 .debug_macro   0x00003051       0x34 out/Core/Src/main.o
 .debug_macro   0x00003085       0x58 out/Core/Src/main.o
 .debug_macro   0x000030dd      0x236 out/Core/Src/main.o
 .debug_macro   0x00003313      0x572 out/Core/Src/main.o
 .debug_macro   0x00003885       0x16 out/Core/Src/main.o
 .debug_macro   0x0000389b      0x18a out/Core/Src/main.o
 .debug_macro   0x00003a25       0x88 out/Core/Src/main.o
 .debug_macro   0x00003aad      0x1b9 out/Core/Src/main.o
 .debug_macro   0x00003c66      0x1da out/Core/Src/main.o
 .debug_macro   0x00003e40       0x40 out/Core/Src/main.o
 .debug_macro   0x00003e80       0x1c out/Core/Src/main.o
 .debug_macro   0x00003e9c       0x2e out/Core/Src/main.o
 .debug_macro   0x00003eca       0x2e out/Core/Src/main.o
 .debug_macro   0x00003ef8       0x22 out/Core/Src/main.o
 .debug_macro   0x00003f1a      0x201 out/Core/Src/main.o
 .debug_macro   0x0000411b       0xe0 out/Core/Src/main.o
 .debug_macro   0x000041fb      0x34c out/Core/Src/main.o
 .debug_macro   0x00004547       0xdc out/Core/Src/main.o
 .debug_macro   0x00004623       0xc4 out/Core/Src/main.o
 .debug_macro   0x000046e7       0x8f out/Core/Src/main.o
 .debug_macro   0x00004776       0x94 out/Core/Src/main.o
 .debug_macro   0x0000480a       0xb8 out/Core/Src/main.o
 .debug_macro   0x000048c2       0x4c out/Core/Src/main.o
 .debug_macro   0x0000490e       0x16 out/Core/Src/main.o
 .debug_macro   0x00004924      0x328 out/Core/Src/main.o
 .debug_macro   0x00004c4c       0x3a out/Core/Src/main.o
 .debug_macro   0x00004c86       0xd0 out/Core/Src/main.o
 .debug_macro   0x00004d56       0x18 out/Core/Src/main.o
 .debug_macro   0x00004d6e       0x22 out/Core/Src/main.o
 .debug_macro   0x00004d90       0x40 out/Core/Src/main.o
 .debug_macro   0x00004dd0       0x16 out/Core/Src/main.o
 .debug_macro   0x00004de6      0x329 out/../../libs/custom_drivers/ciaa_board/ciaa_board.o
 .debug_macro   0x0000510f      0x342 out/../../libs/custom_drivers/sys_core/sys_core.o
 .debug_macro   0x00005451      0x31f out/../../libs/custom_drivers/gpio/gpio.o
 .debug_macro   0x00005770      0x31f out/../../libs/custom_drivers/systick/systick.o
 .debug_macro   0x00005a8f      0x315 out/../../libs/lpc_open/lpc_chip_43xx/src/adc_18xx_43xx.o
 .debug_macro   0x00005da4      0x321 out/../../libs/lpc_open/lpc_chip_43xx/src/aes_18xx_43xx.o
 .debug_macro   0x000060c5      0x315 out/../../libs/lpc_open/lpc_chip_43xx/src/atimer_18xx_43xx.o
 .debug_macro   0x000063da      0x315 out/../../libs/lpc_open/lpc_chip_43xx/src/ccan_18xx_43xx.o
 .debug_macro   0x000066ef      0x315 out/../../libs/lpc_open/lpc_chip_43xx/src/chip_18xx_43xx.o
 .debug_macro   0x00006a04      0x31b out/../../libs/lpc_open/lpc_chip_43xx/src/clock_18xx_43xx.o
 .debug_macro   0x00006d1f      0x315 out/../../libs/lpc_open/lpc_chip_43xx/src/dac_18xx_43xx.o
 .debug_macro   0x00007034      0x315 out/../../libs/lpc_open/lpc_chip_43xx/src/eeprom_18xx_43xx.o
 .debug_macro   0x00007349      0x31b out/../../libs/lpc_open/lpc_chip_43xx/src/emc_18xx_43xx.o
 .debug_macro   0x00007664      0x315 out/../../libs/lpc_open/lpc_chip_43xx/src/enet_18xx_43xx.o
 .debug_macro   0x00007979      0x315 out/../../libs/lpc_open/lpc_chip_43xx/src/evrt_18xx_43xx.o
 .debug_macro   0x00007c8e      0x315 out/../../libs/lpc_open/lpc_chip_43xx/src/gpdma_18xx_43xx.o
 .debug_macro   0x00007fa3      0x315 out/../../libs/lpc_open/lpc_chip_43xx/src/gpio_18xx_43xx.o
 .debug_macro   0x000082b8      0x315 out/../../libs/lpc_open/lpc_chip_43xx/src/gpiogroup_18xx_43xx.o
 .debug_macro   0x000085cd      0x327 out/../../libs/lpc_open/lpc_chip_43xx/src/i2c_18xx_43xx.o
 .debug_macro   0x000088f4      0x31b out/../../libs/lpc_open/lpc_chip_43xx/src/i2cm_18xx_43xx.o
 .debug_macro   0x00008c0f      0x315 out/../../libs/lpc_open/lpc_chip_43xx/src/i2s_18xx_43xx.o
 .debug_macro   0x00008f24      0x315 out/../../libs/lpc_open/lpc_chip_43xx/src/iap_18xx_43xx.o
 .debug_macro   0x00009239      0x315 out/../../libs/lpc_open/lpc_chip_43xx/src/lcd_18xx_43xx.o
 .debug_macro   0x0000954e      0x321 out/../../libs/lpc_open/lpc_chip_43xx/src/otp_18xx_43xx.o
 .debug_macro   0x0000986f      0x315 out/../../libs/lpc_open/lpc_chip_43xx/src/pinint_18xx_43xx.o
 .debug_macro   0x00009b84      0x315 out/../../libs/lpc_open/lpc_chip_43xx/src/pmc_18xx_43xx.o
 .debug_macro   0x00009e99      0x13b out/../../libs/lpc_open/lpc_chip_43xx/src/ring_buffer.o
 .debug_macro   0x00009fd4       0x6e out/../../libs/lpc_open/lpc_chip_43xx/src/ring_buffer.o
 .debug_macro   0x0000a042       0x2a out/../../libs/lpc_open/lpc_chip_43xx/src/ring_buffer.o
 .debug_macro   0x0000a06c       0x5c out/../../libs/lpc_open/lpc_chip_43xx/src/ring_buffer.o
 .debug_macro   0x0000a0c8       0x3c out/../../libs/lpc_open/lpc_chip_43xx/src/ring_buffer.o
 .debug_macro   0x0000a104       0x34 out/../../libs/lpc_open/lpc_chip_43xx/src/ring_buffer.o
 .debug_macro   0x0000a138      0x189 out/../../libs/lpc_open/lpc_chip_43xx/src/ring_buffer.o
 .debug_macro   0x0000a2c1       0x57 out/../../libs/lpc_open/lpc_chip_43xx/src/ring_buffer.o
 .debug_macro   0x0000a318      0x372 out/../../libs/lpc_open/lpc_chip_43xx/src/ring_buffer.o
 .debug_macro   0x0000a68a       0x16 out/../../libs/lpc_open/lpc_chip_43xx/src/ring_buffer.o
 .debug_macro   0x0000a6a0       0x4a out/../../libs/lpc_open/lpc_chip_43xx/src/ring_buffer.o
 .debug_macro   0x0000a6ea       0x34 out/../../libs/lpc_open/lpc_chip_43xx/src/ring_buffer.o
 .debug_macro   0x0000a71e       0x10 out/../../libs/lpc_open/lpc_chip_43xx/src/ring_buffer.o
 .debug_macro   0x0000a72e       0x58 out/../../libs/lpc_open/lpc_chip_43xx/src/ring_buffer.o
 .debug_macro   0x0000a786      0x1de out/../../libs/lpc_open/lpc_chip_43xx/src/ring_buffer.o
 .debug_macro   0x0000a964       0x10 out/../../libs/lpc_open/lpc_chip_43xx/src/ring_buffer.o
 .debug_macro   0x0000a974       0x3c out/../../libs/lpc_open/lpc_chip_43xx/src/ring_buffer.o
 .debug_macro   0x0000a9b0       0x6c out/../../libs/lpc_open/lpc_chip_43xx/src/ring_buffer.o
 .debug_macro   0x0000aa1c       0x10 out/../../libs/lpc_open/lpc_chip_43xx/src/ring_buffer.o
 .debug_macro   0x0000aa2c      0x315 out/../../libs/lpc_open/lpc_chip_43xx/src/ritimer_18xx_43xx.o
 .debug_macro   0x0000ad41      0x315 out/../../libs/lpc_open/lpc_chip_43xx/src/rtc_18xx_43xx.o
 .debug_macro   0x0000b056      0x315 out/../../libs/lpc_open/lpc_chip_43xx/src/sct_18xx_43xx.o
 .debug_macro   0x0000b36b      0x315 out/../../libs/lpc_open/lpc_chip_43xx/src/sct_pwm_18xx_43xx.o
 .debug_macro   0x0000b680      0x3c0 out/../../libs/lpc_open/lpc_chip_43xx/src/sdif_18xx_43xx.o
 .debug_macro   0x0000ba40       0x74 out/../../libs/lpc_open/lpc_chip_43xx/src/sdif_18xx_43xx.o
 .debug_macro   0x0000bab4      0x327 out/../../libs/lpc_open/lpc_chip_43xx/src/sdio_18xx_43xx.o
 .debug_macro   0x0000bddb      0x3c6 out/../../libs/lpc_open/lpc_chip_43xx/src/sdmmc_18xx_43xx.o
 .debug_macro   0x0000c1a1      0x315 out/../../libs/lpc_open/lpc_chip_43xx/src/spi_18xx_43xx.o
 .debug_macro   0x0000c4b6      0x315 out/../../libs/lpc_open/lpc_chip_43xx/src/ssp_18xx_43xx.o
 .debug_macro   0x0000c7cb      0x31f out/../../libs/lpc_open/lpc_chip_43xx/src/stopwatch_18xx_43xx.o
 .debug_macro   0x0000caea      0x315 out/../../libs/lpc_open/lpc_chip_43xx/src/sysinit_18xx_43xx.o
 .debug_macro   0x0000cdff      0x315 out/../../libs/lpc_open/lpc_chip_43xx/src/timer_18xx_43xx.o
 .debug_macro   0x0000d114      0x315 out/../../libs/lpc_open/lpc_chip_43xx/src/uart_18xx_43xx.o
 .debug_macro   0x0000d429      0x315 out/../../libs/lpc_open/lpc_chip_43xx/src/wwdt_18xx_43xx.o

.debug_line     0x00000000    0x18aa9
 .debug_line    0x00000000      0x18a out/../../libs/startup/src/startup.o
 .debug_line    0x0000018a      0x7fc out/Core/Src/main.o
 .debug_line    0x00000986      0x708 out/../../libs/custom_drivers/ciaa_board/ciaa_board.o
 .debug_line    0x0000108e      0x706 out/../../libs/custom_drivers/sys_core/sys_core.o
 .debug_line    0x00001794      0x77c out/../../libs/custom_drivers/gpio/gpio.o
 .debug_line    0x00001f10      0x716 out/../../libs/custom_drivers/systick/systick.o
 .debug_line    0x00002626      0x929 out/../../libs/lpc_open/lpc_chip_43xx/src/adc_18xx_43xx.o
 .debug_line    0x00002f4f      0x7be out/../../libs/lpc_open/lpc_chip_43xx/src/aes_18xx_43xx.o
 .debug_line    0x0000370d      0x6aa out/../../libs/lpc_open/lpc_chip_43xx/src/atimer_18xx_43xx.o
 .debug_line    0x00003db7      0xb4c out/../../libs/lpc_open/lpc_chip_43xx/src/ccan_18xx_43xx.o
 .debug_line    0x00004903      0x6c0 out/../../libs/lpc_open/lpc_chip_43xx/src/chip_18xx_43xx.o
 .debug_line    0x00004fc3     0x127d out/../../libs/lpc_open/lpc_chip_43xx/src/clock_18xx_43xx.o
 .debug_line    0x00006240      0x6af out/../../libs/lpc_open/lpc_chip_43xx/src/dac_18xx_43xx.o
 .debug_line    0x000068ef      0x753 out/../../libs/lpc_open/lpc_chip_43xx/src/eeprom_18xx_43xx.o
 .debug_line    0x00007042      0xacf out/../../libs/lpc_open/lpc_chip_43xx/src/emc_18xx_43xx.o
 .debug_line    0x00007b11      0x81f out/../../libs/lpc_open/lpc_chip_43xx/src/enet_18xx_43xx.o
 .debug_line    0x00008330      0x73c out/../../libs/lpc_open/lpc_chip_43xx/src/evrt_18xx_43xx.o
 .debug_line    0x00008a6c      0xee0 out/../../libs/lpc_open/lpc_chip_43xx/src/gpdma_18xx_43xx.o
 .debug_line    0x0000994c      0x647 out/../../libs/lpc_open/lpc_chip_43xx/src/gpio_18xx_43xx.o
 .debug_line    0x00009f93      0x638 out/../../libs/lpc_open/lpc_chip_43xx/src/gpiogroup_18xx_43xx.o
 .debug_line    0x0000a5cb      0xed8 out/../../libs/lpc_open/lpc_chip_43xx/src/i2c_18xx_43xx.o
 .debug_line    0x0000b4a3      0xad1 out/../../libs/lpc_open/lpc_chip_43xx/src/i2cm_18xx_43xx.o
 .debug_line    0x0000bf74      0xa3e out/../../libs/lpc_open/lpc_chip_43xx/src/i2s_18xx_43xx.o
 .debug_line    0x0000c9b2      0x96d out/../../libs/lpc_open/lpc_chip_43xx/src/iap_18xx_43xx.o
 .debug_line    0x0000d31f      0x937 out/../../libs/lpc_open/lpc_chip_43xx/src/lcd_18xx_43xx.o
 .debug_line    0x0000dc56      0x783 out/../../libs/lpc_open/lpc_chip_43xx/src/otp_18xx_43xx.o
 .debug_line    0x0000e3d9      0x635 out/../../libs/lpc_open/lpc_chip_43xx/src/pinint_18xx_43xx.o
 .debug_line    0x0000ea0e      0x663 out/../../libs/lpc_open/lpc_chip_43xx/src/pmc_18xx_43xx.o
 .debug_line    0x0000f071      0x51e out/../../libs/lpc_open/lpc_chip_43xx/src/ring_buffer.o
 .debug_line    0x0000f58f      0x6f6 out/../../libs/lpc_open/lpc_chip_43xx/src/ritimer_18xx_43xx.o
 .debug_line    0x0000fc85      0x9ac out/../../libs/lpc_open/lpc_chip_43xx/src/rtc_18xx_43xx.o
 .debug_line    0x00010631      0x6c4 out/../../libs/lpc_open/lpc_chip_43xx/src/sct_18xx_43xx.o
 .debug_line    0x00010cf5      0x76f out/../../libs/lpc_open/lpc_chip_43xx/src/sct_pwm_18xx_43xx.o
 .debug_line    0x00011464      0x983 out/../../libs/lpc_open/lpc_chip_43xx/src/sdif_18xx_43xx.o
 .debug_line    0x00011de7      0xdff out/../../libs/lpc_open/lpc_chip_43xx/src/sdio_18xx_43xx.o
 .debug_line    0x00012be6      0xfc7 out/../../libs/lpc_open/lpc_chip_43xx/src/sdmmc_18xx_43xx.o
 .debug_line    0x00013bad      0x9a4 out/../../libs/lpc_open/lpc_chip_43xx/src/spi_18xx_43xx.o
 .debug_line    0x00014551     0x11b4 out/../../libs/lpc_open/lpc_chip_43xx/src/ssp_18xx_43xx.o
 .debug_line    0x00015705      0x722 out/../../libs/lpc_open/lpc_chip_43xx/src/stopwatch_18xx_43xx.o
 .debug_line    0x00015e27      0x811 out/../../libs/lpc_open/lpc_chip_43xx/src/sysinit_18xx_43xx.o
 .debug_line    0x00016638      0x721 out/../../libs/lpc_open/lpc_chip_43xx/src/timer_18xx_43xx.o
 .debug_line    0x00016d59      0xdf2 out/../../libs/lpc_open/lpc_chip_43xx/src/uart_18xx_43xx.o
 .debug_line    0x00017b4b      0x692 out/../../libs/lpc_open/lpc_chip_43xx/src/wwdt_18xx_43xx.o
 .debug_line    0x000181dd       0x4e /usr/lib/gcc/arm-none-eabi/16.1.0/thumb/v7e-m+fp/hard/libgcc.a(_aeabi_uldivmod.o)
 .debug_line    0x0001822b      0x565 /usr/lib/gcc/arm-none-eabi/16.1.0/thumb/v7e-m+fp/hard/libgcc.a(_udivmoddi4.o)
 .debug_line    0x00018790       0x4a /usr/lib/gcc/arm-none-eabi/16.1.0/thumb/v7e-m+fp/hard/libgcc.a(_dvmd_tls.o)
 .debug_line    0x000187da      0x12e /usr/lib/gcc/arm-none-eabi/16.1.0/../../../../arm-none-eabi/lib/thumb/v7e-m+fp/hard/libc_nano.a(libc_a-memset.o)
 .debug_line    0x00018908      0x1a1 /usr/lib/gcc/arm-none-eabi/16.1.0/../../../../arm-none-eabi/lib/thumb/v7e-m+fp/hard/libc_nano.a(libc_a-memcpy-stub.o)

.debug_str      0x00000000    0x20f88
 .debug_str     0x00000000    0x20f88 out/../../libs/startup/src/startup.o
                               0x3e01 (size before relaxing)
 .debug_str     0x00020f88        0x0 out/Core/Src/main.o
                              0x16b66 (size before relaxing)
 .debug_str     0x00020f88        0x0 out/../../libs/custom_drivers/ciaa_board/ciaa_board.o
                              0x17559 (size before relaxing)
 .debug_str     0x00020f88        0x0 out/../../libs/custom_drivers/sys_core/sys_core.o
                              0x17457 (size before relaxing)
 .debug_str     0x00020f88        0x0 out/../../libs/custom_drivers/gpio/gpio.o
                              0x16b69 (size before relaxing)
 .debug_str     0x00020f88        0x0 out/../../libs/custom_drivers/systick/systick.o
                              0x17815 (size before relaxing)
 .debug_str     0x00020f88        0x0 out/../../libs/lpc_open/lpc_chip_43xx/src/adc_18xx_43xx.o
                              0x171c6 (size before relaxing)
 .debug_str     0x00020f88        0x0 out/../../libs/lpc_open/lpc_chip_43xx/src/aes_18xx_43xx.o
                              0x1763b (size before relaxing)
 .debug_str     0x00020f88        0x0 out/../../libs/lpc_open/lpc_chip_43xx/src/atimer_18xx_43xx.o
                              0x16a12 (size before relaxing)
 .debug_str     0x00020f88        0x0 out/../../libs/lpc_open/lpc_chip_43xx/src/ccan_18xx_43xx.o
                              0x170e8 (size before relaxing)
 .debug_str     0x00020f88        0x0 out/../../libs/lpc_open/lpc_chip_43xx/src/chip_18xx_43xx.o
                              0x17788 (size before relaxing)
 .debug_str     0x00020f88        0x0 out/../../libs/lpc_open/lpc_chip_43xx/src/clock_18xx_43xx.o
                              0x17c02 (size before relaxing)
 .debug_str     0x00020f88        0x0 out/../../libs/lpc_open/lpc_chip_43xx/src/dac_18xx_43xx.o
                              0x16ded (size before relaxing)
 .debug_str     0x00020f88        0x0 out/../../libs/lpc_open/lpc_chip_43xx/src/eeprom_18xx_43xx.o
                              0x16eb2 (size before relaxing)
 .debug_str     0x00020f88        0x0 out/../../libs/lpc_open/lpc_chip_43xx/src/emc_18xx_43xx.o
                              0x16f36 (size before relaxing)
 .debug_str     0x00020f88        0x0 out/../../libs/lpc_open/lpc_chip_43xx/src/enet_18xx_43xx.o
                              0x177d1 (size before relaxing)
 .debug_str     0x00020f88        0x0 out/../../libs/lpc_open/lpc_chip_43xx/src/evrt_18xx_43xx.o
                              0x16c66 (size before relaxing)
 .debug_str     0x00020f88        0x0 out/../../libs/lpc_open/lpc_chip_43xx/src/gpdma_18xx_43xx.o
                              0x17c38 (size before relaxing)
 .debug_str     0x00020f88        0x0 out/../../libs/lpc_open/lpc_chip_43xx/src/gpio_18xx_43xx.o
                              0x1697d (size before relaxing)
 .debug_str     0x00020f88        0x0 out/../../libs/lpc_open/lpc_chip_43xx/src/gpiogroup_18xx_43xx.o
                              0x16921 (size before relaxing)
 .debug_str     0x00020f88        0x0 out/../../libs/lpc_open/lpc_chip_43xx/src/i2c_18xx_43xx.o
                              0x1795d (size before relaxing)
 .debug_str     0x00020f88        0x0 out/../../libs/lpc_open/lpc_chip_43xx/src/i2cm_18xx_43xx.o
                              0x16fca (size before relaxing)
 .debug_str     0x00020f88        0x0 out/../../libs/lpc_open/lpc_chip_43xx/src/i2s_18xx_43xx.o
                              0x16f9b (size before relaxing)
 .debug_str     0x00020f88        0x0 out/../../libs/lpc_open/lpc_chip_43xx/src/iap_18xx_43xx.o
                              0x16d1d (size before relaxing)
 .debug_str     0x00020f88        0x0 out/../../libs/lpc_open/lpc_chip_43xx/src/lcd_18xx_43xx.o
                              0x1764d (size before relaxing)
 .debug_str     0x00020f88        0x0 out/../../libs/lpc_open/lpc_chip_43xx/src/otp_18xx_43xx.o
                              0x175df (size before relaxing)
 .debug_str     0x00020f88        0x0 out/../../libs/lpc_open/lpc_chip_43xx/src/pinint_18xx_43xx.o
                              0x1691e (size before relaxing)
 .debug_str     0x00020f88        0x0 out/../../libs/lpc_open/lpc_chip_43xx/src/pmc_18xx_43xx.o
                              0x16a3c (size before relaxing)
 .debug_str     0x00020f88        0x0 out/../../libs/lpc_open/lpc_chip_43xx/src/ring_buffer.o
                               0x6fed (size before relaxing)
 .debug_str     0x00020f88        0x0 out/../../libs/lpc_open/lpc_chip_43xx/src/ritimer_18xx_43xx.o
                              0x16e37 (size before relaxing)
 .debug_str     0x00020f88        0x0 out/../../libs/lpc_open/lpc_chip_43xx/src/rtc_18xx_43xx.o
                              0x16d1e (size before relaxing)
 .debug_str     0x00020f88        0x0 out/../../libs/lpc_open/lpc_chip_43xx/src/sct_18xx_43xx.o
                              0x16faf (size before relaxing)
 .debug_str     0x00020f88        0x0 out/../../libs/lpc_open/lpc_chip_43xx/src/sct_pwm_18xx_43xx.o
                              0x17025 (size before relaxing)
 .debug_str     0x00020f88        0x0 out/../../libs/lpc_open/lpc_chip_43xx/src/sdif_18xx_43xx.o
                              0x19dda (size before relaxing)
 .debug_str     0x00020f88        0x0 out/../../libs/lpc_open/lpc_chip_43xx/src/sdio_18xx_43xx.o
                              0x17898 (size before relaxing)
 .debug_str     0x00020f88        0x0 out/../../libs/lpc_open/lpc_chip_43xx/src/sdmmc_18xx_43xx.o
                              0x1a817 (size before relaxing)
 .debug_str     0x00020f88        0x0 out/../../libs/lpc_open/lpc_chip_43xx/src/spi_18xx_43xx.o
                              0x1712c (size before relaxing)
 .debug_str     0x00020f88        0x0 out/../../libs/lpc_open/lpc_chip_43xx/src/ssp_18xx_43xx.o
                              0x173bc (size before relaxing)
 .debug_str     0x00020f88        0x0 out/../../libs/lpc_open/lpc_chip_43xx/src/stopwatch_18xx_43xx.o
                              0x174b5 (size before relaxing)
 .debug_str     0x00020f88        0x0 out/../../libs/lpc_open/lpc_chip_43xx/src/sysinit_18xx_43xx.o
                              0x1767c (size before relaxing)
 .debug_str     0x00020f88        0x0 out/../../libs/lpc_open/lpc_chip_43xx/src/timer_18xx_43xx.o
                              0x16e87 (size before relaxing)
 .debug_str     0x00020f88        0x0 out/../../libs/lpc_open/lpc_chip_43xx/src/uart_18xx_43xx.o
                              0x1783c (size before relaxing)
 .debug_str     0x00020f88        0x0 out/../../libs/lpc_open/lpc_chip_43xx/src/wwdt_18xx_43xx.o
                              0x169a0 (size before relaxing)
 .debug_str     0x00020f88        0x0 /usr/lib/gcc/arm-none-eabi/16.1.0/thumb/v7e-m+fp/hard/libgcc.a(_aeabi_uldivmod.o)
                                 0x9e (size before relaxing)
 .debug_str     0x00020f88        0x0 /usr/lib/gcc/arm-none-eabi/16.1.0/thumb/v7e-m+fp/hard/libgcc.a(_udivmoddi4.o)
                                0x697 (size before relaxing)
 .debug_str     0x00020f88        0x0 /usr/lib/gcc/arm-none-eabi/16.1.0/thumb/v7e-m+fp/hard/libgcc.a(_dvmd_tls.o)
                                 0xbe (size before relaxing)
 .debug_str     0x00020f88        0x0 /usr/lib/gcc/arm-none-eabi/16.1.0/../../../../arm-none-eabi/lib/thumb/v7e-m+fp/hard/libc_nano.a(libc_a-memset.o)
                                0x1bf (size before relaxing)
 .debug_str     0x00020f88        0x0 /usr/lib/gcc/arm-none-eabi/16.1.0/../../../../arm-none-eabi/lib/thumb/v7e-m+fp/hard/libc_nano.a(libc_a-memcpy-stub.o)
                                0x1dd (size before relaxing)

.comment        0x00000000       0x1e
 .comment       0x00000000       0x1e out/../../libs/startup/src/startup.o
                                 0x1f (size before relaxing)
 .comment       0x0000001e        0x0 out/Core/Src/main.o
                                 0x1f (size before relaxing)
 .comment       0x0000001e        0x0 out/../../libs/custom_drivers/ciaa_board/ciaa_board.o
                                 0x1f (size before relaxing)
 .comment       0x0000001e        0x0 out/../../libs/custom_drivers/sys_core/sys_core.o
                                 0x1f (size before relaxing)
 .comment       0x0000001e        0x0 out/../../libs/custom_drivers/gpio/gpio.o
                                 0x1f (size before relaxing)
 .comment       0x0000001e        0x0 out/../../libs/custom_drivers/systick/systick.o
                                 0x1f (size before relaxing)
 .comment       0x0000001e        0x0 out/../../libs/lpc_open/lpc_chip_43xx/src/adc_18xx_43xx.o
                                 0x1f (size before relaxing)
 .comment       0x0000001e        0x0 out/../../libs/lpc_open/lpc_chip_43xx/src/aes_18xx_43xx.o
                                 0x1f (size before relaxing)
 .comment       0x0000001e        0x0 out/../../libs/lpc_open/lpc_chip_43xx/src/atimer_18xx_43xx.o
                                 0x1f (size before relaxing)
 .comment       0x0000001e        0x0 out/../../libs/lpc_open/lpc_chip_43xx/src/ccan_18xx_43xx.o
                                 0x1f (size before relaxing)
 .comment       0x0000001e        0x0 out/../../libs/lpc_open/lpc_chip_43xx/src/chip_18xx_43xx.o
                                 0x1f (size before relaxing)
 .comment       0x0000001e        0x0 out/../../libs/lpc_open/lpc_chip_43xx/src/clock_18xx_43xx.o
                                 0x1f (size before relaxing)
 .comment       0x0000001e        0x0 out/../../libs/lpc_open/lpc_chip_43xx/src/dac_18xx_43xx.o
                                 0x1f (size before relaxing)
 .comment       0x0000001e        0x0 out/../../libs/lpc_open/lpc_chip_43xx/src/eeprom_18xx_43xx.o
                                 0x1f (size before relaxing)
 .comment       0x0000001e        0x0 out/../../libs/lpc_open/lpc_chip_43xx/src/emc_18xx_43xx.o
                                 0x1f (size before relaxing)
 .comment       0x0000001e        0x0 out/../../libs/lpc_open/lpc_chip_43xx/src/enet_18xx_43xx.o
                                 0x1f (size before relaxing)
 .comment       0x0000001e        0x0 out/../../libs/lpc_open/lpc_chip_43xx/src/evrt_18xx_43xx.o
                                 0x1f (size before relaxing)
 .comment       0x0000001e        0x0 out/../../libs/lpc_open/lpc_chip_43xx/src/gpdma_18xx_43xx.o
                                 0x1f (size before relaxing)
 .comment       0x0000001e        0x0 out/../../libs/lpc_open/lpc_chip_43xx/src/gpio_18xx_43xx.o
                                 0x1f (size before relaxing)
 .comment       0x0000001e        0x0 out/../../libs/lpc_open/lpc_chip_43xx/src/gpiogroup_18xx_43xx.o
                                 0x1f (size before relaxing)
 .comment       0x0000001e        0x0 out/../../libs/lpc_open/lpc_chip_43xx/src/i2c_18xx_43xx.o
                                 0x1f (size before relaxing)
 .comment       0x0000001e        0x0 out/../../libs/lpc_open/lpc_chip_43xx/src/i2cm_18xx_43xx.o
                                 0x1f (size before relaxing)
 .comment       0x0000001e        0x0 out/../../libs/lpc_open/lpc_chip_43xx/src/i2s_18xx_43xx.o
                                 0x1f (size before relaxing)
 .comment       0x0000001e        0x0 out/../../libs/lpc_open/lpc_chip_43xx/src/iap_18xx_43xx.o
                                 0x1f (size before relaxing)
 .comment       0x0000001e        0x0 out/../../libs/lpc_open/lpc_chip_43xx/src/lcd_18xx_43xx.o
                                 0x1f (size before relaxing)
 .comment       0x0000001e        0x0 out/../../libs/lpc_open/lpc_chip_43xx/src/otp_18xx_43xx.o
                                 0x1f (size before relaxing)
 .comment       0x0000001e        0x0 out/../../libs/lpc_open/lpc_chip_43xx/src/pinint_18xx_43xx.o
                                 0x1f (size before relaxing)
 .comment       0x0000001e        0x0 out/../../libs/lpc_open/lpc_chip_43xx/src/pmc_18xx_43xx.o
                                 0x1f (size before relaxing)
 .comment       0x0000001e        0x0 out/../../libs/lpc_open/lpc_chip_43xx/src/ring_buffer.o
                                 0x1f (size before relaxing)
 .comment       0x0000001e        0x0 out/../../libs/lpc_open/lpc_chip_43xx/src/ritimer_18xx_43xx.o
                                 0x1f (size before relaxing)
 .comment       0x0000001e        0x0 out/../../libs/lpc_open/lpc_chip_43xx/src/rtc_18xx_43xx.o
                                 0x1f (size before relaxing)
 .comment       0x0000001e        0x0 out/../../libs/lpc_open/lpc_chip_43xx/src/sct_18xx_43xx.o
                                 0x1f (size before relaxing)
 .comment       0x0000001e        0x0 out/../../libs/lpc_open/lpc_chip_43xx/src/sct_pwm_18xx_43xx.o
                                 0x1f (size before relaxing)
 .comment       0x0000001e        0x0 out/../../libs/lpc_open/lpc_chip_43xx/src/sdif_18xx_43xx.o
                                 0x1f (size before relaxing)
 .comment       0x0000001e        0x0 out/../../libs/lpc_open/lpc_chip_43xx/src/sdio_18xx_43xx.o
                                 0x1f (size before relaxing)
 .comment       0x0000001e        0x0 out/../../libs/lpc_open/lpc_chip_43xx/src/sdmmc_18xx_43xx.o
                                 0x1f (size before relaxing)
 .comment       0x0000001e        0x0 out/../../libs/lpc_open/lpc_chip_43xx/src/spi_18xx_43xx.o
                                 0x1f (size before relaxing)
 .comment       0x0000001e        0x0 out/../../libs/lpc_open/lpc_chip_43xx/src/ssp_18xx_43xx.o
                                 0x1f (size before relaxing)
 .comment       0x0000001e        0x0 out/../../libs/lpc_open/lpc_chip_43xx/src/stopwatch_18xx_43xx.o
                                 0x1f (size before relaxing)
 .comment       0x0000001e        0x0 out/../../libs/lpc_open/lpc_chip_43xx/src/sysinit_18xx_43xx.o
                                 0x1f (size before relaxing)
 .comment       0x0000001e        0x0 out/../../libs/lpc_open/lpc_chip_43xx/src/timer_18xx_43xx.o
                                 0x1f (size before relaxing)
 .comment       0x0000001e        0x0 out/../../libs/lpc_open/lpc_chip_43xx/src/uart_18xx_43xx.o
                                 0x1f (size before relaxing)
 .comment       0x0000001e        0x0 out/../../libs/lpc_open/lpc_chip_43xx/src/wwdt_18xx_43xx.o
                                 0x1f (size before relaxing)
 .comment       0x0000001e        0x0 /usr/lib/gcc/arm-none-eabi/16.1.0/thumb/v7e-m+fp/hard/libgcc.a(_udivmoddi4.o)
                                 0x1f (size before relaxing)
 .comment       0x0000001e        0x0 /usr/lib/gcc/arm-none-eabi/16.1.0/../../../../arm-none-eabi/lib/thumb/v7e-m+fp/hard/libc_nano.a(libc_a-memset.o)
                                 0x1f (size before relaxing)
 .comment       0x0000001e        0x0 /usr/lib/gcc/arm-none-eabi/16.1.0/../../../../arm-none-eabi/lib/thumb/v7e-m+fp/hard/libc_nano.a(libc_a-memcpy-stub.o)
                                 0x1f (size before relaxing)

.ARM.attributes
                0x00000000       0x34
 .ARM.attributes
                0x00000000       0x34 out/../../libs/startup/src/startup.o
 .ARM.attributes
                0x00000034       0x34 out/Core/Src/main.o
 .ARM.attributes
                0x00000068       0x34 out/../../libs/custom_drivers/ciaa_board/ciaa_board.o
 .ARM.attributes
                0x0000009c       0x34 out/../../libs/custom_drivers/sys_core/sys_core.o
 .ARM.attributes
                0x000000d0       0x34 out/../../libs/custom_drivers/gpio/gpio.o
 .ARM.attributes
                0x00000104       0x34 out/../../libs/custom_drivers/systick/systick.o
 .ARM.attributes
                0x00000138       0x34 out/../../libs/lpc_open/lpc_chip_43xx/src/adc_18xx_43xx.o
 .ARM.attributes
                0x0000016c       0x34 out/../../libs/lpc_open/lpc_chip_43xx/src/aes_18xx_43xx.o
 .ARM.attributes
                0x000001a0       0x34 out/../../libs/lpc_open/lpc_chip_43xx/src/atimer_18xx_43xx.o
 .ARM.attributes
                0x000001d4       0x34 out/../../libs/lpc_open/lpc_chip_43xx/src/ccan_18xx_43xx.o
 .ARM.attributes
                0x00000208       0x34 out/../../libs/lpc_open/lpc_chip_43xx/src/chip_18xx_43xx.o
 .ARM.attributes
                0x0000023c       0x34 out/../../libs/lpc_open/lpc_chip_43xx/src/clock_18xx_43xx.o
 .ARM.attributes
                0x00000270       0x34 out/../../libs/lpc_open/lpc_chip_43xx/src/dac_18xx_43xx.o
 .ARM.attributes
                0x000002a4       0x34 out/../../libs/lpc_open/lpc_chip_43xx/src/eeprom_18xx_43xx.o
 .ARM.attributes
                0x000002d8       0x34 out/../../libs/lpc_open/lpc_chip_43xx/src/emc_18xx_43xx.o
 .ARM.attributes
                0x0000030c       0x34 out/../../libs/lpc_open/lpc_chip_43xx/src/enet_18xx_43xx.o
 .ARM.attributes
                0x00000340       0x34 out/../../libs/lpc_open/lpc_chip_43xx/src/evrt_18xx_43xx.o
 .ARM.attributes
                0x00000374       0x34 out/../../libs/lpc_open/lpc_chip_43xx/src/gpdma_18xx_43xx.o
 .ARM.attributes
                0x000003a8       0x34 out/../../libs/lpc_open/lpc_chip_43xx/src/gpio_18xx_43xx.o
 .ARM.attributes
                0x000003dc       0x34 out/../../libs/lpc_open/lpc_chip_43xx/src/gpiogroup_18xx_43xx.o
 .ARM.attributes
                0x00000410       0x34 out/../../libs/lpc_open/lpc_chip_43xx/src/i2c_18xx_43xx.o
 .ARM.attributes
                0x00000444       0x34 out/../../libs/lpc_open/lpc_chip_43xx/src/i2cm_18xx_43xx.o
 .ARM.attributes
                0x00000478       0x34 out/../../libs/lpc_open/lpc_chip_43xx/src/i2s_18xx_43xx.o
 .ARM.attributes
                0x000004ac       0x34 out/../../libs/lpc_open/lpc_chip_43xx/src/iap_18xx_43xx.o
 .ARM.attributes
                0x000004e0       0x34 out/../../libs/lpc_open/lpc_chip_43xx/src/lcd_18xx_43xx.o
 .ARM.attributes
                0x00000514       0x34 out/../../libs/lpc_open/lpc_chip_43xx/src/otp_18xx_43xx.o
 .ARM.attributes
                0x00000548       0x34 out/../../libs/lpc_open/lpc_chip_43xx/src/pinint_18xx_43xx.o
 .ARM.attributes
                0x0000057c       0x34 out/../../libs/lpc_open/lpc_chip_43xx/src/pmc_18xx_43xx.o
 .ARM.attributes
                0x000005b0       0x34 out/../../libs/lpc_open/lpc_chip_43xx/src/ring_buffer.o
 .ARM.attributes
                0x000005e4       0x34 out/../../libs/lpc_open/lpc_chip_43xx/src/ritimer_18xx_43xx.o
 .ARM.attributes
                0x00000618       0x34 out/../../libs/lpc_open/lpc_chip_43xx/src/rtc_18xx_43xx.o
 .ARM.attributes
                0x0000064c       0x34 out/../../libs/lpc_open/lpc_chip_43xx/src/sct_18xx_43xx.o
 .ARM.attributes
                0x00000680       0x34 out/../../libs/lpc_open/lpc_chip_43xx/src/sct_pwm_18xx_43xx.o
 .ARM.attributes
                0x000006b4       0x34 out/../../libs/lpc_open/lpc_chip_43xx/src/sdif_18xx_43xx.o
 .ARM.attributes
                0x000006e8       0x34 out/../../libs/lpc_open/lpc_chip_43xx/src/sdio_18xx_43xx.o
 .ARM.attributes
                0x0000071c       0x34 out/../../libs/lpc_open/lpc_chip_43xx/src/sdmmc_18xx_43xx.o
 .ARM.attributes
                0x00000750       0x34 out/../../libs/lpc_open/lpc_chip_43xx/src/spi_18xx_43xx.o
 .ARM.attributes
                0x00000784       0x34 out/../../libs/lpc_open/lpc_chip_43xx/src/ssp_18xx_43xx.o
 .ARM.attributes
                0x000007b8       0x34 out/../../libs/lpc_open/lpc_chip_43xx/src/stopwatch_18xx_43xx.o
 .ARM.attributes
                0x000007ec       0x34 out/../../libs/lpc_open/lpc_chip_43xx/src/sysinit_18xx_43xx.o
 .ARM.attributes
                0x00000820       0x34 out/../../libs/lpc_open/lpc_chip_43xx/src/timer_18xx_43xx.o
 .ARM.attributes
                0x00000854       0x34 out/../../libs/lpc_open/lpc_chip_43xx/src/uart_18xx_43xx.o
 .ARM.attributes
                0x00000888       0x34 out/../../libs/lpc_open/lpc_chip_43xx/src/wwdt_18xx_43xx.o
 .ARM.attributes
                0x000008bc       0x22 /usr/lib/gcc/arm-none-eabi/16.1.0/thumb/v7e-m+fp/hard/libgcc.a(_aeabi_uldivmod.o)
 .ARM.attributes
                0x000008de       0x34 /usr/lib/gcc/arm-none-eabi/16.1.0/thumb/v7e-m+fp/hard/libgcc.a(_udivmoddi4.o)
 .ARM.attributes
                0x00000912       0x22 /usr/lib/gcc/arm-none-eabi/16.1.0/thumb/v7e-m+fp/hard/libgcc.a(_dvmd_tls.o)
 .ARM.attributes